Change Component Designator: Old Designator=C3 New Designator=C7
Change Component Designator: Old Designator=C6 New Designator=C9
Change Component Designator: Old Designator=C7 New Designator=C8
Change Component Designator: Old Designator=C8 New Designator=C3
Change Component Designator: Old Designator=C9 New Designator=C10
Change Component Designator: Old Designator=C10 New Designator=C6
Change Component Designator: Old Designator=DA3 New Designator=DA4
Change Component Designator: Old Designator=DA3 New Designator=DA4
Change Component Designator: Old Designator=DA3 New Designator=DA4
Change Component Designator: Old Designator=DA4 New Designator=DA5
Change Component Designator: Old Designator=DA4 New Designator=DA5
Change Component Designator: Old Designator=DA4 New Designator=DA5
Change Component Designator: Old Designator=DA5 New Designator=DA3
Change Component Designator: Old Designator=DA5 New Designator=DA3
Change Component Designator: Old Designator=DA5 New Designator=DA3
Change Component Designator: Old Designator=R3 New Designator=R13
Change Component Designator: Old Designator=R6 New Designator=R16
Change Component Designator: Old Designator=R9 New Designator=R18
Change Component Designator: Old Designator=R12 New Designator=R20
Change Component Designator: Old Designator=R13 New Designator=R14
Change Component Designator: Old Designator=R14 New Designator=R3
Change Component Designator: Old Designator=R15 New Designator=R17
Change Component Designator: Old Designator=R16 New Designator=R6
Change Component Designator: Old Designator=R17 New Designator=R22
Change Component Designator: Old Designator=R18 New Designator=R19
Change Component Designator: Old Designator=R19 New Designator=R9
Change Component Designator: Old Designator=R20 New Designator=R21
Change Component Designator: Old Designator=R21 New Designator=R12
Change Component Designator: Old Designator=R22 New Designator=R15
Change Component Designator: Old Designator=VD3 New Designator=VD4
Change Component Designator: Old Designator=VD4 New Designator=VD5
Change Component Designator: Old Designator=VD5 New Designator=VD3
Change Component Designator: Old Designator=VD6 New Designator=VD7
Change Component Designator: Old Designator=VD7 New Designator=VD6
Change Component Designator: Old Designator=VT1 New Designator=VT2
Change Component Designator: Old Designator=VT2 New Designator=VT1
Change Component Designator: Old Designator=XP? New Designator=XP1
