Added Component: Designator=C2(CAP: 0805)
Add component (AddParameter): Name = "Value"; Value = "2,1 ÏÍ‘"; VariantName = "[No Variations]"
Added Component: Designator=C5(CAP: 1206)
Add component (AddParameter): Name = "Value"; Value = "56 Ô‘"; VariantName = "[No Variations]"
Added Component: Designator=DA2(8-MSOP)
Added Component: Designator=R2(1206)
Add component (AddParameter): Name = "ModelPrint"; Value = "1206"; VariantName = "[No Variations]"
Add component (AddParameter): Name = "Value"; Value = "5,23 ÍŒÏ"; VariantName = "[No Variations]"
Added Component: Designator=R5(1206)
Add component (AddParameter): Name = "ModelPrint"; Value = "1206"; VariantName = "[No Variations]"
Add component (AddParameter): Name = "Value"; Value = "140 ŒÏ"; VariantName = "[No Variations]"
Added Component: Designator=R8(1206)
Add component (AddParameter): Name = "ModelPrint"; Value = "1206"; VariantName = "[No Variations]"
Add component (AddParameter): Name = "Value"; Value = "102 ŒÏ"; VariantName = "[No Variations]"
Added Component: Designator=R11(1206)
Add component (AddParameter): Name = "ModelPrint"; Value = "1206"; VariantName = "[No Variations]"
Add component (AddParameter): Name = "Value"; Value = "215 ŒÏ"; VariantName = "[No Variations]"
Added Component: Designator=VD2(SFH203)
Added Pin To Net: NetName=NetC2_1 Pin=C2-1
Added Pin To Net: NetName=NetC2_2 Pin=C2-2
Added Pin To Net: NetName=GND Pin=C5-1
Added Pin To Net: NetName=NetC5_2 Pin=C5-2
Added Pin To Net: NetName=NetC2_2 Pin=DA2-1
Added Pin To Net: NetName=NetC2_1 Pin=DA2-2
Added Pin To Net: NetName=GND Pin=DA2-3
Added Pin To Net: NetName=-5V Pin=DA2-4
Added Pin To Net: NetName=NetC5_2 Pin=DA2-5
Added Pin To Net: NetName=NetDA2_6 Pin=DA2-6
Added Pin To Net: NetName=NetDA2_6 Pin=DA2-6
Added Pin To Net: NetName=CLK_RgI Pin=DA2-7
Added Pin To Net: NetName=+5V Pin=DA2-8
Added Pin To Net: NetName=NetC2_1 Pin=R2-1
Added Pin To Net: NetName=NetC2_2 Pin=R2-2
Added Pin To Net: NetName=NetC2_2 Pin=R5-1
Added Pin To Net: NetName=NetC5_2 Pin=R5-2
Added Pin To Net: NetName=GND Pin=R8-1
Added Pin To Net: NetName=NetDA2_6 Pin=R8-2
Added Pin To Net: NetName=NetDA2_6 Pin=R11-1
Added Pin To Net: NetName=CLK_RgI Pin=R11-2
Added Pin To Net: NetName=GND Pin=VD2-1
Added Pin To Net: NetName=NetC2_1 Pin=VD2-2
Add Pin To Net: Unknown Pin: Pin XS1-1
Add Pin To Net: Unknown Pin: Pin XS1-2
Add Pin To Net: Unknown Pin: Pin XS1-3
Add Pin To Net: Unknown Pin: Pin XS1-4
Add Pin To Net: Unknown Pin: Pin XS1-5
Add Pin To Net: Unknown Pin: Pin XS1-6
Add Pin To Net: Unknown Pin: Pin XS1-7
Add Pin To Net: Unknown Pin: Pin XS1-8
Add Pin To Net: Unknown Pin: Pin XS1-9
Add Pin To Net: Unknown Pin: Pin XS1-10
Add Pin To Net: Unknown Pin: Pin XS1-11
Add Pin To Net: Unknown Pin: Pin XS1-12
Add Pin To Net: Unknown Pin: Pin XS1-13
Add Pin To Net: Unknown Pin: Pin XS1-14
Add Pin To Net: Unknown Pin: Pin XS1-15
Add Pin To Net: Unknown Pin: Pin XS1-16
Added Member To Class: ClassName=Isolated Interface Member=Component C2 0805-NP0-50 ¬-2,4 Ô‘-1%
Added Member To Class: ClassName=Isolated Interface Member=Component C5 1206-—0G-50 B-56 Ô‘+-1%
Added Member To Class: ClassName=Isolated Interface Member=Component DA2 ADA4807-2ARMZ
Added Member To Class: ClassName=Isolated Interface Member=Component R2 1206-5,23 ÍŒÏ+-1%
Added Member To Class: ClassName=Isolated Interface Member=Component R5 1206-140 ŒÏ+-1%
Added Member To Class: ClassName=Isolated Interface Member=Component R8 1206-102 ŒÏ+-1%
Added Member To Class: ClassName=Isolated Interface Member=Component R11 1206-215 ŒÏ+-1%
Added Member To Class: ClassName=Isolated Interface Member=Component VD2 SFH203
Add Class Member: Failed to add class member : Component XS1 IDC2-16
