Added Component: Designator=C1_1(CAP: 0805)
Add component (AddParameter): Name = "Value"; Value = "2,1 ÏÍ‘"; VariantName = "[No Variations]"
Added Component: Designator=C1_2(CAP: 0805)
Add component (AddParameter): Name = "Value"; Value = "2,1 ÏÍ‘"; VariantName = "[No Variations]"
Added Component: Designator=C1_3(CAP: 0805)
Add component (AddParameter): Name = "Value"; Value = "2,1 ÏÍ‘"; VariantName = "[No Variations]"
Added Component: Designator=C1_4(CAP: 0805)
Add component (AddParameter): Name = "Value"; Value = "2,1 ÏÍ‘"; VariantName = "[No Variations]"
Added Component: Designator=C1_5(CAP: 0805)
Add component (AddParameter): Name = "Value"; Value = "2,1 ÏÍ‘"; VariantName = "[No Variations]"
Added Component: Designator=C2_1(CAP: 1206)
Add component (AddParameter): Name = "Value"; Value = "56 Ô‘"; VariantName = "[No Variations]"
Added Component: Designator=C2_2(CAP: 1206)
Add component (AddParameter): Name = "Value"; Value = "56 Ô‘"; VariantName = "[No Variations]"
Added Component: Designator=C2_3(CAP: 1206)
Add component (AddParameter): Name = "Value"; Value = "56 Ô‘"; VariantName = "[No Variations]"
Added Component: Designator=C2_4(CAP: 1206)
Add component (AddParameter): Name = "Value"; Value = "56 Ô‘"; VariantName = "[No Variations]"
Added Component: Designator=C2_5(CAP: 1206)
Add component (AddParameter): Name = "Value"; Value = "56 Ô‘"; VariantName = "[No Variations]"
Added Component: Designator=DA1_1(8-MSOP)
Added Component: Designator=DA1_2(8-MSOP)
Added Component: Designator=DA1_3(8-MSOP)
Added Component: Designator=DA1_4(8-MSOP)
Added Component: Designator=DA1_5(8-MSOP)
Added Component: Designator=R1_1(1206)
Add component (AddParameter): Name = "ModelPrint"; Value = "1206"; VariantName = "[No Variations]"
Add component (AddParameter): Name = "Value"; Value = "5,23 ÍŒÏ"; VariantName = "[No Variations]"
Added Component: Designator=R1_2(1206)
Add component (AddParameter): Name = "ModelPrint"; Value = "1206"; VariantName = "[No Variations]"
Add component (AddParameter): Name = "Value"; Value = "5,23 ÍŒÏ"; VariantName = "[No Variations]"
Added Component: Designator=R1_3(1206)
Add component (AddParameter): Name = "ModelPrint"; Value = "1206"; VariantName = "[No Variations]"
Add component (AddParameter): Name = "Value"; Value = "5,23 ÍŒÏ"; VariantName = "[No Variations]"
Added Component: Designator=R1_4(1206)
Add component (AddParameter): Name = "ModelPrint"; Value = "1206"; VariantName = "[No Variations]"
Add component (AddParameter): Name = "Value"; Value = "5,23 ÍŒÏ"; VariantName = "[No Variations]"
Added Component: Designator=R1_5(1206)
Add component (AddParameter): Name = "ModelPrint"; Value = "1206"; VariantName = "[No Variations]"
Add component (AddParameter): Name = "Value"; Value = "5,23 ÍŒÏ"; VariantName = "[No Variations]"
Added Component: Designator=R2_1(1206)
Add component (AddParameter): Name = "ModelPrint"; Value = "1206"; VariantName = "[No Variations]"
Add component (AddParameter): Name = "Value"; Value = "140 ŒÏ"; VariantName = "[No Variations]"
Added Component: Designator=R2_2(1206)
Add component (AddParameter): Name = "ModelPrint"; Value = "1206"; VariantName = "[No Variations]"
Add component (AddParameter): Name = "Value"; Value = "140 ŒÏ"; VariantName = "[No Variations]"
Added Component: Designator=R2_3(1206)
Add component (AddParameter): Name = "ModelPrint"; Value = "1206"; VariantName = "[No Variations]"
Add component (AddParameter): Name = "Value"; Value = "140 ŒÏ"; VariantName = "[No Variations]"
Added Component: Designator=R2_4(1206)
Add component (AddParameter): Name = "ModelPrint"; Value = "1206"; VariantName = "[No Variations]"
Add component (AddParameter): Name = "Value"; Value = "140 ŒÏ"; VariantName = "[No Variations]"
Added Component: Designator=R2_5(1206)
Add component (AddParameter): Name = "ModelPrint"; Value = "1206"; VariantName = "[No Variations]"
Add component (AddParameter): Name = "Value"; Value = "140 ŒÏ"; VariantName = "[No Variations]"
Added Component: Designator=R3_1(1206)
Add component (AddParameter): Name = "ModelPrint"; Value = "1206"; VariantName = "[No Variations]"
Add component (AddParameter): Name = "Value"; Value = "102 ŒÏ"; VariantName = "[No Variations]"
Added Component: Designator=R3_2(1206)
Add component (AddParameter): Name = "ModelPrint"; Value = "1206"; VariantName = "[No Variations]"
Add component (AddParameter): Name = "Value"; Value = "102 ŒÏ"; VariantName = "[No Variations]"
Added Component: Designator=R3_3(1206)
Add component (AddParameter): Name = "ModelPrint"; Value = "1206"; VariantName = "[No Variations]"
Add component (AddParameter): Name = "Value"; Value = "102 ŒÏ"; VariantName = "[No Variations]"
Added Component: Designator=R3_4(1206)
Add component (AddParameter): Name = "ModelPrint"; Value = "1206"; VariantName = "[No Variations]"
Add component (AddParameter): Name = "Value"; Value = "102 ŒÏ"; VariantName = "[No Variations]"
Added Component: Designator=R3_5(1206)
Add component (AddParameter): Name = "ModelPrint"; Value = "1206"; VariantName = "[No Variations]"
Add component (AddParameter): Name = "Value"; Value = "102 ŒÏ"; VariantName = "[No Variations]"
Added Component: Designator=R4_1(1206)
Add component (AddParameter): Name = "ModelPrint"; Value = "1206"; VariantName = "[No Variations]"
Add component (AddParameter): Name = "Value"; Value = "215 ŒÏ"; VariantName = "[No Variations]"
Added Component: Designator=R4_2(1206)
Add component (AddParameter): Name = "ModelPrint"; Value = "1206"; VariantName = "[No Variations]"
Add component (AddParameter): Name = "Value"; Value = "215 ŒÏ"; VariantName = "[No Variations]"
Added Component: Designator=R4_3(1206)
Add component (AddParameter): Name = "ModelPrint"; Value = "1206"; VariantName = "[No Variations]"
Add component (AddParameter): Name = "Value"; Value = "215 ŒÏ"; VariantName = "[No Variations]"
Added Component: Designator=R4_4(1206)
Add component (AddParameter): Name = "ModelPrint"; Value = "1206"; VariantName = "[No Variations]"
Add component (AddParameter): Name = "Value"; Value = "215 ŒÏ"; VariantName = "[No Variations]"
Added Component: Designator=R4_5(1206)
Add component (AddParameter): Name = "ModelPrint"; Value = "1206"; VariantName = "[No Variations]"
Add component (AddParameter): Name = "Value"; Value = "215 ŒÏ"; VariantName = "[No Variations]"
Added Component: Designator=R5_1(1206)
Add component (AddParameter): Name = "ModelPrint"; Value = "1206"; VariantName = "[No Variations]"
Add component (AddParameter): Name = "Value"; Value = "30 ŒÏ"; VariantName = "[No Variations]"
Added Component: Designator=R5_2(1206)
Add component (AddParameter): Name = "ModelPrint"; Value = "1206"; VariantName = "[No Variations]"
Add component (AddParameter): Name = "Value"; Value = "30 ŒÏ"; VariantName = "[No Variations]"
Added Component: Designator=VD1_1(SFH203)
Added Component: Designator=VD1_2(SFH203)
Added Component: Designator=VD1_3(SFH203)
Added Component: Designator=VD1_4(SFH203)
Added Component: Designator=VD1_5(SFH203)
Added Component: Designator=VD2_1(VSMY2853G)
Added Component: Designator=VD2_2(VSMY2853G)
Added Component: Designator=VT1_1(SOT-23-3)
Added Component: Designator=VT1_2(SOT-23-3)
Added Pin To Net: NetName=DAT_RgI Pin=DA1_1-7
Added Pin To Net: NetName=+5V Pin=DA1_1-8
Added Pin To Net: NetName=CLK_ADI Pin=DA1_2-7
Added Pin To Net: NetName=+5V Pin=DA1_2-8
Added Pin To Net: NetName=RUN_ADI Pin=DA1_3-7
Added Pin To Net: NetName=+5V Pin=DA1_3-8
Added Pin To Net: NetName=ENb_RgI Pin=DA1_4-7
Added Pin To Net: NetName=+5V Pin=DA1_4-8
Added Pin To Net: NetName=CLK_RgI Pin=DA1_5-7
Added Pin To Net: NetName=+5V Pin=DA1_5-8
Added Pin To Net: NetName=DAT_RgI Pin=R4_1-2
Added Pin To Net: NetName=CLK_ADI Pin=R4_2-2
Added Pin To Net: NetName=RUN_ADI Pin=R4_3-2
Added Pin To Net: NetName=ENb_RgI Pin=R4_4-2
Added Pin To Net: NetName=CLK_RgI Pin=R4_5-2
Added Pin To Net: NetName=+5Vn Pin=R5_1-2
Added Pin To Net: NetName=+5Vn Pin=R5_2-2
Added Pin To Net: NetName=OVLI,1 Pin=VT1_1-1
Added Pin To Net: NetName=DAT_ADI Pin=VT1_2-1
Add Pin To Net: Unknown Pin: Pin XS1-1
Add Pin To Net: Unknown Pin: Pin XS1-2
Add Pin To Net: Unknown Pin: Pin XS1-3
Add Pin To Net: Unknown Pin: Pin XS1-4
Add Pin To Net: Unknown Pin: Pin XS1-5
Add Pin To Net: Unknown Pin: Pin XS1-6
Add Pin To Net: Unknown Pin: Pin XS1-7
Add Pin To Net: Unknown Pin: Pin XS1-8
Add Pin To Net: Unknown Pin: Pin XS1-9
Add Pin To Net: Unknown Pin: Pin XS1-10
Add Pin To Net: Unknown Pin: Pin XS1-11
Add Pin To Net: Unknown Pin: Pin XS1-12
Add Pin To Net: Unknown Pin: Pin XS1-13
Add Pin To Net: Unknown Pin: Pin XS1-14
Add Pin To Net: Unknown Pin: Pin XS1-15
Add Pin To Net: Unknown Pin: Pin XS1-16
Add Net: Net with name "GND" already exists
Added Pin To Net: NetName=NetC1_1_1 Pin=C1_1-1
Added Pin To Net: NetName=NetC1_1_1 Pin=DA1_1-2
Added Pin To Net: NetName=NetC1_1_1 Pin=R1_1-1
Added Pin To Net: NetName=NetC1_1_1 Pin=VD1_1-2
Added Net: Name=NetC1_1_1
Added Pin To Net: NetName=NetC1_1_2 Pin=C1_1-2
Added Pin To Net: NetName=NetC1_1_2 Pin=DA1_1-1
Added Pin To Net: NetName=NetC1_1_2 Pin=R1_1-2
Added Pin To Net: NetName=NetC1_1_2 Pin=R2_1-1
Added Net: Name=NetC1_1_2
Added Pin To Net: NetName=NetC1_2_1 Pin=C1_2-1
Added Pin To Net: NetName=NetC1_2_1 Pin=DA1_2-2
Added Pin To Net: NetName=NetC1_2_1 Pin=R1_2-1
Added Pin To Net: NetName=NetC1_2_1 Pin=VD1_2-2
Added Net: Name=NetC1_2_1
Added Pin To Net: NetName=NetC1_2_2 Pin=C1_2-2
Added Pin To Net: NetName=NetC1_2_2 Pin=DA1_2-1
Added Pin To Net: NetName=NetC1_2_2 Pin=R1_2-2
Added Pin To Net: NetName=NetC1_2_2 Pin=R2_2-1
Added Net: Name=NetC1_2_2
Added Pin To Net: NetName=NetC1_3_1 Pin=C1_3-1
Added Pin To Net: NetName=NetC1_3_1 Pin=DA1_3-2
Added Pin To Net: NetName=NetC1_3_1 Pin=R1_3-1
Added Pin To Net: NetName=NetC1_3_1 Pin=VD1_3-2
Added Net: Name=NetC1_3_1
Added Pin To Net: NetName=NetC1_3_2 Pin=C1_3-2
Added Pin To Net: NetName=NetC1_3_2 Pin=DA1_3-1
Added Pin To Net: NetName=NetC1_3_2 Pin=R1_3-2
Added Pin To Net: NetName=NetC1_3_2 Pin=R2_3-1
Added Net: Name=NetC1_3_2
Added Pin To Net: NetName=NetC1_4_1 Pin=C1_4-1
Added Pin To Net: NetName=NetC1_4_1 Pin=DA1_4-2
Added Pin To Net: NetName=NetC1_4_1 Pin=R1_4-1
Added Pin To Net: NetName=NetC1_4_1 Pin=VD1_4-2
Added Net: Name=NetC1_4_1
Added Pin To Net: NetName=NetC1_4_2 Pin=C1_4-2
Added Pin To Net: NetName=NetC1_4_2 Pin=DA1_4-1
Added Pin To Net: NetName=NetC1_4_2 Pin=R1_4-2
Added Pin To Net: NetName=NetC1_4_2 Pin=R2_4-1
Added Net: Name=NetC1_4_2
Added Pin To Net: NetName=NetC1_5_1 Pin=C1_5-1
Added Pin To Net: NetName=NetC1_5_1 Pin=DA1_5-2
Added Pin To Net: NetName=NetC1_5_1 Pin=R1_5-1
Added Pin To Net: NetName=NetC1_5_1 Pin=VD1_5-2
Added Net: Name=NetC1_5_1
Added Pin To Net: NetName=NetC1_5_2 Pin=C1_5-2
Added Pin To Net: NetName=NetC1_5_2 Pin=DA1_5-1
Added Pin To Net: NetName=NetC1_5_2 Pin=R1_5-2
Added Pin To Net: NetName=NetC1_5_2 Pin=R2_5-1
Added Net: Name=NetC1_5_2
Added Pin To Net: NetName=NetC2_1_2 Pin=C2_1-2
Added Pin To Net: NetName=NetC2_1_2 Pin=DA1_1-5
Added Pin To Net: NetName=NetC2_1_2 Pin=R2_1-2
Added Net: Name=NetC2_1_2
Added Pin To Net: NetName=NetC2_2_2 Pin=C2_2-2
Added Pin To Net: NetName=NetC2_2_2 Pin=DA1_2-5
Added Pin To Net: NetName=NetC2_2_2 Pin=R2_2-2
Added Net: Name=NetC2_2_2
Added Pin To Net: NetName=NetC2_3_2 Pin=C2_3-2
Added Pin To Net: NetName=NetC2_3_2 Pin=DA1_3-5
Added Pin To Net: NetName=NetC2_3_2 Pin=R2_3-2
Added Net: Name=NetC2_3_2
Added Pin To Net: NetName=NetC2_4_2 Pin=C2_4-2
Added Pin To Net: NetName=NetC2_4_2 Pin=DA1_4-5
Added Pin To Net: NetName=NetC2_4_2 Pin=R2_4-2
Added Net: Name=NetC2_4_2
Added Pin To Net: NetName=NetC2_5_2 Pin=C2_5-2
Added Pin To Net: NetName=NetC2_5_2 Pin=DA1_5-5
Added Pin To Net: NetName=NetC2_5_2 Pin=R2_5-2
Added Net: Name=NetC2_5_2
Added Pin To Net: NetName=NetDA1_1_6 Pin=DA1_1-6
Added Pin To Net: NetName=NetDA1_1_6 Pin=DA1_1-6
Added Pin To Net: NetName=NetDA1_1_6 Pin=R3_1-2
Added Pin To Net: NetName=NetDA1_1_6 Pin=R4_1-1
Added Net: Name=NetDA1_1_6
Added Pin To Net: NetName=NetDA1_2_6 Pin=DA1_2-6
Added Pin To Net: NetName=NetDA1_2_6 Pin=DA1_2-6
Added Pin To Net: NetName=NetDA1_2_6 Pin=R3_2-2
Added Pin To Net: NetName=NetDA1_2_6 Pin=R4_2-1
Added Net: Name=NetDA1_2_6
Added Pin To Net: NetName=NetDA1_3_6 Pin=DA1_3-6
Added Pin To Net: NetName=NetDA1_3_6 Pin=DA1_3-6
Added Pin To Net: NetName=NetDA1_3_6 Pin=R3_3-2
Added Pin To Net: NetName=NetDA1_3_6 Pin=R4_3-1
Added Net: Name=NetDA1_3_6
Added Pin To Net: NetName=NetDA1_4_6 Pin=DA1_4-6
Added Pin To Net: NetName=NetDA1_4_6 Pin=DA1_4-6
Added Pin To Net: NetName=NetDA1_4_6 Pin=R3_4-2
Added Pin To Net: NetName=NetDA1_4_6 Pin=R4_4-1
Added Net: Name=NetDA1_4_6
Added Pin To Net: NetName=NetDA1_5_6 Pin=DA1_5-6
Added Pin To Net: NetName=NetDA1_5_6 Pin=DA1_5-6
Added Pin To Net: NetName=NetDA1_5_6 Pin=R3_5-2
Added Pin To Net: NetName=NetDA1_5_6 Pin=R4_5-1
Added Net: Name=NetDA1_5_6
Added Pin To Net: NetName=NetR5_1_1 Pin=R5_1-1
Added Pin To Net: NetName=NetR5_1_1 Pin=VD2_1-1
Added Net: Name=NetR5_1_1
Added Pin To Net: NetName=NetR5_2_1 Pin=R5_2-1
Added Pin To Net: NetName=NetR5_2_1 Pin=VD2_2-1
Added Net: Name=NetR5_2_1
Added Pin To Net: NetName=NetVD2_1_2 Pin=VD2_1-2
Added Pin To Net: NetName=NetVD2_1_2 Pin=VT1_1-3
Added Net: Name=NetVD2_1_2
Added Pin To Net: NetName=NetVD2_2_2 Pin=VD2_2-2
Added Pin To Net: NetName=NetVD2_2_2 Pin=VT1_2-3
Added Net: Name=NetVD2_2_2
Added Class: Name=Main
Added Class: Name=U_TIA1
Added Class: Name=U_TIA2
Added Class: Name=U_TIA3
Added Class: Name=U_TIA4
Added Class: Name=U_TIA5
Added Class: Name=U_Transmitter1
Added Class: Name=U_Transmitter2
Added Class: Name=TIA
Added Class: Name=Transmitter
Added Room: Name=U_TIA1
Added Room: Name=U_TIA2
Added Room: Name=U_TIA3
Added Room: Name=U_TIA4
Added Room: Name=U_TIA5
