Add Pin To Net: Unknown Pin: Pin XS1-1
Add Pin To Net: Unknown Pin: Pin XS1-2
Add Pin To Net: Unknown Pin: Pin XS1-3
Add Pin To Net: Unknown Pin: Pin XS1-4
Add Pin To Net: Unknown Pin: Pin XS1-5
Add Pin To Net: Unknown Pin: Pin XS1-6
Add Pin To Net: Unknown Pin: Pin XS1-7
Add Pin To Net: Unknown Pin: Pin XS1-8
Add Pin To Net: Unknown Pin: Pin XS1-9
Add Pin To Net: Unknown Pin: Pin XS1-10
Add Pin To Net: Unknown Pin: Pin XS1-11
Add Pin To Net: Unknown Pin: Pin XS1-12
Add Pin To Net: Unknown Pin: Pin XS1-13
Add Pin To Net: Unknown Pin: Pin XS1-14
Add Pin To Net: Unknown Pin: Pin XS1-15
Add Pin To Net: Unknown Pin: Pin XS1-16
Added Member To Class: ClassName=Isolated Interface Member=Component C3 0805-NP0-50 Â-2,4 ïÔ-1%
Added Member To Class: ClassName=Isolated Interface Member=Component C7 0805-NP0-50 Â-2,4 ïÔ-1%
Added Member To Class: ClassName=Isolated Interface Member=Component C9 1206-Ñ0G-50 B-56 ïÔ+-1%
Added Member To Class: ClassName=Isolated Interface Member=Component DA5 ADA4807-2ARMZ
Added Member To Class: ClassName=Isolated Interface Member=Component R9 1206-102 Îì+-1%
Added Member To Class: ClassName=Isolated Interface Member=Component R13 1206-5,23 êÎì+-1%
Added Member To Class: ClassName=Isolated Interface Member=Component R14 1206-5,23 êÎì+-1%
Added Member To Class: ClassName=Isolated Interface Member=Component R16 1206-140 Îì+-1%
Added Member To Class: ClassName=Isolated Interface Member=Component R19 1206-102 Îì+-1%
Added Member To Class: ClassName=Isolated Interface Member=Component R20 1206-215 Îì+-1%
Added Member To Class: ClassName=Isolated Interface Member=Component R21 1206-215 Îì+-1%
Added Member To Class: ClassName=Isolated Interface Member=Component R22 1206-30 Îì+-5%
Added Member To Class: ClassName=Isolated Interface Member=Component VD1 SFH203
Added Member To Class: ClassName=Isolated Interface Member=Component VD4 SFH203
Added Member To Class: ClassName=Isolated Interface Member=Component VD5 SFH203
Added Member To Class: ClassName=Isolated Interface Member=Component VD6 VSMY2853RG
Added Member To Class: ClassName=Isolated Interface Member=Component VT2 BSS138BK
Add Class Member: Failed to add class member : Component XS1 IDC2-16
