Removed Pin From Net: NetName=-5V Pin=XP?-1
Removed Pin From Net: NetName=CLK_RgI Pin=XP?-3
Removed Pin From Net: NetName=ENb_RgI Pin=XP?-4
Removed Pin From Net: NetName=+5V Pin=XP?-5
Removed Pin From Net: NetName=DAT_ADI Pin=XP?-6
Removed Pin From Net: NetName=CLK_ADI Pin=XP?-7
Removed Pin From Net: NetName=RUN_ADI Pin=XP?-8
Removed Pin From Net: NetName=OVLI,1 Pin=XP?-9
Removed Pin From Net: NetName=GND Pin=XP?-10
Change Component Designator: OldDesignator=C3 NewDesignator=C7
Change Component Designator: OldDesignator=C6 NewDesignator=C9
Change Component Designator: OldDesignator=C7 NewDesignator=C8
Change Component Designator: OldDesignator=C8 NewDesignator=C3
Change Component Designator: OldDesignator=C9 NewDesignator=C10
Change Component Designator: OldDesignator=C10 NewDesignator=C6
Change Component Designator: OldDesignator=DA3 NewDesignator=DA4
Change Component Designator: OldDesignator=DA4 NewDesignator=DA5
Change Component Designator: OldDesignator=DA5 NewDesignator=DA3
Change Component Designator: OldDesignator=R3 NewDesignator=R13
Change Component Designator: OldDesignator=R6 NewDesignator=R16
Change Component Designator: OldDesignator=R9 NewDesignator=R18
Change Component Designator: OldDesignator=R12 NewDesignator=R20
Change Component Designator: OldDesignator=R13 NewDesignator=R14
Change Component Designator: OldDesignator=R14 NewDesignator=R3
Change Component Designator: OldDesignator=R15 NewDesignator=R17
Change Component Designator: OldDesignator=R16 NewDesignator=R6
Change Component Designator: OldDesignator=R17 NewDesignator=R22
Change Component Designator: OldDesignator=R18 NewDesignator=R19
Change Component Designator: OldDesignator=R19 NewDesignator=R9
Change Component Designator: OldDesignator=R20 NewDesignator=R21
Change Component Designator: OldDesignator=R21 NewDesignator=R12
Change Component Designator: OldDesignator=R22 NewDesignator=R15
Change Component Designator: OldDesignator=VD3 NewDesignator=VD4
Change Component Designator: OldDesignator=VD4 NewDesignator=VD5
Change Component Designator: OldDesignator=VD5 NewDesignator=VD3
Change Component Designator: OldDesignator=VD6 NewDesignator=VD7
Change Component Designator: OldDesignator=VD7 NewDesignator=VD6
Change Component Designator: OldDesignator=VT1 NewDesignator=VT2
Change Component Designator: OldDesignator=VT2 NewDesignator=VT1
Change Component Designator: OldDesignator=XP? NewDesignator=XP1
Added Pin To Net: NetName=GND Pin=XP1-3
Added Pin To Net: NetName=CLK_RgI Pin=XP1-4
Added Pin To Net: NetName=GND Pin=XP1-5
Added Pin To Net: NetName=ENb_RgI Pin=XP1-6
Added Pin To Net: NetName=OVLI,1 Pin=XP1-8
Added Pin To Net: NetName=DAT_ADI Pin=XP1-10
Added Pin To Net: NetName=GND Pin=XP1-11
Added Pin To Net: NetName=CLK_ADI Pin=XP1-12
Added Pin To Net: NetName=GND Pin=XP1-13
Added Pin To Net: NetName=RUN_ADI Pin=XP1-14
Add Pin To Net: Unknown Pin: Pin XS1-2
Add Pin To Net: Unknown Pin: Pin XS1-3
Add Pin To Net: Unknown Pin: Pin XS1-4
Add Pin To Net: Unknown Pin: Pin XS1-5
Add Pin To Net: Unknown Pin: Pin XS1-6
Add Pin To Net: Unknown Pin: Pin XS1-8
Add Pin To Net: Unknown Pin: Pin XS1-10
Add Pin To Net: Unknown Pin: Pin XS1-11
Add Pin To Net: Unknown Pin: Pin XS1-12
Add Pin To Net: Unknown Pin: Pin XS1-13
Add Pin To Net: Unknown Pin: Pin XS1-14
Change Net Name : Old Net Name=NetC3_1 New Net Name=NetC7_1
Change Net Name : Old Net Name=NetC3_2 New Net Name=NetC7_2
Change Net Name : Old Net Name=NetC6_2 New Net Name=NetC9_2
Change Net Name : Old Net Name=NetC7_1 New Net Name=NetC8_1
Change Net Name : Old Net Name=NetC7_2 New Net Name=NetC8_2
Change Net Name : Old Net Name=NetC8_1 New Net Name=NetC3_1
Change Net Name : Old Net Name=NetC8_2 New Net Name=NetC3_2
Change Net Name : Old Net Name=NetC9_2 New Net Name=NetC10_2
Change Net Name : Old Net Name=NetC10_2 New Net Name=NetC6_2
Change Net Name : Old Net Name=NetDA3_6 New Net Name=NetDA4_6
Change Net Name : Old Net Name=NetDA4_6 New Net Name=NetDA5_6
Change Net Name : Old Net Name=NetDA5_6 New Net Name=NetDA3_6
Change Net Name : Old Net Name=NetR17_1 New Net Name=NetR22_1
Change Net Name : Old Net Name=NetR22_1 New Net Name=NetR15_1
Change Net Name : Old Net Name=NetVD6_2 New Net Name=NetVD7_2
Change Net Name : Old Net Name=NetVD7_2 New Net Name=NetVD6_2
Added Pin To Net: NetName=+5.2V Pin=XP1-1
Added Pin To Net: NetName=+5.2V Pin=XP1-7
Added Net: Name=+5.2V
Added Pin To Net: NetName=-8V Pin=XP1-9
Added Pin To Net: NetName=-8V Pin=XP1-15
Added Net: Name=-8V
Added Pin To Net: NetName=NetXP1_16 Pin=XP1-16
Added Net: Name=NetXP1_16
Add Class Member: Failed to add class member : Component XS1 IDC2-16
