Removed Pin From Net: NetName=DAT_RgI Pin=DA1_1-7
Removed Pin From Net: NetName=CLK_ADI Pin=DA1_2-7
Removed Pin From Net: NetName=RUN_ADI Pin=DA1_3-7
Removed Pin From Net: NetName=ENb_RgI Pin=DA1_4-7
Removed Pin From Net: NetName=CLK_RgI Pin=DA1_5-7
Removed Pin From Net: NetName=DAT_RgI Pin=R4_1-2
Removed Pin From Net: NetName=CLK_ADI Pin=R4_2-2
Removed Pin From Net: NetName=RUN_ADI Pin=R4_3-2
Removed Pin From Net: NetName=ENb_RgI Pin=R4_4-2
Removed Pin From Net: NetName=CLK_RgI Pin=R4_5-2
Removed Pin From Net: NetName=OVLI,1 Pin=VT1_1-1
Removed Pin From Net: NetName=DAT_ADI Pin=VT1_2-1
Change Component Designator: OldDesignator=R5_1 NewDesignator=R5_2
Change Component Designator: OldDesignator=R5_2 NewDesignator=R5_1
Change Component Designator: OldDesignator=VD2_1 NewDesignator=VD2_2
Change Component Designator: OldDesignator=VD2_2 NewDesignator=VD2_1
Change Component Designator: OldDesignator=VT1_1 NewDesignator=VT1_2
Change Component Designator: OldDesignator=VT1_2 NewDesignator=VT1_1
Added Pin To Net: NetName=CLK_ADI Pin=DA1_1-7
Added Pin To Net: NetName=RUN_ADI Pin=DA1_2-7
Added Pin To Net: NetName=ENb_RgI Pin=DA1_3-7
Added Pin To Net: NetName=CLK_RgI Pin=DA1_4-7
Added Pin To Net: NetName=DAT_RgI Pin=DA1_5-7
Added Pin To Net: NetName=CLK_ADI Pin=R4_1-2
Added Pin To Net: NetName=RUN_ADI Pin=R4_2-2
Added Pin To Net: NetName=ENb_RgI Pin=R4_3-2
Added Pin To Net: NetName=CLK_RgI Pin=R4_4-2
Added Pin To Net: NetName=DAT_RgI Pin=R4_5-2
Added Pin To Net: NetName=OVLI,1 Pin=VT1_1-1
Added Pin To Net: NetName=DAT_ADI Pin=VT1_2-1
Add Pin To Net: Unknown Pin: Pin XS1-1
Add Pin To Net: Unknown Pin: Pin XS1-2
Add Pin To Net: Unknown Pin: Pin XS1-4
Add Pin To Net: Unknown Pin: Pin XS1-6
Add Pin To Net: Unknown Pin: Pin XS1-7
Add Pin To Net: Unknown Pin: Pin XS1-8
Add Pin To Net: Unknown Pin: Pin XS1-9
Add Pin To Net: Unknown Pin: Pin XS1-10
Add Pin To Net: Unknown Pin: Pin XS1-12
Add Pin To Net: Unknown Pin: Pin XS1-14
Add Pin To Net: Unknown Pin: Pin XS1-15
Add Pin To Net: Unknown Pin: Pin XS1-16
Change Net Name : Old Net Name=NetC1_1_1 New Net Name=CLK_ADIn
Change Net Name : Old Net Name=NetC1_2_1 New Net Name=RUN_ADIn
Change Net Name : Old Net Name=NetC1_3_1 New Net Name=ENB_RgIn
Change Net Name : Old Net Name=NetC1_4_1 New Net Name=CLK_RgIn
Change Net Name : Old Net Name=NetC1_5_1 New Net Name=DAT_RgIn
Change Net Name : Old Net Name=NetR5_1_1 New Net Name=DAT_ADIn
Change Net Name : Old Net Name=NetR5_2_1 New Net Name=OVLI,1n
Change Net Name : Old Net Name=NetVD2_1_2 New Net Name=NetVD2_2_2
Change Net Name : Old Net Name=NetVD2_2_2 New Net Name=NetVD2_1_2
Add Net: Net with name "GND" already exists
Change Class Name : Old Net Name=U_Transmitter1 New Net Name=U_TX1
Change Class Name : Old Net Name=U_Transmitter2 New Net Name=U_TX2
Added Class: Name=OPTO_Rx
Added Class: Name=OPTO_Tx
Add Class Member: Failed to add class member : Component XS1 IDC2-16
Change Room Name: Old Name=U_Transmitter1 New Name=U_TX1
Change Room Scope: Old Scope=InComponentClass('U_Transmitter1') New Scope=InComponentClass('U_TX1')
Change Room Name: Old Name=U_Transmitter2 New Name=U_TX2
Change Room Scope: Old Scope=InComponentClass('U_Transmitter2') New Scope=InComponentClass('U_TX2')
