Add Pin To Net: Unknown Pin: Pin XS1-1
Add Pin To Net: Unknown Pin: Pin XS1-2
Add Pin To Net: Unknown Pin: Pin XS1-3
Add Pin To Net: Unknown Pin: Pin XS1-4
Add Pin To Net: Unknown Pin: Pin XS1-5
Add Pin To Net: Unknown Pin: Pin XS1-6
Add Pin To Net: Unknown Pin: Pin XS1-7
Add Pin To Net: Unknown Pin: Pin XS1-8
Add Pin To Net: Unknown Pin: Pin XS1-9
Add Pin To Net: Unknown Pin: Pin XS1-10
Add Pin To Net: Unknown Pin: Pin XS1-11
Add Pin To Net: Unknown Pin: Pin XS1-12
Add Pin To Net: Unknown Pin: Pin XS1-13
Add Pin To Net: Unknown Pin: Pin XS1-14
Add Pin To Net: Unknown Pin: Pin XS1-15
Add Pin To Net: Unknown Pin: Pin XS1-16
Change Net Name : Old Net Name=CLK_ADIn New Net Name=NetC8_1
Change Net Name : Old Net Name=CLK_RgIn New Net Name=NetC2_1
Change Net Name : Old Net Name=DAT_ADIn New Net Name=NetR17_1
Change Net Name : Old Net Name=DAT_RgIn New Net Name=NetC1_1
Change Net Name : Old Net Name=ENB_RgIn New Net Name=NetC3_1
Change Net Name : Old Net Name=NetC1_1_2 New Net Name=NetC8_2
Change Net Name : Old Net Name=NetC1_2_2 New Net Name=NetC7_2
Change Net Name : Old Net Name=NetC1_3_2 New Net Name=NetC3_2
Change Net Name : Old Net Name=NetC1_4_2 New Net Name=NetC2_2
Change Net Name : Old Net Name=NetC1_5_2 New Net Name=NetC1_2
Change Net Name : Old Net Name=NetC2_1_2 New Net Name=NetC10_2
Change Net Name : Old Net Name=NetC2_2_2 New Net Name=NetC9_2
Change Net Name : Old Net Name=NetC2_3_2 New Net Name=NetC6_2
Change Net Name : Old Net Name=NetC2_4_2 New Net Name=NetC5_2
Change Net Name : Old Net Name=NetC2_5_2 New Net Name=NetC4_2
Change Net Name : Old Net Name=NetDA1_1_6 New Net Name=NetDA5_6
Change Net Name : Old Net Name=NetDA1_2_6 New Net Name=NetDA4_6
Change Net Name : Old Net Name=NetDA1_3_6 New Net Name=NetDA3_6
Change Net Name : Old Net Name=NetDA1_4_6 New Net Name=NetDA2_6
Change Net Name : Old Net Name=NetDA1_5_6 New Net Name=NetDA1_6
Change Net Name : Old Net Name=NetVD2_1_2 New Net Name=NetVD7_2
Change Net Name : Old Net Name=NetVD2_2_2 New Net Name=NetVD6_2
Change Net Name : Old Net Name=OVLI,1n New Net Name=NetR22_1
Change Net Name : Old Net Name=RUN_ADIn New Net Name=NetC7_1
Added Member To Class: ClassName=Main Member=Component C5 1206-б0G-50 B-56 яд+-1%
Added Member To Class: ClassName=Main Member=Component C6 1206-б0G-50 B-56 яд+-1%
Add Class Member: Failed to add class member : Component XS1 IDC2-16
