LTspice 24.1.9 for Windows
Circuit: \\ARX-704\Line-2-ARX\Блок базы - Подложки\Model I-Buf-TLV9152+AMPL-A\Draft18.net
Start Time: Tue Aug 11 14:03:44 2026
Options: itl4=50
solver = Normal
Maximum thread count: 4
tnom = 27
temp = 27
method = trap
Direct Newton iteration failed to find .op point.  (Use ".option noopiter" to skip.)
Starting Gmin stepping
Increasing initial diagonal Gmin to 100
Gmin = 100
Gmin = 10.7374
Gmin = 1.15292
vernier = 0.5
vernier = 0.25
vernier = 0.125
Gmin = 1.06702
vernier = 0.0625
vernier = 0.03125
vernier = 0.015625
Gmin = 1.05023
vernier = 0.0078125
Gmin = 1.02794
vernier = 0.0104167
vernier = 0.00520833
vernier = 0.00694444
vernier = 0.00347222
Gmin = 1.02039
vernier = 0.00173611
Gmin = 1.01553
vernier = 0.00231481
vernier = 0.00115741
vernier = 0.00154321
Gmin = 1.0125
vernier = 0.000771604
vernier = 0.00102881
Gmin = 1.01048
vernier = 0.000514403
Gmin = 1.00892
vernier = 0.00068587
vernier = 0.000914493
vernier = 0.000457247
Gmin = 1.00764
vernier = 0.000609662
vernier = 0.000457246
Gmin = 1.00672
vernier = 0.000609662
vernier = 0.000457246
Gmin = 0
Gmin stepping failed

Starting source stepping with srcstepmethod=0
Source Step = 3.0303%
vernier = 0.25
Source Step = 0.520833%
Source Step = 0.994318%
Source Step = 1.4678%
Source Step = 1.94129%
Source Step = 2.33191%
vernier = 0.000976562
Source Step = 2.34967%
Source Step = 2.37926%
Source Step = 2.40885%
Source Step = 2.43845%
Source Step = 2.46804%
vernier = 0.00146484
Source Step = 2.50503%
Source Step = 2.54942%
Source Step = 2.59381%
Source Step = 2.6382%
Source Step = 2.68259%
vernier = 0.00219727
Source Step = 2.73585%
Source Step = 2.80244%
Source Step = 2.86902%
Source Step = 2.93561%
Source Step = 3.00219%
vernier = 0.0032959
Source Step = 3.07876%
Source Step = 3.17864%
Source Step = 3.27851%
Source Step = 3.37839%
Source Step = 3.47826%
vernier = 0.00494385
Source Step = 3.58813%
Source Step = 3.73794%
Source Step = 3.88775%
Source Step = 4.03757%
Source Step = 4.18738%
vernier = 0.00741577
Source Step = 4.34469%
Source Step = 4.56941%
Source Step = 4.79413%
Source Step = 5.01885%
Source Step = 5.24357%
Source Step = 5.46829%
vernier = 0.0111237
Source Step = 5.80537%
Source Step = 6.14245%
Source Step = 6.47953%
Source Step = 6.81661%
Source Step = 7.15369%
vernier = 0.0166855
Source Step = 7.64246%
Source Step = 8.14808%
Source Step = 8.6537%
Source Step = 9.15932%
Source Step = 9.66494%
vernier = 0.0250282
Source Step = 10.3728%
Source Step = 11.1312%
Source Step = 11.8897%
Source Step = 12.6481%
Source Step = 13.4065%
vernier = 0.0375423
Source Step = 14.4304%
Source Step = 15.5681%
Source Step = 15.8383%
Source Step = 15.9094%
Source Step = 15.9805%
Source Step = 16.0516%
Source Step = 16.1227%
vernier = 0.00351959
Source Step = 16.2115%
Source Step = 16.3182%
Source Step = 16.4249%
Source Step = 16.5315%
Source Step = 16.6382%
vernier = 0.00527939
Source Step = 16.7661%
Source Step = 16.9261%
Source Step = 17.0861%
Source Step = 17.2461%
Source Step = 17.4061%
vernier = 0.00791909
Source Step = 17.5901%
Source Step = 17.83%
Source Step = 18.07%
Source Step = 18.31%
Source Step = 18.5499%
vernier = 0.0118786
Source Step = 18.8139%
Source Step = 19.1739%
Source Step = 19.5338%
Source Step = 19.8938%
Source Step = 20.2537%
vernier = 0.0178179
Source Step = 20.6317%
Source Step = 21.1716%
Source Step = 21.7116%
Source Step = 22.2515%
Source Step = 22.7915%
Source Step = 23.3314%
vernier = 0.0267269
Source Step = 24.1413%
Source Step = 24.9512%
Source Step = 25.7611%
Source Step = 26.571%
Source Step = 27.3809%
vernier = 0.0400904
Source Step = 28.5553%
Source Step = 29.7701%
Source Step = 30.985%
Source Step = 32.1999%
Source Step = 33.4147%
vernier = 0.0601356
Source Step = 35.1155%
Source Step = 36.9378%
Source Step = 38.7601%
Source Step = 40.5824%
Source Step = 42.4047%
vernier = 0.0902034
Source Step = 44.8648%
Source Step = 47.5982%
Source Step = 50.3317%
Source Step = 53.0651%
Source Step = 53.5306%
Source Step = 53.5733%
Source Step = 53.616%
Source Step = 53.6588%
Source Step = 53.7015%
Source Step = 53.7442%
vernier = 0.00211414
Source Step = 53.8018%
Source Step = 53.8659%
Source Step = 53.93%
Source Step = 53.994%
Source Step = 54.0581%
vernier = 0.00317121
Source Step = 54.1414%
Source Step = 54.2375%
Source Step = 54.3336%
Source Step = 54.4297%
Source Step = 54.5258%
vernier = 0.00475682
Source Step = 54.6459%
Source Step = 54.79%
Source Step = 54.9342%
Source Step = 55.0783%
Source Step = 55.2225%
vernier = 0.00713523
Source Step = 55.3955%
Source Step = 55.6117%
Source Step = 55.8279%
Source Step = 56.0441%
Source Step = 56.2603%
vernier = 0.0107028
Source Step = 56.509%
Source Step = 56.8333%
Source Step = 57.1576%
Source Step = 57.482%
Source Step = 57.8063%
vernier = 0.0160543
Source Step = 58.1631%
Source Step = 58.6495%
Source Step = 59.136%
Source Step = 59.6225%
Source Step = 60.109%
vernier = 0.0240814
Source Step = 60.6198%
Source Step = 61.3496%
Source Step = 62.0793%
Source Step = 62.8091%
Source Step = 63.5388%
Source Step = 64.2685%
vernier = 0.0361221
Source Step = 65.3631%
Source Step = 66.4578%
Source Step = 67.5524%
Source Step = 68.647%
Source Step = 69.7416%
vernier = 0.0541831
Source Step = 71.3288%
Source Step = 72.9707%
Source Step = 74.6126%
Source Step = 76.2545%
Source Step = 77.8964%
vernier = 0.0812747
Source Step = 80.1951%
Source Step = 82.658%
Source Step = 85.1208%
Source Step = 87.5837%
Source Step = 90.0466%
vernier = 0.121912
Source Step = 93.3714%
Source Step = 97.0658%
Source Step = 100%
Source stepping succeeded in finding the operating point.

Total elapsed time: 27.812 seconds.

Files loaded:
\\ARX-704\Line-2-ARX\Блок базы - Подложки\Model I-Buf-TLV9152+AMPL-A\Draft18.net
C:\Users\User\AppData\Local\LTspice\lib\cmp\standard.dio
C:\Users\User\AppData\Local\LTspice\lib\cmp\standard.bjt
\\ARX-704\Line-2-ARX\Блок базы - Подложки\Model I-Buf-TLV9152+AMPL-A\tlv9152.lib
\\ARX-704\Line-2-ARX\Блок базы - Подложки\Model I-Buf-TLV9152+AMPL-A\ad629.cir
\\ARX-704\Line-2-ARX\Блок базы - Подложки\Model I-Buf-TLV9152+AMPL-A\DI_1N4729A.cir
\\ARX-704\Line-2-ARX\Блок базы - Подложки\Model I-Buf-TLV9152+AMPL-A\PA340_Pspice.LIB
\\ARX-704\Line-2-ARX\Блок базы - Подложки\Model I-Buf-TLV9152+AMPL-A\TIP142.cir
\\ARX-704\Line-2-ARX\Блок базы - Подложки\Model I-Buf-TLV9152+AMPL-A\TIP147.cir
\\ARX-704\Line-2-ARX\Блок базы - Подложки\Model I-Buf-TLV9152+AMPL-A\buff1models.txt

