Change Component Designator: OldDesignator=C1 NewDesignator=C1.Non-Isolated Interface
Change Component Designator: OldDesignator=C2 NewDesignator=C2.Non-Isolated Interface
Change Component Designator: OldDesignator=C3 NewDesignator=C3.Non-Isolated Interface
Change Component Designator: OldDesignator=C4 NewDesignator=C4.Non-Isolated Interface
Change Component Designator: OldDesignator=C5 NewDesignator=C5.Non-Isolated Interface
Change Component Designator: OldDesignator=C6 NewDesignator=C6.Non-Isolated Interface
Change Component Designator: OldDesignator=C7 NewDesignator=C7.Non-Isolated Interface
Change Component Designator: OldDesignator=C8 NewDesignator=C8.Non-Isolated Interface
Change Component Designator: OldDesignator=C9 NewDesignator=C9.Non-Isolated Interface
Change Component Designator: OldDesignator=C10 NewDesignator=C10.Isolated Interface
Change Component Designator: OldDesignator=C11 NewDesignator=C11.Isolated Interface
Change Component Designator: OldDesignator=C12 NewDesignator=C12.Isolated Interface
Change Component Designator: OldDesignator=C13 NewDesignator=C13.Isolated Interface
Change Component Designator: OldDesignator=C14 NewDesignator=C14.Isolated Interface
Change Component Designator: OldDesignator=C15 NewDesignator=C15.Isolated Interface
Change Component Designator: OldDesignator=C16 NewDesignator=C16.Isolated Interface
Change Component Designator: OldDesignator=C17 NewDesignator=C17.Isolated Interface
Change Component Designator: OldDesignator=C18 NewDesignator=C18.Isolated Interface
Change Component Designator: OldDesignator=C19 NewDesignator=C19.Isolated Interface
Change Component Designator: OldDesignator=DA1 NewDesignator=DA1.Non-Isolated Interface
Change Component Designator: OldDesignator=DA2 NewDesignator=DA2.Non-Isolated Interface
Change Component Designator: OldDesignator=DA3 NewDesignator=DA3.Non-Isolated Interface
Change Component Designator: OldDesignator=DA4 NewDesignator=DA4.Non-Isolated Interface
Change Component Designator: OldDesignator=DA5 NewDesignator=DA5.Non-Isolated Interface
Change Component Designator: OldDesignator=DA6 NewDesignator=DA6.Non-Isolated Interface
Change Component Designator: OldDesignator=DA7 NewDesignator=DA7.Non-Isolated Interface
Change Component Designator: OldDesignator=DA8 NewDesignator=DA8.Isolated Interface
Change Component Designator: OldDesignator=DA9 NewDesignator=DA9.Isolated Interface
Change Component Designator: OldDesignator=DA10 NewDesignator=DA10.Isolated Interface
Change Component Designator: OldDesignator=DA11 NewDesignator=DA11.Isolated Interface
Change Component Designator: OldDesignator=DA12 NewDesignator=DA12.Isolated Interface
Change Component Designator: OldDesignator=R1 NewDesignator=R1.Non-Isolated Interface
Change Component Designator: OldDesignator=R2 NewDesignator=R2.Non-Isolated Interface
Change Component Designator: OldDesignator=R3 NewDesignator=R3.Non-Isolated Interface
Change Component Designator: OldDesignator=R4 NewDesignator=R4.Non-Isolated Interface
Change Component Designator: OldDesignator=R5 NewDesignator=R5.Non-Isolated Interface
Change Component Designator: OldDesignator=R6 NewDesignator=R6.Non-Isolated Interface
Change Component Designator: OldDesignator=R7 NewDesignator=R7.Non-Isolated Interface
Change Component Designator: OldDesignator=R8 NewDesignator=R8.Non-Isolated Interface
Change Component Designator: OldDesignator=R9 NewDesignator=R9.Non-Isolated Interface
Change Component Designator: OldDesignator=R10 NewDesignator=R10.Non-Isolated Interface
Change Component Designator: OldDesignator=R11 NewDesignator=R11.Non-Isolated Interface
Change Component Designator: OldDesignator=R12 NewDesignator=R12.Non-Isolated Interface
Change Component Designator: OldDesignator=R13 NewDesignator=R13.Non-Isolated Interface
Change Component Designator: OldDesignator=R14 NewDesignator=R14.Non-Isolated Interface
Change Component Designator: OldDesignator=R15 NewDesignator=R15.Non-Isolated Interface
Change Component Designator: OldDesignator=R16 NewDesignator=R16.Non-Isolated Interface
Change Component Designator: OldDesignator=R17 NewDesignator=R17.Non-Isolated Interface
Change Component Designator: OldDesignator=R18 NewDesignator=R18.Non-Isolated Interface
Change Component Designator: OldDesignator=R19 NewDesignator=R19.Non-Isolated Interface
Change Component Designator: OldDesignator=R20 NewDesignator=R20.Isolated Interface
Change Component Designator: OldDesignator=R21 NewDesignator=R21.Isolated Interface
Change Component Designator: OldDesignator=R22 NewDesignator=R22.Isolated Interface
Change Component Designator: OldDesignator=R23 NewDesignator=R23.Isolated Interface
Change Component Designator: OldDesignator=R24 NewDesignator=R24.Isolated Interface
Change Component Designator: OldDesignator=R25 NewDesignator=R25.Isolated Interface
Change Component Designator: OldDesignator=R26 NewDesignator=R26.Isolated Interface
Change Component Designator: OldDesignator=R27 NewDesignator=R27.Isolated Interface
Change Component Designator: OldDesignator=R28 NewDesignator=R28.Isolated Interface
Change Component Designator: OldDesignator=R29 NewDesignator=R29.Isolated Interface
Change Component Designator: OldDesignator=R30 NewDesignator=R30.Isolated Interface
Change Component Designator: OldDesignator=R31 NewDesignator=R31.Isolated Interface
Change Component Designator: OldDesignator=R32 NewDesignator=R32.Isolated Interface
Change Component Designator: OldDesignator=R33 NewDesignator=R33.Isolated Interface
Change Component Designator: OldDesignator=R34 NewDesignator=R34.Isolated Interface
Change Component Designator: OldDesignator=R35 NewDesignator=R35.Isolated Interface
Change Component Designator: OldDesignator=R36 NewDesignator=R36.Isolated Interface
Change Component Designator: OldDesignator=R37 NewDesignator=R37.Isolated Interface
Change Component Designator: OldDesignator=R38 NewDesignator=R38.Isolated Interface
Change Component Designator: OldDesignator=R39 NewDesignator=R39.Isolated Interface
Change Component Designator: OldDesignator=R40 NewDesignator=R40.Isolated Interface
Change Component Designator: OldDesignator=R41 NewDesignator=R41.Isolated Interface
Change Component Designator: OldDesignator=VD1 NewDesignator=VD1.Non-Isolated Interface
Change Component Designator: OldDesignator=VD2 NewDesignator=VD2.Non-Isolated Interface
Change Component Designator: OldDesignator=VD3 NewDesignator=VD3.Non-Isolated Interface
Change Component Designator: OldDesignator=VD4 NewDesignator=VD4.Non-Isolated Interface
Change Component Designator: OldDesignator=VD5 NewDesignator=VD5.Non-Isolated Interface
Change Component Designator: OldDesignator=VD6 NewDesignator=VD6.Non-Isolated Interface
Change Component Designator: OldDesignator=VD7 NewDesignator=VD7.Non-Isolated Interface
Change Component Designator: OldDesignator=VD8 NewDesignator=VD8.Isolated Interface
Change Component Designator: OldDesignator=VD9 NewDesignator=VD9.Isolated Interface
Change Component Designator: OldDesignator=VD10 NewDesignator=VD10.Isolated Interface
Change Component Designator: OldDesignator=VD11 NewDesignator=VD11.Isolated Interface
Change Component Designator: OldDesignator=VD12 NewDesignator=VD12.Isolated Interface
Change Component Designator: OldDesignator=VD13 NewDesignator=VD13.Isolated Interface
Change Component Designator: OldDesignator=VD14 NewDesignator=VD14.Isolated Interface
Change Component Designator: OldDesignator=VT1 NewDesignator=VT1.Non-Isolated Interface
Change Component Designator: OldDesignator=VT2 NewDesignator=VT2.Non-Isolated Interface
Change Component Designator: OldDesignator=VT3 NewDesignator=VT3.Non-Isolated Interface
Change Component Designator: OldDesignator=VT4 NewDesignator=VT4.Non-Isolated Interface
Change Component Designator: OldDesignator=VT5 NewDesignator=VT5.Non-Isolated Interface
Change Component Designator: OldDesignator=VT6 NewDesignator=VT6.Isolated Interface
Change Component Designator: OldDesignator=VT7 NewDesignator=VT7.Isolated Interface
Change Component Designator: OldDesignator=XP1 NewDesignator=XP1.Non-Isolated Interface
Change Component Designator: OldDesignator=XP2 NewDesignator=XP2.Isolated Interface
Change Net Name : Old Net Name=NetC6_1 New Net Name=NetC6.Non-Isolated Interface_1
Change Net Name : Old Net Name=NetC6_2 New Net Name=NetC6.Non-Isolated Interface_2
Change Net Name : Old Net Name=NetC7_1 New Net Name=NetC7.Non-Isolated Interface_1
Change Net Name : Old Net Name=NetC7_2 New Net Name=NetC7.Non-Isolated Interface_2
Change Net Name : Old Net Name=NetC8_2 New Net Name=NetC8.Non-Isolated Interface_2
Change Net Name : Old Net Name=NetC9_2 New Net Name=NetC9.Non-Isolated Interface_2
Change Net Name : Old Net Name=NetC10_1 New Net Name=NetC10.Isolated Interface_1
Change Net Name : Old Net Name=NetC10_2 New Net Name=NetC10.Isolated Interface_2
Change Net Name : Old Net Name=NetC11_1 New Net Name=NetC11.Isolated Interface_1
Change Net Name : Old Net Name=NetC11_2 New Net Name=NetC11.Isolated Interface_2
Change Net Name : Old Net Name=NetC12_1 New Net Name=NetC12.Isolated Interface_1
Change Net Name : Old Net Name=NetC12_2 New Net Name=NetC12.Isolated Interface_2
Change Net Name : Old Net Name=NetC13_2 New Net Name=NetC13.Isolated Interface_2
Change Net Name : Old Net Name=NetC14_2 New Net Name=NetC14.Isolated Interface_2
Change Net Name : Old Net Name=NetC15_2 New Net Name=NetC15.Isolated Interface_2
Change Net Name : Old Net Name=NetC16_1 New Net Name=NetC16.Isolated Interface_1
Change Net Name : Old Net Name=NetC16_2 New Net Name=NetC16.Isolated Interface_2
Change Net Name : Old Net Name=NetC17_1 New Net Name=NetC17.Isolated Interface_1
Change Net Name : Old Net Name=NetC17_2 New Net Name=NetC17.Isolated Interface_2
Change Net Name : Old Net Name=NetC18_2 New Net Name=NetC18.Isolated Interface_2
Change Net Name : Old Net Name=NetC19_2 New Net Name=NetC19.Isolated Interface_2
Change Net Name : Old Net Name=NetDA5_3 New Net Name=NetDA5.Non-Isolated Interface_3
Change Net Name : Old Net Name=NetDA6_6 New Net Name=NetDA6.Non-Isolated Interface_6
Change Net Name : Old Net Name=NetDA7_6 New Net Name=NetDA7.Non-Isolated Interface_6
Change Net Name : Old Net Name=NetDA8_6 New Net Name=NetDA8.Isolated Interface_6
Change Net Name : Old Net Name=NetDA9_6 New Net Name=NetDA9.Isolated Interface_6
Change Net Name : Old Net Name=NetDA10_6 New Net Name=NetDA10.Isolated Interface_6
Change Net Name : Old Net Name=NetDA11_6 New Net Name=NetDA11.Isolated Interface_6
Change Net Name : Old Net Name=NetDA12_6 New Net Name=NetDA12.Isolated Interface_6
Change Net Name : Old Net Name=NetR7_1 New Net Name=NetR7.Non-Isolated Interface_1
Change Net Name : Old Net Name=NetR8_1 New Net Name=NetR8.Non-Isolated Interface_1
Change Net Name : Old Net Name=NetR9_1 New Net Name=NetR9.Non-Isolated Interface_1
Change Net Name : Old Net Name=NetR10_1 New Net Name=NetR10.Non-Isolated Interface_1
Change Net Name : Old Net Name=NetR11_1 New Net Name=NetR11.Non-Isolated Interface_1
Change Net Name : Old Net Name=NetR36_1 New Net Name=NetR36.Isolated Interface_1
Change Net Name : Old Net Name=NetR41_1 New Net Name=NetR41.Isolated Interface_1
Change Net Name : Old Net Name=NetVD1_2 New Net Name=NetVD1.Non-Isolated Interface_2
Change Net Name : Old Net Name=NetVD2_2 New Net Name=NetVD2.Non-Isolated Interface_2
Change Net Name : Old Net Name=NetVD3_2 New Net Name=NetVD3.Non-Isolated Interface_2
Change Net Name : Old Net Name=NetVD4_2 New Net Name=NetVD4.Non-Isolated Interface_2
Change Net Name : Old Net Name=NetVD5_2 New Net Name=NetVD5.Non-Isolated Interface_2
Change Net Name : Old Net Name=NetVD13_2 New Net Name=NetVD13.Isolated Interface_2
Change Net Name : Old Net Name=NetVD14_2 New Net Name=NetVD14.Isolated Interface_2
