Reset Component Physical Designator: Old Designator=C1.Non-Isolated Interface New Designator=C1
Reset Component Physical Designator: Old Designator=C2.Non-Isolated Interface New Designator=C2
Reset Component Physical Designator: Old Designator=C3.Non-Isolated Interface New Designator=C3
Reset Component Physical Designator: Old Designator=C4.Non-Isolated Interface New Designator=C4
Reset Component Physical Designator: Old Designator=C5.Non-Isolated Interface New Designator=C5
Reset Component Physical Designator: Old Designator=C6.Non-Isolated Interface New Designator=C6
Reset Component Physical Designator: Old Designator=C7.Non-Isolated Interface New Designator=C7
Reset Component Physical Designator: Old Designator=C8.Non-Isolated Interface New Designator=C8
Reset Component Physical Designator: Old Designator=C9.Non-Isolated Interface New Designator=C9
Reset Component Physical Designator: Old Designator=C10.Isolated Interface New Designator=C10
Reset Component Physical Designator: Old Designator=C11.Isolated Interface New Designator=C11
Reset Component Physical Designator: Old Designator=C12.Isolated Interface New Designator=C12
Reset Component Physical Designator: Old Designator=C13.Isolated Interface New Designator=C13
Reset Component Physical Designator: Old Designator=C14.Isolated Interface New Designator=C14
Reset Component Physical Designator: Old Designator=C15.Isolated Interface New Designator=C15
Reset Component Physical Designator: Old Designator=C16.Isolated Interface New Designator=C16
Reset Component Physical Designator: Old Designator=C17.Isolated Interface New Designator=C17
Reset Component Physical Designator: Old Designator=C18.Isolated Interface New Designator=C18
Reset Component Physical Designator: Old Designator=C19.Isolated Interface New Designator=C19
Reset Component Physical Designator: Old Designator=DA1.Non-Isolated Interface New Designator=DA1
Reset Component Physical Designator: Old Designator=DA2.Non-Isolated Interface New Designator=DA2
Reset Component Physical Designator: Old Designator=DA3.Non-Isolated Interface New Designator=DA3
Reset Component Physical Designator: Old Designator=DA4.Non-Isolated Interface New Designator=DA4
Reset Component Physical Designator: Old Designator=DA5.Non-Isolated Interface New Designator=DA5
Reset Component Physical Designator: Old Designator=DA6.Non-Isolated Interface New Designator=DA6
Reset Component Physical Designator: Old Designator=DA6.Non-Isolated Interface New Designator=DA6
Reset Component Physical Designator: Old Designator=DA6.Non-Isolated Interface New Designator=DA6
Reset Component Physical Designator: Old Designator=DA7.Non-Isolated Interface New Designator=DA7
Reset Component Physical Designator: Old Designator=DA7.Non-Isolated Interface New Designator=DA7
Reset Component Physical Designator: Old Designator=DA7.Non-Isolated Interface New Designator=DA7
Reset Component Physical Designator: Old Designator=DA8.Isolated Interface New Designator=DA8
Reset Component Physical Designator: Old Designator=DA8.Isolated Interface New Designator=DA8
Reset Component Physical Designator: Old Designator=DA8.Isolated Interface New Designator=DA8
Reset Component Physical Designator: Old Designator=DA9.Isolated Interface New Designator=DA9
Reset Component Physical Designator: Old Designator=DA9.Isolated Interface New Designator=DA9
Reset Component Physical Designator: Old Designator=DA9.Isolated Interface New Designator=DA9
Reset Component Physical Designator: Old Designator=DA10.Isolated Interface New Designator=DA10
Reset Component Physical Designator: Old Designator=DA10.Isolated Interface New Designator=DA10
Reset Component Physical Designator: Old Designator=DA10.Isolated Interface New Designator=DA10
Reset Component Physical Designator: Old Designator=DA11.Isolated Interface New Designator=DA11
Reset Component Physical Designator: Old Designator=DA11.Isolated Interface New Designator=DA11
Reset Component Physical Designator: Old Designator=DA11.Isolated Interface New Designator=DA11
Reset Component Physical Designator: Old Designator=DA12.Isolated Interface New Designator=DA12
Reset Component Physical Designator: Old Designator=DA12.Isolated Interface New Designator=DA12
Reset Component Physical Designator: Old Designator=DA12.Isolated Interface New Designator=DA12
Reset Component Physical Designator: Old Designator=R1.Non-Isolated Interface New Designator=R1
Reset Component Physical Designator: Old Designator=R2.Non-Isolated Interface New Designator=R2
Reset Component Physical Designator: Old Designator=R3.Non-Isolated Interface New Designator=R3
Reset Component Physical Designator: Old Designator=R4.Non-Isolated Interface New Designator=R4
Reset Component Physical Designator: Old Designator=R5.Non-Isolated Interface New Designator=R5
Reset Component Physical Designator: Old Designator=R6.Non-Isolated Interface New Designator=R6
Reset Component Physical Designator: Old Designator=R7.Non-Isolated Interface New Designator=R7
Reset Component Physical Designator: Old Designator=R8.Non-Isolated Interface New Designator=R8
Reset Component Physical Designator: Old Designator=R9.Non-Isolated Interface New Designator=R9
Reset Component Physical Designator: Old Designator=R10.Non-Isolated Interface New Designator=R10
Reset Component Physical Designator: Old Designator=R11.Non-Isolated Interface New Designator=R11
Reset Component Physical Designator: Old Designator=R12.Non-Isolated Interface New Designator=R12
Reset Component Physical Designator: Old Designator=R13.Non-Isolated Interface New Designator=R13
Reset Component Physical Designator: Old Designator=R14.Non-Isolated Interface New Designator=R14
Reset Component Physical Designator: Old Designator=R15.Non-Isolated Interface New Designator=R15
Reset Component Physical Designator: Old Designator=R16.Non-Isolated Interface New Designator=R16
Reset Component Physical Designator: Old Designator=R17.Non-Isolated Interface New Designator=R17
Reset Component Physical Designator: Old Designator=R18.Non-Isolated Interface New Designator=R18
Reset Component Physical Designator: Old Designator=R19.Non-Isolated Interface New Designator=R19
Reset Component Physical Designator: Old Designator=R20.Isolated Interface New Designator=R20
Reset Component Physical Designator: Old Designator=R21.Isolated Interface New Designator=R21
Reset Component Physical Designator: Old Designator=R22.Isolated Interface New Designator=R22
Reset Component Physical Designator: Old Designator=R23.Isolated Interface New Designator=R23
Reset Component Physical Designator: Old Designator=R24.Isolated Interface New Designator=R24
Reset Component Physical Designator: Old Designator=R25.Isolated Interface New Designator=R25
Reset Component Physical Designator: Old Designator=R26.Isolated Interface New Designator=R26
Reset Component Physical Designator: Old Designator=R27.Isolated Interface New Designator=R27
Reset Component Physical Designator: Old Designator=R28.Isolated Interface New Designator=R28
Reset Component Physical Designator: Old Designator=R29.Isolated Interface New Designator=R29
Reset Component Physical Designator: Old Designator=R30.Isolated Interface New Designator=R30
Reset Component Physical Designator: Old Designator=R31.Isolated Interface New Designator=R31
Reset Component Physical Designator: Old Designator=R32.Isolated Interface New Designator=R32
Reset Component Physical Designator: Old Designator=R33.Isolated Interface New Designator=R33
Reset Component Physical Designator: Old Designator=R34.Isolated Interface New Designator=R34
Reset Component Physical Designator: Old Designator=R35.Isolated Interface New Designator=R35
Reset Component Physical Designator: Old Designator=R36.Isolated Interface New Designator=R36
Reset Component Physical Designator: Old Designator=R37.Isolated Interface New Designator=R37
Reset Component Physical Designator: Old Designator=R38.Isolated Interface New Designator=R38
Reset Component Physical Designator: Old Designator=R39.Isolated Interface New Designator=R39
Reset Component Physical Designator: Old Designator=R40.Isolated Interface New Designator=R40
Reset Component Physical Designator: Old Designator=R41.Isolated Interface New Designator=R41
Reset Component Physical Designator: Old Designator=VD1.Non-Isolated Interface New Designator=VD1
Reset Component Physical Designator: Old Designator=VD2.Non-Isolated Interface New Designator=VD2
Reset Component Physical Designator: Old Designator=VD3.Non-Isolated Interface New Designator=VD3
Reset Component Physical Designator: Old Designator=VD4.Non-Isolated Interface New Designator=VD4
Reset Component Physical Designator: Old Designator=VD5.Non-Isolated Interface New Designator=VD5
Reset Component Physical Designator: Old Designator=VD6.Non-Isolated Interface New Designator=VD6
Reset Component Physical Designator: Old Designator=VD7.Non-Isolated Interface New Designator=VD7
Reset Component Physical Designator: Old Designator=VD8.Isolated Interface New Designator=VD8
Reset Component Physical Designator: Old Designator=VD9.Isolated Interface New Designator=VD9
Reset Component Physical Designator: Old Designator=VD10.Isolated Interface New Designator=VD10
Reset Component Physical Designator: Old Designator=VD11.Isolated Interface New Designator=VD11
Reset Component Physical Designator: Old Designator=VD12.Isolated Interface New Designator=VD12
Reset Component Physical Designator: Old Designator=VD13.Isolated Interface New Designator=VD13
Reset Component Physical Designator: Old Designator=VD14.Isolated Interface New Designator=VD14
Reset Component Physical Designator: Old Designator=VT1.Non-Isolated Interface New Designator=VT1
Reset Component Physical Designator: Old Designator=VT2.Non-Isolated Interface New Designator=VT2
Reset Component Physical Designator: Old Designator=VT3.Non-Isolated Interface New Designator=VT3
Reset Component Physical Designator: Old Designator=VT4.Non-Isolated Interface New Designator=VT4
Reset Component Physical Designator: Old Designator=VT5.Non-Isolated Interface New Designator=VT5
Reset Component Physical Designator: Old Designator=VT6.Isolated Interface New Designator=VT6
Reset Component Physical Designator: Old Designator=VT7.Isolated Interface New Designator=VT7
Reset Component Physical Designator: Old Designator=XP1.Non-Isolated Interface New Designator=XP1
Reset Component Physical Designator: Old Designator=XP2.Isolated Interface New Designator=XP2
