Change Component Physical Designator: Old Designator=C1 New Designator=C1.Non-Isolated Interface
Change Component Physical Designator: Old Designator=C2 New Designator=C2.Non-Isolated Interface
Change Component Physical Designator: Old Designator=C3 New Designator=C3.Non-Isolated Interface
Change Component Physical Designator: Old Designator=C4 New Designator=C4.Non-Isolated Interface
Change Component Physical Designator: Old Designator=C5 New Designator=C5.Non-Isolated Interface
Change Component Physical Designator: Old Designator=C6 New Designator=C6.Non-Isolated Interface
Change Component Physical Designator: Old Designator=C7 New Designator=C7.Non-Isolated Interface
Change Component Physical Designator: Old Designator=C8 New Designator=C8.Non-Isolated Interface
Change Component Physical Designator: Old Designator=C9 New Designator=C9.Non-Isolated Interface
Change Component Physical Designator: Old Designator=C10 New Designator=C10.Isolated Interface
Change Component Physical Designator: Old Designator=C11 New Designator=C11.Isolated Interface
Change Component Physical Designator: Old Designator=C12 New Designator=C12.Isolated Interface
Change Component Physical Designator: Old Designator=C13 New Designator=C13.Isolated Interface
Change Component Physical Designator: Old Designator=C14 New Designator=C14.Isolated Interface
Change Component Physical Designator: Old Designator=C15 New Designator=C15.Isolated Interface
Change Component Physical Designator: Old Designator=C16 New Designator=C16.Isolated Interface
Change Component Physical Designator: Old Designator=C17 New Designator=C17.Isolated Interface
Change Component Physical Designator: Old Designator=C18 New Designator=C18.Isolated Interface
Change Component Physical Designator: Old Designator=C19 New Designator=C19.Isolated Interface
Change Component Physical Designator: Old Designator=DA1 New Designator=DA1.Non-Isolated Interface
Change Component Physical Designator: Old Designator=DA2 New Designator=DA2.Non-Isolated Interface
Change Component Physical Designator: Old Designator=DA3 New Designator=DA3.Non-Isolated Interface
Change Component Physical Designator: Old Designator=DA4 New Designator=DA4.Non-Isolated Interface
Change Component Physical Designator: Old Designator=DA5 New Designator=DA5.Non-Isolated Interface
Change Component Physical Designator: Old Designator=DA6 New Designator=DA6.Non-Isolated Interface
Change Component Physical Designator: Old Designator=DA6 New Designator=DA6.Non-Isolated Interface
Change Component Physical Designator: Old Designator=DA6 New Designator=DA6.Non-Isolated Interface
Change Component Physical Designator: Old Designator=DA7 New Designator=DA7.Non-Isolated Interface
Change Component Physical Designator: Old Designator=DA7 New Designator=DA7.Non-Isolated Interface
Change Component Physical Designator: Old Designator=DA7 New Designator=DA7.Non-Isolated Interface
Change Component Physical Designator: Old Designator=DA8 New Designator=DA8.Isolated Interface
Change Component Physical Designator: Old Designator=DA8 New Designator=DA8.Isolated Interface
Change Component Physical Designator: Old Designator=DA8 New Designator=DA8.Isolated Interface
Change Component Physical Designator: Old Designator=DA9 New Designator=DA9.Isolated Interface
Change Component Physical Designator: Old Designator=DA9 New Designator=DA9.Isolated Interface
Change Component Physical Designator: Old Designator=DA9 New Designator=DA9.Isolated Interface
Change Component Physical Designator: Old Designator=DA10 New Designator=DA10.Isolated Interface
Change Component Physical Designator: Old Designator=DA10 New Designator=DA10.Isolated Interface
Change Component Physical Designator: Old Designator=DA10 New Designator=DA10.Isolated Interface
Change Component Physical Designator: Old Designator=DA11 New Designator=DA11.Isolated Interface
Change Component Physical Designator: Old Designator=DA11 New Designator=DA11.Isolated Interface
Change Component Physical Designator: Old Designator=DA11 New Designator=DA11.Isolated Interface
Change Component Physical Designator: Old Designator=DA12 New Designator=DA12.Isolated Interface
Change Component Physical Designator: Old Designator=DA12 New Designator=DA12.Isolated Interface
Change Component Physical Designator: Old Designator=DA12 New Designator=DA12.Isolated Interface
Change Component Physical Designator: Old Designator=R1 New Designator=R1.Non-Isolated Interface
Change Component Physical Designator: Old Designator=R2 New Designator=R2.Non-Isolated Interface
Change Component Physical Designator: Old Designator=R3 New Designator=R3.Non-Isolated Interface
Change Component Physical Designator: Old Designator=R4 New Designator=R4.Non-Isolated Interface
Change Component Physical Designator: Old Designator=R5 New Designator=R5.Non-Isolated Interface
Change Component Physical Designator: Old Designator=R6 New Designator=R6.Non-Isolated Interface
Change Component Physical Designator: Old Designator=R7 New Designator=R7.Non-Isolated Interface
Change Component Physical Designator: Old Designator=R8 New Designator=R8.Non-Isolated Interface
Change Component Physical Designator: Old Designator=R9 New Designator=R9.Non-Isolated Interface
Change Component Physical Designator: Old Designator=R10 New Designator=R10.Non-Isolated Interface
Change Component Physical Designator: Old Designator=R11 New Designator=R11.Non-Isolated Interface
Change Component Physical Designator: Old Designator=R12 New Designator=R12.Non-Isolated Interface
Change Component Physical Designator: Old Designator=R13 New Designator=R13.Non-Isolated Interface
Change Component Physical Designator: Old Designator=R14 New Designator=R14.Non-Isolated Interface
Change Component Physical Designator: Old Designator=R15 New Designator=R15.Non-Isolated Interface
Change Component Physical Designator: Old Designator=R16 New Designator=R16.Non-Isolated Interface
Change Component Physical Designator: Old Designator=R17 New Designator=R17.Non-Isolated Interface
Change Component Physical Designator: Old Designator=R18 New Designator=R18.Non-Isolated Interface
Change Component Physical Designator: Old Designator=R19 New Designator=R19.Non-Isolated Interface
Change Component Physical Designator: Old Designator=R20 New Designator=R20.Isolated Interface
Change Component Physical Designator: Old Designator=R21 New Designator=R21.Isolated Interface
Change Component Physical Designator: Old Designator=R22 New Designator=R22.Isolated Interface
Change Component Physical Designator: Old Designator=R23 New Designator=R23.Isolated Interface
Change Component Physical Designator: Old Designator=R24 New Designator=R24.Isolated Interface
Change Component Physical Designator: Old Designator=R25 New Designator=R25.Isolated Interface
Change Component Physical Designator: Old Designator=R26 New Designator=R26.Isolated Interface
Change Component Physical Designator: Old Designator=R27 New Designator=R27.Isolated Interface
Change Component Physical Designator: Old Designator=R28 New Designator=R28.Isolated Interface
Change Component Physical Designator: Old Designator=R29 New Designator=R29.Isolated Interface
Change Component Physical Designator: Old Designator=R30 New Designator=R30.Isolated Interface
Change Component Physical Designator: Old Designator=R31 New Designator=R31.Isolated Interface
Change Component Physical Designator: Old Designator=R32 New Designator=R32.Isolated Interface
Change Component Physical Designator: Old Designator=R33 New Designator=R33.Isolated Interface
Change Component Physical Designator: Old Designator=R34 New Designator=R34.Isolated Interface
Change Component Physical Designator: Old Designator=R35 New Designator=R35.Isolated Interface
Change Component Physical Designator: Old Designator=R36 New Designator=R36.Isolated Interface
Change Component Physical Designator: Old Designator=R37 New Designator=R37.Isolated Interface
Change Component Physical Designator: Old Designator=R38 New Designator=R38.Isolated Interface
Change Component Physical Designator: Old Designator=R39 New Designator=R39.Isolated Interface
Change Component Physical Designator: Old Designator=R40 New Designator=R40.Isolated Interface
Change Component Physical Designator: Old Designator=R41 New Designator=R41.Isolated Interface
Change Component Physical Designator: Old Designator=VD1 New Designator=VD1.Non-Isolated Interface
Change Component Physical Designator: Old Designator=VD2 New Designator=VD2.Non-Isolated Interface
Change Component Physical Designator: Old Designator=VD3 New Designator=VD3.Non-Isolated Interface
Change Component Physical Designator: Old Designator=VD4 New Designator=VD4.Non-Isolated Interface
Change Component Physical Designator: Old Designator=VD5 New Designator=VD5.Non-Isolated Interface
Change Component Physical Designator: Old Designator=VD6 New Designator=VD6.Non-Isolated Interface
Change Component Physical Designator: Old Designator=VD7 New Designator=VD7.Non-Isolated Interface
Change Component Physical Designator: Old Designator=VD8 New Designator=VD8.Isolated Interface
Change Component Physical Designator: Old Designator=VD9 New Designator=VD9.Isolated Interface
Change Component Physical Designator: Old Designator=VD10 New Designator=VD10.Isolated Interface
Change Component Physical Designator: Old Designator=VD11 New Designator=VD11.Isolated Interface
Change Component Physical Designator: Old Designator=VD12 New Designator=VD12.Isolated Interface
Change Component Physical Designator: Old Designator=VD13 New Designator=VD13.Isolated Interface
Change Component Physical Designator: Old Designator=VD14 New Designator=VD14.Isolated Interface
Change Component Physical Designator: Old Designator=VT1 New Designator=VT1.Non-Isolated Interface
Change Component Physical Designator: Old Designator=VT2 New Designator=VT2.Non-Isolated Interface
Change Component Physical Designator: Old Designator=VT3 New Designator=VT3.Non-Isolated Interface
Change Component Physical Designator: Old Designator=VT4 New Designator=VT4.Non-Isolated Interface
Change Component Physical Designator: Old Designator=VT5 New Designator=VT5.Non-Isolated Interface
Change Component Physical Designator: Old Designator=VT6 New Designator=VT6.Isolated Interface
Change Component Physical Designator: Old Designator=VT7 New Designator=VT7.Isolated Interface
Change Component Physical Designator: Old Designator=XP1 New Designator=XP1.Non-Isolated Interface
Change Component Physical Designator: Old Designator=XP2 New Designator=XP2.Isolated Interface
