LTspice 24.1.9 for Windows
Circuit: D:\Work\Линия\Текущая(\LtSpiceModels\OP50V200AREAD\OP+50V 200A+ключ — копия.net
Start Time: Mon Jul 27 10:31:19 2026
Options: reltol=0.01  abstol=1u  vntol=1m  noopiter
solver = Normal
Maximum thread count: 12
tnom = 27
temp = 27
method = trap
abstol = 1e-06
reltol = 0.01
volttol = 0.001
noOpIter = true
Instance "u2:M222": Length shorter than recommended for a level 1 MOSFET.
Instance "u2:M111": Length shorter than recommended for a level 1 MOSFET.
Direct Newton iteration for .op point skipped.
Starting Gmin stepping
Gmin = 10
Gmin = 1.07374
vernier = 0.5
vernier = 0.25
vernier = 0.125
Gmin = 1.11693
vernier = 0.0625
vernier = 0.03125
Gmin = 1.07405
vernier = 0.0416667
vernier = 0.0208333
vernier = 0.0104167
Gmin = 1.05195
vernier = 0.0138889
vernier = 0.00694444
vernier = 0.00925925
vernier = 0.00462963
Gmin = 1.04015
vernier = 0.00617283
vernier = 0.00308642
Gmin = 1.03176
vernier = 0.00411522
vernier = 0.00205761
Gmin = 1.02542
vernier = 0.00274348
vernier = 0.00137174
Gmin = 1.02121
vernier = 0.00182899
vernier = 0.000914493
Gmin = 1.01795
vernier = 0.00121932
Gmin = 1.01516
vernier = 0.00162576
vernier = 0.000812882
vernier = 0.00108384
vernier = 0.000541921
Gmin = 1.01385
vernier = 0.000722562
Gmin = 1.01225
vernier = 0.000963415
vernier = 0.000481708
vernier = 0.000642277
Gmin = 1.01113
vernier = 0.000481708
Gmin = 1.01004
vernier = 0.000642277
vernier = 0.000481707
vernier = 0.000642276
vernier = 0.000481707
Gmin = 1.00931
Gmin = 0
Gmin stepping failed

Starting source stepping with srcstepmethod=0
Source Step = 3.0303%
Source Step = 33.3333%
Source Step = 63.6364%
Source Step = 93.9394%
Source stepping succeeded in finding the operating point.

.step uout=0.1
.step uout=0.2
.step uout=0.5
.step uout=1
.step uout=5
.step uout=10
.step uout=50
Total elapsed time: 3.738 seconds.

Files loaded:
D:\Work\Линия\Текущая(\LtSpiceModels\OP50V200AREAD\OP+50V 200A+ключ — копия.net
C:\Users\User\AppData\Local\LTspice\lib\cmp\standard.dio
C:\Users\User\AppData\Local\LTspice\lib\cmp\standard.mos
C:\Users\User\Documents\LTspice\PA340_Berkeley.LIB
C:\Users\User\AppData\Local\LTspice\lib\sub\IXFN210N30P3.lib

