LTspice 24.1.9 for Windows
Circuit: D:\Work\Линия\Текущая(\LtSpiceModels\OP50V200AREAD\OP-50V 200AREAD.net
Start Time: Tue Jul  7 12:12:22 2026
Options: reltol=0.01  abstol=1u  vntol=1m
solver = Normal
Maximum thread count: 12
tnom = 27
temp = 27
method = trap
abstol = 1e-06
reltol = 0.01
volttol = 0.001
Instance "u2:M222": Length shorter than recommended for a level 1 MOSFET.
Instance "u2:M111": Length shorter than recommended for a level 1 MOSFET.
Instance "u3:M222": Length shorter than recommended for a level 1 MOSFET.
Instance "u3:M111": Length shorter than recommended for a level 1 MOSFET.
Direct Newton iteration failed to find .op point.  (Use ".option noopiter" to skip.)
Starting Gmin stepping
Gmin = 10
Gmin = 1.07374
Gmin = 0.115292
Gmin = 0.0123794
Gmin = 0.00132923
Gmin = 0.000142725
Gmin = 1.5325e-05
vernier = 0.5
vernier = 0.25
vernier = 0.125
Gmin = 6.76321e-06
vernier = 0.0625
vernier = 0.03125
vernier = 0.015625
vernier = 0.0078125
Gmin = 6.8272e-06
vernier = 0.00390625
vernier = 0.00520833
Gmin = 6.77189e-06
vernier = 0.00694444
vernier = 0.00925925
Gmin = 6.65352e-06
vernier = 0.0123457
Gmin = 6.4715e-06
vernier = 0.0164609
vernier = 0.0219478
Gmin = 6.17729e-06
vernier = 0.0292638
vernier = 0.0390184
Gmin = 5.73613e-06
vernier = 0.0520245
Gmin = 5.10603e-06
vernier = 0.0693659
vernier = 0.0924879
Gmin = 4.20313e-06
vernier = 0.123317
vernier = 0.164423
Gmin = 3.08751e-06
vernier = 0.21923
Gmin = 1.90805e-06
vernier = 0.292307
vernier = 0.389743
Gmin = 8.61565e-07
vernier = 0.519657
vernier = 0.692876
Gmin = 2.49746e-07
vernier = 0.923834
Gmin = 3.78898e-08
vernier = 1
Gmin = 4.06839e-09
Gmin = 4.3684e-10
Gmin = 4.69053e-11
Gmin = 5.03642e-12
Gmin = 5.40781e-13
Gmin = 0
Gmin stepping succeeded in finding the operating point.

.step uout=0.1
.step uout=0.2
.step uout=0.5
.step uout=1
.step uout=2
.step uout=5
.step uout=50
Total elapsed time: 1.332 seconds.

Files loaded:
D:\Work\Линия\Текущая(\LtSpiceModels\OP50V200AREAD\OP-50V 200AREAD.net
C:\Users\User\AppData\Local\LTspice\lib\cmp\standard.dio
C:\Users\User\AppData\Local\LTspice\lib\cmp\standard.mos
C:\Users\User\Documents\LTspice\PA340_Berkeley.LIB
C:\Users\User\AppData\Local\LTspice\lib\sub\IXFN210N30P3.lib

