P-CAD 2004 Schematic(v18.00.2690): Design.cpp (1019) at Tue Oct 07 13:13:22 2014
P-CAD 2004 Schematic(v18.00.2690): FileObj.cpp (263) at Tue Oct 07 13:13:27 2014
P-CAD 2004 Schematic(v18.00.2690): SchDsgn.cpp (3818) at Tue Oct 07 13:13:28 2014
P-CAD 2004 Schematic(v18.00.2690) 'E:\RELEF\Блок питания 025.sch': ReportMgr.cpp (1067) at Tue Oct 07 13:34:43 2014
P-CAD 2004 Schematic(v18.00.2690): Design.cpp (1019) at Tue Oct 07 14:31:27 2014
P-CAD 2004 Schematic(v18.00.2690): FileObj.cpp (263) at Tue Oct 07 14:31:28 2014
P-CAD 2004 Schematic(v18.00.2690): SchDsgn.cpp (3818) at Tue Oct 07 14:31:29 2014
P-CAD 2004 Schematic(v18.00.2690) 'E:\RELEF\Блок питания 028.sch': ReportMgr.cpp (1067) at Tue Oct 07 15:03:23 2014
P-CAD 2004 Schematic(v18.00.2690) 'E:\RELEF\Блок питания 025.sch': ReportMgr.cpp (1067) at Thu Oct 09 09:49:11 2014
P-CAD 2004 Schematic(v18.00.2690) 'E:\RELEF\Блок питания 028.sch': ReportMgr.cpp (1067) at Thu Oct 09 14:09:24 2014
P-CAD 2004 Schematic(v18.00.2690) 'E:\RELEF\Блок питания 028.sch': ReportMgr.cpp (1067) at Thu Oct 09 14:10:50 2014
P-CAD 2004 Schematic(v18.00.2690) 'E:\RELEF\Блок питания 028.sch': ReportMgr.cpp (1067) at Fri Oct 10 09:43:57 2014
P-CAD 2004 Schematic(v18.00.2690): Design.cpp (1019) at Fri Oct 10 09:45:09 2014
P-CAD 2004 Schematic(v18.00.2690): FileObj.cpp (263) at Fri Oct 10 09:45:12 2014
P-CAD 2004 Schematic(v18.00.2690): SchDsgn.cpp (3818) at Fri Oct 10 09:45:13 2014
P-CAD 2004 Schematic(v18.00.2690): Design.cpp (1019) at Fri Oct 10 09:45:25 2014
P-CAD 2004 Schematic(v18.00.2690): FileObj.cpp (263) at Fri Oct 10 09:45:26 2014
P-CAD 2004 Schematic(v18.00.2690): SchDsgn.cpp (3818) at Fri Oct 10 09:45:27 2014
P-CAD 2004 Schematic(v18.00.2690) 'E:\RELEF\Блок питания 028.sch': ReportMgr.cpp (1067) at Fri Oct 10 11:52:53 2014
P-CAD 2004 Schematic(v18.00.2690) 'e:\RELEF\Блок питания 028.sch': ReportMgr.cpp (1067) at Fri Dec 05 16:54:08 2014
P-CAD 2004 Schematic(v18.00.2690) 'E:\RELEF\Блок питания 028.sch': ReportMgr.cpp (1067) at Mon Feb 23 10:19:44 2015
P-CAD 2004 Schematic(v18.00.2690) 'E:\RELEF\Блок питания 025.sch': ReportMgr.cpp (1067) at Wed Mar 09 09:31:50 2022
P-CAD 2004 Schematic(v18.00.2690) 'E:\RELEF\c1-176bp.sch': ReportMgr.cpp (1067) at Wed Mar 09 10:11:22 2022
P-CAD 2004 Schematic(v18.00.2690) 'E:\RELEF\sbp1.sch': ReportMgr.cpp (1067) at Sat Jan 11 10:30:00 2025
P-CAD 2004 Schematic(v18.00.2690) 'E:\RELEF\Блок питания 025.sch': ReportMgr.cpp (1067) at Sat Jan 11 10:30:43 2025
P-CAD 2004 Schematic(v18.00.2690) 'E:\RELEF\Блок питания 025.sch': ReportMgr.cpp (1067) at Sat Jan 11 14:16:03 2025
P-CAD 2004 Schematic(v18.00.2690) 'E:\RELEF\Блок питания 028.sch': ReportMgr.cpp (1067) at Sat Jan 11 14:17:20 2025
P-CAD 2004 Schematic(v18.00.2690) 'E:\RELEF\Блок питания 028.sch': ReportMgr.cpp (1067) at Mon Jan 13 15:59:51 2025
P-CAD 2004 Schematic(v18.00.2690) 'E:\RELEF\sbp1.sch': ReportMgr.cpp (1067) at Tue Mar 17 14:08:31 2026
P-CAD 2004 Schematic(v18.00.2690) 'E:\RELEF\rl01.sch': ReportMgr.cpp (1067) at Tue Mar 17 16:00:06 2026
P-CAD 2004 Schematic(v18.00.2690) 'E:\RELEF\rl01.sch': ReportMgr.cpp (1067) at Wed Mar 18 09:22:46 2026
P-CAD 2004 Schematic(v18.00.2690) 'E:\RELEF\rl01.sch': ReportMgr.cpp (1067) at Tue Jun 09 09:08:29 2026
P-CAD 2004 Schematic(v18.00.2690) 'E:\RELEF\rl01.sch': ReportMgr.cpp (1067) at Tue Jun 09 09:11:14 2026
P-CAD 2004 Schematic(v18.00.2690) 'E:\RELEF\relob.sch': ReportMgr.cpp (1067) at Tue Jun 09 11:17:06 2026
P-CAD 2004 Schematic(v18.00.2690) 'E:\RELEF\rl01.sch': ReportMgr.cpp (1067) at Mon Jun 22 11:28:14 2026
P-CAD 2004 Schematic(v18.00.2690) 'E:\RELEF\sbp1.sch': ReportMgr.cpp (1067) at Mon Jun 22 11:28:49 2026
P-CAD 2004 Schematic(v18.00.2690) 'E:\RELEF\relob.sch': ReportMgr.cpp (1067) at Tue Jun 23 11:18:11 2026
