Change Component Designator: Old Designator=C6 New Designator=C7
Change Component Designator: Old Designator=C7 New Designator=C6
Change Component Designator: Old Designator=C8 New Designator=C9
Change Component Designator: Old Designator=C9 New Designator=C8
Change Component Designator: Old Designator=DA6 New Designator=DA7
Change Component Designator: Old Designator=DA6 New Designator=DA7
Change Component Designator: Old Designator=DA6 New Designator=DA7
Change Component Designator: Old Designator=DA7 New Designator=DA6
Change Component Designator: Old Designator=DA7 New Designator=DA6
Change Component Designator: Old Designator=DA7 New Designator=DA6
Change Component Designator: Old Designator=R8 New Designator=R9
Change Component Designator: Old Designator=R9 New Designator=R10
Change Component Designator: Old Designator=R10 New Designator=R8
Change Component Designator: Old Designator=R12 New Designator=R13
Change Component Designator: Old Designator=R13 New Designator=R12
Change Component Designator: Old Designator=R14 New Designator=R15
Change Component Designator: Old Designator=R15 New Designator=R14
Change Component Designator: Old Designator=R16 New Designator=R17
Change Component Designator: Old Designator=R17 New Designator=R16
Change Component Designator: Old Designator=R18 New Designator=R19
Change Component Designator: Old Designator=R19 New Designator=R18
Change Component Designator: Old Designator=VD2 New Designator=VD3
Change Component Designator: Old Designator=VD3 New Designator=VD4
Change Component Designator: Old Designator=VD4 New Designator=VD2
Change Component Designator: Old Designator=VD6 New Designator=VD7
Change Component Designator: Old Designator=VD7 New Designator=VD6
Change Component Designator: Old Designator=VT2 New Designator=VT3
Change Component Designator: Old Designator=VT3 New Designator=VT4
Change Component Designator: Old Designator=VT4 New Designator=VT2
