Add Net: Net with name "NetR1_2_1" already exists
Added Class: Name=C1_Nets
Added Class: Name=C2_Nets
Added Class: Name=C3_Nets
Added Class: Name=C4_Nets
Added Class: Name=C5_Nets
Added Class: Name=C6_Nets
Added Class: Name=C7_Nets
Added Class: Name=C8_Nets
Added Class: Name=C9_Nets
Added Class: Name=DA1_Nets
Added Class: Name=DA2_Nets
Added Class: Name=DA3_Nets
Added Class: Name=DA4_Nets
Added Class: Name=DA5_Nets
Added Class: Name=DA6_Nets
Added Class: Name=DA7_Nets
Added Class: Name=DD1_Nets
Added Class: Name=R1_2_Nets
Added Class: Name=R1_3_Nets
Added Class: Name=R1_4_Nets
Added Class: Name=R1_5_Nets
Added Class: Name=R1_Nets
Added Class: Name=R2_Nets
Added Class: Name=R3_Nets
Added Class: Name=R4_Nets
Added Class: Name=R5_Nets
Added Class: Name=R6_Nets
Added Class: Name=R12_Nets
Added Class: Name=R13_Nets
Added Class: Name=R14_Nets
Added Class: Name=R15_Nets
Added Class: Name=R16_Nets
Added Class: Name=R17_Nets
Added Class: Name=R18_Nets
Added Class: Name=R19_Nets
Added Class: Name=VD1_1_Nets
Added Class: Name=VD1_2_Nets
Added Class: Name=VD1_3_Nets
Added Class: Name=VD1_4_Nets
Added Class: Name=VD1_5_Nets
Added Class: Name=VD6_Nets
Added Class: Name=VD7_Nets
Added Class: Name=VT1_1_Nets
Added Class: Name=VT1_2_Nets
Added Class: Name=VT_1_Nets
Added Class: Name=VT_4_Nets
Added Class: Name=VT_5_Nets
Added Class: Name=XP1_Nets
Added Member To Class: ClassName=Non-Isolated Interface Member=Component R1_2 1206-30 Îì+-5%
