Remove Class Member: Failed to remove class member
Removed Member From Class: ClassName=VT1_1_Nets Member=NetVD2_1_2
Removed Member From Class: ClassName=VT1_2_Nets Member=NetVD2_2_2
Removed Member From Class: ClassName=VT1_3_Nets Member=NetVD2_3_2
Removed Member From Class: ClassName=VT1_4_Nets Member=NetVD2_4_2
Removed Member From Class: ClassName=VT1_5_Nets Member=NetVD2_5_2
Change Component Designator: OldDesignator=R7_1 NewDesignator=R8_1
Change Component Designator: OldDesignator=R7_2 NewDesignator=R8_2
Change Component Designator: OldDesignator=R8_1 NewDesignator=R9_1
Change Component Designator: OldDesignator=R8_2 NewDesignator=R9_2
Change Component Designator: OldDesignator=R9_1 NewDesignator=R10_1
Change Component Designator: OldDesignator=R9_2 NewDesignator=R10_2
Change Component Designator: OldDesignator=R10_1 NewDesignator=R11_1
Change Component Designator: OldDesignator=R10_2 NewDesignator=R11_2
Change Component Designator: OldDesignator=R11_1 NewDesignator=R7_1
Change Component Designator: OldDesignator=R11_2 NewDesignator=R7_2
Change Component Designator: OldDesignator=R11_3 NewDesignator=R7_3
Change Component Designator: OldDesignator=R11_4 NewDesignator=R7_4
Change Component Designator: OldDesignator=R11_5 NewDesignator=R7_5
Change Component Designator: OldDesignator=VD1_1 NewDesignator=VD2_1
Change Component Designator: OldDesignator=VD1_2 NewDesignator=VD2_2
Change Component Designator: OldDesignator=VD2_1 NewDesignator=VD1_1
Change Component Designator: OldDesignator=VD2_2 NewDesignator=VD1_2
Change Component Designator: OldDesignator=VD2_3 NewDesignator=VD1_3
Change Component Designator: OldDesignator=VD2_4 NewDesignator=VD1_4
Change Component Designator: OldDesignator=VD2_5 NewDesignator=VD1_5
Change Net Name : Old Net Name=NetR11_1_1 New Net Name=NetR7_1_1
Change Net Name : Old Net Name=NetR11_2_1 New Net Name=NetR7_2_1
Change Net Name : Old Net Name=NetR11_3_1 New Net Name=NetR7_3_1
Change Net Name : Old Net Name=NetR11_4_1 New Net Name=NetR7_4_1
Change Net Name : Old Net Name=NetR11_5_1 New Net Name=NetR7_5_1
Change Net Name : Old Net Name=NetVD2_1_2 New Net Name=NetVD1_1_2
Change Net Name : Old Net Name=NetVD2_2_2 New Net Name=NetVD1_2_2
Change Net Name : Old Net Name=NetVD2_3_2 New Net Name=NetVD1_3_2
Change Net Name : Old Net Name=NetVD2_4_2 New Net Name=NetVD1_4_2
Change Net Name : Old Net Name=NetVD2_5_2 New Net Name=NetVD1_5_2
Change Class Name : Old Net Name=R7_1_Nets New Net Name=R8_1_Nets
Change Class Name : Old Net Name=R7_2_Nets New Net Name=R8_2_Nets
Change Class Name : Old Net Name=R8_1_Nets New Net Name=R9_1_Nets
Change Class Name : Old Net Name=R8_2_Nets New Net Name=R9_2_Nets
Change Class Name : Old Net Name=R9_1_Nets New Net Name=R10_1_Nets
Change Class Name : Old Net Name=R9_2_Nets New Net Name=R10_2_Nets
Change Class Name : Old Net Name=R10_1_Nets New Net Name=R11_1_Nets
Change Class Name : Old Net Name=R10_2_Nets New Net Name=R11_2_Nets
Change Class Name : Old Net Name=VD1_1_Nets New Net Name=VD2_1_Nets
Change Class Name : Old Net Name=VD1_2_Nets New Net Name=VD2_2_Nets
Added Class: Name=R7_1_Nets
Added Class: Name=R7_2_Nets
Added Class: Name=R7_3_Nets
Added Class: Name=R7_4_Nets
Added Class: Name=R7_5_Nets
Added Class: Name=VD1_1_Nets
Added Class: Name=VD1_2_Nets
Added Class: Name=VD1_3_Nets
Added Class: Name=VD1_4_Nets
Added Class: Name=VD1_5_Nets
Added Member To Class: ClassName=VT1_1_Nets Member=Wire NetVD1_1_2
Added Member To Class: ClassName=VT1_2_Nets Member=Wire NetVD1_2_2
Added Member To Class: ClassName=VT1_3_Nets Member=Wire NetVD1_3_2
Added Member To Class: ClassName=VT1_4_Nets Member=Wire NetVD1_4_2
Added Member To Class: ClassName=VT1_5_Nets Member=Wire NetVD1_5_2
