Added Component: Designator=C1(CAP: 0805)
Add component (AddParameter): Name = "Value"; Value = "0,1 мк‘"; VariantName = "[No Variations]"
Added Component: Designator=C2(CAP: 0805)
Add component (AddParameter): Name = "Value"; Value = "0,1 мк‘"; VariantName = "[No Variations]"
Added Component: Designator=C3(CAP: 0805)
Add component (AddParameter): Name = "Value"; Value = "0,1 мк‘"; VariantName = "[No Variations]"
Added Component: Designator=C4(CAP: 0805)
Add component (AddParameter): Name = "Value"; Value = "0,1 мк‘"; VariantName = "[No Variations]"
Added Component: Designator=C5(CAP: 0805)
Add component (AddParameter): Name = "Value"; Value = "0,1 мк‘"; VariantName = "[No Variations]"
Added Component: Designator=C6(CAP: 0805)
Add component (AddParameter): Name = "Value"; Value = "0,1 мк‘"; VariantName = "[No Variations]"
Added Component: Designator=C7(CAP: 0805)
Add component (AddParameter): Name = "Value"; Value = "0,1 мк‘"; VariantName = "[No Variations]"
Added Component: Designator=C8(CAP: 0805)
Add component (AddParameter): Name = "Value"; Value = "0,1 мк‘"; VariantName = "[No Variations]"
Added Component: Designator=C9(CAP: 0805)
Add component (AddParameter): Name = "Value"; Value = "0,1 мк‘"; VariantName = "[No Variations]"
Added Component: Designator=C10(CAP: 0805)
Add component (AddParameter): Name = "Value"; Value = "0,1 мк‘"; VariantName = "[No Variations]"
Added Component: Designator=C11(CAP: 0805)
Add component (AddParameter): Name = "Value"; Value = "0,1 мк‘"; VariantName = "[No Variations]"
Added Component: Designator=C12(CAP: 0805)
Add component (AddParameter): Name = "Value"; Value = "0,1 мк‘"; VariantName = "[No Variations]"
Added Component: Designator=C13(CAP: 0805)
Add component (AddParameter): Name = "Value"; Value = "0,1 мк‘"; VariantName = "[No Variations]"
Added Component: Designator=C14(CAP: 0805)
Add component (AddParameter): Name = "Value"; Value = "0,1 мк‘"; VariantName = "[No Variations]"
Added Component: Designator=C15(CAP: 0805)
Add component (AddParameter): Name = "Value"; Value = "0,1 мк‘"; VariantName = "[No Variations]"
Added Component: Designator=C16(CAP: 0805)
Add component (AddParameter): Name = "Value"; Value = "0,1 мк‘"; VariantName = "[No Variations]"
Added Component: Designator=C17(CAP: 0805)
Add component (AddParameter): Name = "Value"; Value = "0,1 мк‘"; VariantName = "[No Variations]"
Added Component: Designator=C18(CAP: 0805)
Add component (AddParameter): Name = "Value"; Value = "0,1 мк‘"; VariantName = "[No Variations]"
Added Component: Designator=C19(CAP: 0805)
Add component (AddParameter): Name = "Value"; Value = "0,1 мк‘"; VariantName = "[No Variations]"
Added Component: Designator=C20(CAP: 0805)
Add component (AddParameter): Name = "Value"; Value = "0,1 мк‘"; VariantName = "[No Variations]"
Added Component: Designator=C21(CAP: 1206)
Add component (AddParameter): Name = "Value"; Value = "22 п‘"; VariantName = "[No Variations]"
Added Component: Designator=C25(CAP: 0805)
Add component (AddParameter): Name = "Value"; Value = "0,33 мк‘"; VariantName = "[No Variations]"
Added Component: Designator=C26(CAP: 0805)
Add component (AddParameter): Name = "Value"; Value = "0,33 мк‘"; VariantName = "[No Variations]"
Added Component: Designator=C27(CAP: 0805)
Add component (AddParameter): Name = "Value"; Value = "0,33 мк‘"; VariantName = "[No Variations]"
Added Component: Designator=C28(CAP: 0805)
Add component (AddParameter): Name = "Value"; Value = "0,33 мк‘"; VariantName = "[No Variations]"
Added Component: Designator=C29(CAP: 0805)
Add component (AddParameter): Name = "Value"; Value = "0,33 мк‘"; VariantName = "[No Variations]"
Added Component: Designator=C30(CAP: 2220)
Add component (AddParameter): Name = "Value"; Value = "1 мк‘"; VariantName = "[No Variations]"
Added Component: Designator=C31(CAP: 2220)
Add component (AddParameter): Name = "Value"; Value = "1 мк‘"; VariantName = "[No Variations]"
Added Component: Designator=C32(CAP: 0805)
Add component (AddParameter): Name = "Value"; Value = "10 п‘"; VariantName = "[No Variations]"
Added Component: Designator=C33(CAP: 0805)
Add component (AddParameter): Name = "Value"; Value = "10 п‘"; VariantName = "[No Variations]"
Added Component: Designator=C34(CAP: 0805)
Add component (AddParameter): Name = "Value"; Value = "1 мк‘"; VariantName = "[No Variations]"
Added Component: Designator=C35(CAP: 0805)
Add component (AddParameter): Name = "Value"; Value = "10 п‘"; VariantName = "[No Variations]"
Added Component: Designator=C36(CAP: 0805)
Add component (AddParameter): Name = "Value"; Value = "10 п‘"; VariantName = "[No Variations]"
Added Component: Designator=C37(CAP: 2220)
Add component (AddParameter): Name = "Value"; Value = "1 мк‘"; VariantName = "[No Variations]"
Added Component: Designator=C38(CAP: 2220)
Add component (AddParameter): Name = "Value"; Value = "1 мк‘"; VariantName = "[No Variations]"
Added Component: Designator=C39(CAP: 0805)
Add component (AddParameter): Name = "Value"; Value = "1 мк‘"; VariantName = "[No Variations]"
Added Component: Designator=C40(CAP: 0805)
Add component (AddParameter): Name = "Value"; Value = "10 п‘"; VariantName = "[No Variations]"
Added Component: Designator=C41(CAP: 0805)
Add component (AddParameter): Name = "Value"; Value = "10 п‘"; VariantName = "[No Variations]"
Added Component: Designator=C44(CAP: 1206)
Add component (AddParameter): Name = "Value"; Value = "2,2 п‘"; VariantName = "[No Variations]"
Added Component: Designator=C45(CAP: 1206)
Add component (AddParameter): Name = "Value"; Value = "2,2 п‘"; VariantName = "[No Variations]"
Added Component: Designator=C46(CAP TH ALUM ELEC D13.00mm S5.00mm H26.50mm)
Add component (AddParameter): Name = "Value"; Value = ""; VariantName = "[No Variations]"
Added Component: Designator=C47(CAP TH ALUM ELEC D13.00mm S5.00mm H26.50mm)
Add component (AddParameter): Name = "Value"; Value = ""; VariantName = "[No Variations]"
Added Component: Designator=C48(CAP: 0805)
Add component (AddParameter): Name = "Value"; Value = "0,33 мк‘"; VariantName = "[No Variations]"
Added Component: Designator=C49(CAP: 0805)
Add component (AddParameter): Name = "Value"; Value = "0,33 мк‘"; VariantName = "[No Variations]"
Added Component: Designator=C50(CAP: 0805)
Add component (AddParameter): Name = "Value"; Value = "0,33 мк‘"; VariantName = "[No Variations]"
Added Component: Designator=C51(CAP: 0805)
Add component (AddParameter): Name = "Value"; Value = "0,33 мк‘"; VariantName = "[No Variations]"
Added Component: Designator=C52(CAP: 1206)
Add component (AddParameter): Name = "Value"; Value = "2,2 п‘"; VariantName = "[No Variations]"
Added Component: Designator=C53(CAP: 1206)
Add component (AddParameter): Name = "Value"; Value = "2,2 п‘"; VariantName = "[No Variations]"
Added Component: Designator=C54(CAP: 0805)
Add component (AddParameter): Name = "Value"; Value = "0,33 мк‘"; VariantName = "[No Variations]"
Added Component: Designator=DA1(8-SOIC)
Added Component: Designator=DA2(16-SOIC W)
Added Component: Designator=DA3(16-SOIC W)
Added Component: Designator=DA4(8-SOIC)
Added Component: Designator=DA5(16-SOIC W)
Added Component: Designator=DA6(8-SOIC)
Added Component: Designator=DA7(8-SOIC)
Added Component: Designator=DA8(8-SOIC)
Added Component: Designator=DA9(8-SOIC)
Added Component: Designator=DA10(8-SOIC)
Added Component: Designator=DA11(10-MSOP)
Added Component: Designator=DA12(8-SOIC)
Added Component: Designator=DA14(7-DDPAC)
Added Component: Designator=DA15(7-DDPAC)
Added Component: Designator=DA17(8-SOIC)
Added Component: Designator=DA18(8-SOIC)
Added Component: Designator=DA19(8-SOIC)
Added Component: Designator=DA20(8-SOIC)
Add component (AddParameter): Name = "Value"; Value = ""; VariantName = "[No Variations]"
Added Component: Designator=DA21(8-SOIC)
Add component (AddParameter): Name = "Value"; Value = ""; VariantName = "[No Variations]"
Added Component: Designator=DD1(14-soic)
Added Component: Designator=DD2(14-SOIC)
Added Component: Designator=K1(8-DIP)
Added Component: Designator=K2(8-DIP)
Added Component: Designator=R1(1206)
Add component (AddParameter): Name = "ModelPrint"; Value = "1206"; VariantName = "[No Variations]"
Add component (AddParameter): Name = "Value"; Value = "10 ќм"; VariantName = "[No Variations]"
Added Component: Designator=R2(1206)
Add component (AddParameter): Name = "ModelPrint"; Value = "1206"; VariantName = "[No Variations]"
Add component (AddParameter): Name = "Value"; Value = "100 ќм "; VariantName = "[No Variations]"
Added Component: Designator=R3(1206)
Add component (AddParameter): Name = "ModelPrint"; Value = "1206"; VariantName = "[No Variations]"
Add component (AddParameter): Name = "Value"; Value = "100 ќм "; VariantName = "[No Variations]"
Added Component: Designator=R4(1206)
Add component (AddParameter): Name = "ModelPrint"; Value = "1206"; VariantName = "[No Variations]"
Add component (AddParameter): Name = "Value"; Value = "100 ќм "; VariantName = "[No Variations]"
Added Component: Designator=R5(1206)
Add component (AddParameter): Name = "ModelPrint"; Value = "1206"; VariantName = "[No Variations]"
Add component (AddParameter): Name = "Value"; Value = "12 кќм"; VariantName = "[No Variations]"
Added Component: Designator=R6(1206)
Add component (AddParameter): Name = "ModelPrint"; Value = "1206"; VariantName = "[No Variations]"
Add component (AddParameter): Name = "Value"; Value = "12 кќм"; VariantName = "[No Variations]"
Added Component: Designator=R7(1206)
Add component (AddParameter): Name = "ModelPrint"; Value = "1206"; VariantName = "[No Variations]"
Add component (AddParameter): Name = "Value"; Value = "12 кќм"; VariantName = "[No Variations]"
Added Component: Designator=R8(1206)
Add component (AddParameter): Name = "ModelPrint"; Value = "1206"; VariantName = "[No Variations]"
Add component (AddParameter): Name = "Value"; Value = "10 ќм"; VariantName = "[No Variations]"
Added Component: Designator=R9(1206)
Add component (AddParameter): Name = "ModelPrint"; Value = "1206"; VariantName = "[No Variations]"
Add component (AddParameter): Name = "Value"; Value = "10 кќм"; VariantName = "[No Variations]"
Added Component: Designator=R10(1206)
Add component (AddParameter): Name = "ModelPrint"; Value = "1206"; VariantName = "[No Variations]"
Add component (AddParameter): Name = "Value"; Value = "10 кќм"; VariantName = "[No Variations]"
Added Component: Designator=R11(1206)
Add component (AddParameter): Name = "ModelPrint"; Value = "1206"; VariantName = "[No Variations]"
Add component (AddParameter): Name = "Value"; Value = "2,2 кќм"; VariantName = "[No Variations]"
Added Component: Designator=R12(1206)
Add component (AddParameter): Name = "ModelPrint"; Value = "1206"; VariantName = "[No Variations]"
Add component (AddParameter): Name = "Value"; Value = "2,2 кќм"; VariantName = "[No Variations]"
Added Component: Designator=R13(1206)
Add component (AddParameter): Name = "ModelPrint"; Value = "1206"; VariantName = "[No Variations]"
Add component (AddParameter): Name = "Value"; Value = "15 кќм"; VariantName = "[No Variations]"
Added Component: Designator=R14(1206)
Add component (AddParameter): Name = "ModelPrint"; Value = "1206"; VariantName = "[No Variations]"
Add component (AddParameter): Name = "Value"; Value = "51 ќм"; VariantName = "[No Variations]"
Added Component: Designator=R15(1206)
Add component (AddParameter): Name = "ModelPrint"; Value = "1206"; VariantName = "[No Variations]"
Add component (AddParameter): Name = "Value"; Value = "51 ќм"; VariantName = "[No Variations]"
Added Component: Designator=R16(1206)
Add component (AddParameter): Name = "ModelPrint"; Value = "1206"; VariantName = "[No Variations]"
Add component (AddParameter): Name = "Value"; Value = "51 кќм"; VariantName = "[No Variations]"
Added Component: Designator=R17(1206)
Add component (AddParameter): Name = "ModelPrint"; Value = "1206"; VariantName = "[No Variations]"
Add component (AddParameter): Name = "Value"; Value = "2 кќм"; VariantName = "[No Variations]"
Added Component: Designator=R18(1206)
Add component (AddParameter): Name = "ModelPrint"; Value = "1206"; VariantName = "[No Variations]"
Add component (AddParameter): Name = "Value"; Value = "2 кќм"; VariantName = "[No Variations]"
Added Component: Designator=R19(1206)
Add component (AddParameter): Name = "ModelPrint"; Value = "1206"; VariantName = "[No Variations]"
Add component (AddParameter): Name = "Value"; Value = "2 кќм"; VariantName = "[No Variations]"
Added Component: Designator=R20(1206)
Add component (AddParameter): Name = "ModelPrint"; Value = "1206"; VariantName = "[No Variations]"
Add component (AddParameter): Name = "Value"; Value = "2 кќм"; VariantName = "[No Variations]"
Added Component: Designator=R21(1206)
Add component (AddParameter): Name = "ModelPrint"; Value = "1206"; VariantName = "[No Variations]"
Add component (AddParameter): Name = "Value"; Value = "2 кќм"; VariantName = "[No Variations]"
Added Component: Designator=R22(1206)
Add component (AddParameter): Name = "ModelPrint"; Value = "1206"; VariantName = "[No Variations]"
Add component (AddParameter): Name = "Value"; Value = "2 кќм"; VariantName = "[No Variations]"
Added Component: Designator=R23(1206)
Add component (AddParameter): Name = "ModelPrint"; Value = "1206"; VariantName = "[No Variations]"
Add component (AddParameter): Name = "Value"; Value = "10 кќм"; VariantName = "[No Variations]"
Added Component: Designator=R24(1206)
Add component (AddParameter): Name = "ModelPrint"; Value = "1206"; VariantName = "[No Variations]"
Add component (AddParameter): Name = "Value"; Value = "10 кќм"; VariantName = "[No Variations]"
Added Component: Designator=R25(1206)
Add component (AddParameter): Name = "ModelPrint"; Value = "1206"; VariantName = "[No Variations]"
Add component (AddParameter): Name = "Value"; Value = "20 кќм"; VariantName = "[No Variations]"
Added Component: Designator=R26(1206)
Add component (AddParameter): Name = "ModelPrint"; Value = "1206"; VariantName = "[No Variations]"
Add component (AddParameter): Name = "Value"; Value = "20 кќм"; VariantName = "[No Variations]"
Added Component: Designator=R27(—2-33Ќ-0,125ј» (070.04.0501.08.00))
Add component (AddParameter): Name = "Value"; Value = ""; VariantName = "[No Variations]"
Add component (AddParameter): Name = "ƒиапазон значений номинальных сопротивлений"; Value = "от 1 ќм до 3,01 ћќм"; VariantName = "[No Variations]"
Add component (AddParameter): Name = " атегории качества"; Value = "Ђќ“ ї"; VariantName = "[No Variations]"
Add component (AddParameter): Name = "Ќоминальна€ мощность рассе€ни€"; Value = "0,125 ¬т"; VariantName = "[No Variations]"
Add component (AddParameter): Name = "–€д сопротивлений"; Value = "≈24, ≈96"; VariantName = "[No Variations]"
Add component (AddParameter): Name = "“”"; Value = "ќ∆ќ.467.173 “”"; VariantName = "[No Variations]"
Added Component: Designator=R28(—2-33Ќ-0,125ј» (070.04.0501.08.00))
Add component (AddParameter): Name = "Value"; Value = ""; VariantName = "[No Variations]"
Add component (AddParameter): Name = "ƒиапазон значений номинальных сопротивлений"; Value = "от 1 ќм до 3,01 ћќм"; VariantName = "[No Variations]"
Add component (AddParameter): Name = " атегории качества"; Value = "Ђќ“ ї"; VariantName = "[No Variations]"
Add component (AddParameter): Name = "Ќоминальна€ мощность рассе€ни€"; Value = "0,125 ¬т"; VariantName = "[No Variations]"
Add component (AddParameter): Name = "–€д сопротивлений"; Value = "≈24, ≈96"; VariantName = "[No Variations]"
Add component (AddParameter): Name = "“”"; Value = "ќ∆ќ.467.173 “”"; VariantName = "[No Variations]"
Added Component: Designator=R29(1206)
Add component (AddParameter): Name = "ModelPrint"; Value = "1206"; VariantName = "[No Variations]"
Add component (AddParameter): Name = "Value"; Value = "2,4 кќм"; VariantName = "[No Variations]"
Added Component: Designator=R30(1206)
Add component (AddParameter): Name = "ModelPrint"; Value = "1206"; VariantName = "[No Variations]"
Add component (AddParameter): Name = "Value"; Value = "2,4 кќм"; VariantName = "[No Variations]"
Added Component: Designator=R31(1206)
Add component (AddParameter): Name = "ModelPrint"; Value = "1206"; VariantName = "[No Variations]"
Add component (AddParameter): Name = "Value"; Value = "20 кќм"; VariantName = "[No Variations]"
Added Component: Designator=R32(1206)
Add component (AddParameter): Name = "ModelPrint"; Value = "1206"; VariantName = "[No Variations]"
Add component (AddParameter): Name = "Value"; Value = "20 кќм"; VariantName = "[No Variations]"
Added Component: Designator=R33(1206)
Add component (AddParameter): Name = "ModelPrint"; Value = "1206"; VariantName = "[No Variations]"
Add component (AddParameter): Name = "Value"; Value = "20 кќм"; VariantName = "[No Variations]"
Added Component: Designator=R34(1206)
Add component (AddParameter): Name = "ModelPrint"; Value = "1206"; VariantName = "[No Variations]"
Add component (AddParameter): Name = "Value"; Value = "20 кќм"; VariantName = "[No Variations]"
Added Component: Designator=R35(1206)
Add component (AddParameter): Name = "ModelPrint"; Value = "1206"; VariantName = "[No Variations]"
Add component (AddParameter): Name = "Value"; Value = "2,4 кќм"; VariantName = "[No Variations]"
Added Component: Designator=R36(1206)
Add component (AddParameter): Name = "ModelPrint"; Value = "1206"; VariantName = "[No Variations]"
Add component (AddParameter): Name = "Value"; Value = "51 ќм"; VariantName = "[No Variations]"
Added Component: Designator=R37(1206)
Add component (AddParameter): Name = "ModelPrint"; Value = "1206"; VariantName = "[No Variations]"
Add component (AddParameter): Name = "Value"; Value = "2,4 кќм"; VariantName = "[No Variations]"
Added Component: Designator=R38(1206)
Add component (AddParameter): Name = "ModelPrint"; Value = "1206"; VariantName = "[No Variations]"
Add component (AddParameter): Name = "Value"; Value = "51 ќм"; VariantName = "[No Variations]"
Added Component: Designator=R39(2512)
Add component (AddParameter): Name = "ModelPrint"; Value = "2512"; VariantName = "[No Variations]"
Add component (AddParameter): Name = "Value"; Value = "51 ќм"; VariantName = "[No Variations]"
Added Component: Designator=R40(2512)
Add component (AddParameter): Name = "ModelPrint"; Value = "2512"; VariantName = "[No Variations]"
Add component (AddParameter): Name = "Value"; Value = "51 ќм"; VariantName = "[No Variations]"
Added Component: Designator=R41(2512)
Add component (AddParameter): Name = "ModelPrint"; Value = "2512"; VariantName = "[No Variations]"
Add component (AddParameter): Name = "Value"; Value = "51 ќм"; VariantName = "[No Variations]"
Added Component: Designator=R42(2512)
Add component (AddParameter): Name = "ModelPrint"; Value = "2512"; VariantName = "[No Variations]"
Add component (AddParameter): Name = "Value"; Value = "51 ќм"; VariantName = "[No Variations]"
Added Component: Designator=R43(2512)
Add component (AddParameter): Name = "ModelPrint"; Value = "2512"; VariantName = "[No Variations]"
Add component (AddParameter): Name = "Value"; Value = "1,2 кќм"; VariantName = "[No Variations]"
Added Component: Designator=R44(2512)
Add component (AddParameter): Name = "ModelPrint"; Value = "2512"; VariantName = "[No Variations]"
Add component (AddParameter): Name = "Value"; Value = "1,2 кќм"; VariantName = "[No Variations]"
Added Component: Designator=R45(1206)
Add component (AddParameter): Name = "ModelPrint"; Value = "1206"; VariantName = "[No Variations]"
Add component (AddParameter): Name = "Value"; Value = "6,98 кќм"; VariantName = "[No Variations]"
Added Component: Designator=R46(1206)
Add component (AddParameter): Name = "ModelPrint"; Value = "1206"; VariantName = "[No Variations]"
Add component (AddParameter): Name = "Value"; Value = "1 кќм "; VariantName = "[No Variations]"
Added Component: Designator=R47(1206)
Add component (AddParameter): Name = "ModelPrint"; Value = "1206"; VariantName = "[No Variations]"
Add component (AddParameter): Name = "Value"; Value = "2 кќм"; VariantName = "[No Variations]"
Added Component: Designator=R48(1206)
Add component (AddParameter): Name = "ModelPrint"; Value = "1206"; VariantName = "[No Variations]"
Add component (AddParameter): Name = "Value"; Value = "2 кќм"; VariantName = "[No Variations]"
Added Component: Designator=R49(1206)
Add component (AddParameter): Name = "ModelPrint"; Value = "1206"; VariantName = "[No Variations]"
Add component (AddParameter): Name = "Value"; Value = "240 ќм"; VariantName = "[No Variations]"
Added Component: Designator=R50(1206)
Add component (AddParameter): Name = "ModelPrint"; Value = "1206"; VariantName = "[No Variations]"
Add component (AddParameter): Name = "Value"; Value = "240 ќм"; VariantName = "[No Variations]"
Added Component: Designator=R51(1206)
Add component (AddParameter): Name = "ModelPrint"; Value = "1206"; VariantName = "[No Variations]"
Add component (AddParameter): Name = "Value"; Value = "240 ќм"; VariantName = "[No Variations]"
Added Component: Designator=R52(1206)
Add component (AddParameter): Name = "ModelPrint"; Value = "1206"; VariantName = "[No Variations]"
Add component (AddParameter): Name = "Value"; Value = "150 ќм"; VariantName = "[No Variations]"
Added Component: Designator=R53(1206)
Add component (AddParameter): Name = "ModelPrint"; Value = "1206"; VariantName = "[No Variations]"
Add component (AddParameter): Name = "Value"; Value = "240 ќм"; VariantName = "[No Variations]"
Added Component: Designator=R54(1206)
Add component (AddParameter): Name = "ModelPrint"; Value = "1206"; VariantName = "[No Variations]"
Add component (AddParameter): Name = "Value"; Value = "430 ќм"; VariantName = "[No Variations]"
Added Component: Designator=R55(1206)
Add component (AddParameter): Name = "ModelPrint"; Value = "1206"; VariantName = "[No Variations]"
Add component (AddParameter): Name = "Value"; Value = "430 ќм"; VariantName = "[No Variations]"
Added Component: Designator=R56(2512)
Add component (AddParameter): Name = "ModelPrint"; Value = "2512"; VariantName = "[No Variations]"
Add component (AddParameter): Name = "Value"; Value = "5,6 кќм"; VariantName = "[No Variations]"
Added Component: Designator=R57(1206)
Add component (AddParameter): Name = "ModelPrint"; Value = "1206"; VariantName = "[No Variations]"
Add component (AddParameter): Name = "Value"; Value = "2 кќм"; VariantName = "[No Variations]"
Added Component: Designator=R58(1206)
Add component (AddParameter): Name = "ModelPrint"; Value = "1206"; VariantName = "[No Variations]"
Add component (AddParameter): Name = "Value"; Value = "390 ќм"; VariantName = "[No Variations]"
Added Component: Designator=R59(1206)
Add component (AddParameter): Name = "ModelPrint"; Value = "1206"; VariantName = "[No Variations]"
Add component (AddParameter): Name = "Value"; Value = "51 кќм"; VariantName = "[No Variations]"
Added Component: Designator=R60(1206)
Add component (AddParameter): Name = "ModelPrint"; Value = "1206"; VariantName = "[No Variations]"
Add component (AddParameter): Name = "Value"; Value = "390 ќм"; VariantName = "[No Variations]"
Added Component: Designator=R61(—2-33Ќ-0,125ј» (070.04.0501.08.00))
Add component (AddParameter): Name = "Value"; Value = ""; VariantName = "[No Variations]"
Add component (AddParameter): Name = "ƒиапазон значений номинальных сопротивлений"; Value = "от 1 ќм до 3,01 ћќм"; VariantName = "[No Variations]"
Add component (AddParameter): Name = " атегории качества"; Value = "Ђќ“ ї"; VariantName = "[No Variations]"
Add component (AddParameter): Name = "Ќоминальна€ мощность рассе€ни€"; Value = "0,125 ¬т"; VariantName = "[No Variations]"
Add component (AddParameter): Name = "–€д сопротивлений"; Value = "≈24, ≈96"; VariantName = "[No Variations]"
Add component (AddParameter): Name = "“”"; Value = "ќ∆ќ.467.173 “”"; VariantName = "[No Variations]"
Added Component: Designator=R62(—2-33Ќ-0,125ј» (070.04.0501.08.00))
Add component (AddParameter): Name = "Value"; Value = ""; VariantName = "[No Variations]"
Add component (AddParameter): Name = "ƒиапазон значений номинальных сопротивлений"; Value = "от 1 ќм до 3,01 ћќм"; VariantName = "[No Variations]"
Add component (AddParameter): Name = " атегории качества"; Value = "Ђќ“ ї"; VariantName = "[No Variations]"
Add component (AddParameter): Name = "Ќоминальна€ мощность рассе€ни€"; Value = "0,125 ¬т"; VariantName = "[No Variations]"
Add component (AddParameter): Name = "–€д сопротивлений"; Value = "≈24, ≈96"; VariantName = "[No Variations]"
Add component (AddParameter): Name = "“”"; Value = "ќ∆ќ.467.173 “”"; VariantName = "[No Variations]"
Added Component: Designator=R63(1206)
Add component (AddParameter): Name = "ModelPrint"; Value = "1206"; VariantName = "[No Variations]"
Add component (AddParameter): Name = "Value"; Value = "51 кќм"; VariantName = "[No Variations]"
Added Component: Designator=R64(1206)
Add component (AddParameter): Name = "ModelPrint"; Value = "1206"; VariantName = "[No Variations]"
Add component (AddParameter): Name = "Value"; Value = "2,7 кќм"; VariantName = "[No Variations]"
Added Component: Designator=R65(HS15)
Add component (AddParameter): Name = "Value"; Value = "4,7 ќм"; VariantName = "[No Variations]"
Add component (AddParameter): Name = "ƒиапазон значений номинальных сопротивлений"; Value = "от 0,1 ќм до 3,01 ћќм"; VariantName = "[No Variations]"
Add component (AddParameter): Name = " атегории качества"; Value = "Ђќ“ ї"; VariantName = "[No Variations]"
Add component (AddParameter): Name = "Ќоминальна€ мощность рассе€ни€"; Value = "0,25 ¬т"; VariantName = "[No Variations]"
Add component (AddParameter): Name = "–€д сопротивлений"; Value = "≈24, ≈96"; VariantName = "[No Variations]"
Add component (AddParameter): Name = "“”"; Value = "ќ∆ќ.467.173 “”"; VariantName = "[No Variations]"
Added Component: Designator=R66(HS15)
Add component (AddParameter): Name = "Value"; Value = "4,7 ќм"; VariantName = "[No Variations]"
Add component (AddParameter): Name = "ƒиапазон значений номинальных сопротивлений"; Value = "от 0,1 ќм до 3,01 ћќм"; VariantName = "[No Variations]"
Add component (AddParameter): Name = " атегории качества"; Value = "Ђќ“ ї"; VariantName = "[No Variations]"
Add component (AddParameter): Name = "Ќоминальна€ мощность рассе€ни€"; Value = "0,25 ¬т"; VariantName = "[No Variations]"
Add component (AddParameter): Name = "–€д сопротивлений"; Value = "≈24, ≈96"; VariantName = "[No Variations]"
Add component (AddParameter): Name = "“”"; Value = "ќ∆ќ.467.173 “”"; VariantName = "[No Variations]"
Added Component: Designator=RP1(PVG3A)
Added Component: Designator=RP2(PVG3A)
Added Component: Designator=VD1(DO-35)
Add component (AddParameter): Name = "Value"; Value = ""; VariantName = "[No Variations]"
Added Component: Designator=VD2(DO-35)
Add component (AddParameter): Name = "Value"; Value = ""; VariantName = "[No Variations]"
Added Component: Designator=VD3(DO-35)
Add component (AddParameter): Name = "Value"; Value = ""; VariantName = "[No Variations]"
Added Component: Designator=VD4(DO-35)
Add component (AddParameter): Name = "Value"; Value = ""; VariantName = "[No Variations]"
Added Component: Designator=VD5(SOT-23-3)
Added Component: Designator=VD6(SOT-23-3)
Added Component: Designator=VD7(DO-35)
Add component (AddParameter): Name = "Value"; Value = ""; VariantName = "[No Variations]"
Added Component: Designator=VD8(SOT-23-3)
Added Component: Designator=VD9(SOT-23-3)
Added Component: Designator=VD10(WOM)
Added Component: Designator=VD11(GSIB-5S)
Added Component: Designator=VD12(DIOD: DO-35)
Add component (AddParameter): Name = "Value"; Value = ""; VariantName = "[No Variations]"
Added Component: Designator=VD13(DIOD: DO-35)
Add component (AddParameter): Name = "Value"; Value = ""; VariantName = "[No Variations]"
Added Component: Designator=VT3(TO-220-FP)
Added Component: Designator=VT4(TO-220-FP)
Added Component: Designator=XP2(280370-2)
Added Component: Designator=XP3(280372-2)
Added Component: Designator=XP4(280373-2)
Added Component: Designator= “1(LEPESTOK7750224)
Added Component: Designator= “2(LEPESTOK7750224)
Added Component: Designator= “3(LEPESTOK7750224)
Added Component: Designator= “4(LEPESTOK7750224)
Added Component: Designator= “5(LEPESTOK7750224)
Added Component: Designator= “6(LEPESTOK7750224)
Added Pin To Net: NetName=+5n Pin=C3-2
Added Pin To Net: NetName=+5n Pin=C4-2
Added Pin To Net: NetName=+5n Pin=C6-2
Added Pin To Net: NetName=+5n Pin=C14-1
Added Pin To Net: NetName=+5n Pin=DA1-1
Added Pin To Net: NetName=+5n Pin=DA2-16
Added Pin To Net: NetName=+5n Pin=DA3-16
Added Pin To Net: NetName=+5n Pin=DA4-1
Added Pin To Net: NetName=+5n Pin=DA5-16
Added Pin To Net: NetName=+5n Pin=DA6-1
Added Pin To Net: NetName=+5n Pin=DA8-5
Added Pin To Net: NetName=+5n Pin=DA9-1
Added Pin To Net: NetName=+5n Pin=DA10-1
Added Pin To Net: NetName=+5n Pin=XP2-1
Added Net: Name=+5n
Added Pin To Net: NetName=+5 Pin=C2-1
Added Pin To Net: NetName=+5 Pin=C8-1
Added Pin To Net: NetName=+5 Pin=C9-2
Added Pin To Net: NetName=+5 Pin=C10-2
Added Pin To Net: NetName=+5 Pin=C11-2
Added Pin To Net: NetName=+5 Pin=C12-1
Added Pin To Net: NetName=+5 Pin=C19-1
Added Pin To Net: NetName=+5 Pin=C20-1
Added Pin To Net: NetName=+5 Pin=C26-2
Added Pin To Net: NetName=+5 Pin=C54-1
Added Pin To Net: NetName=+5 Pin=DA1-5
Added Pin To Net: NetName=+5 Pin=DA2-1
Added Pin To Net: NetName=+5 Pin=DA3-1
Added Pin To Net: NetName=+5 Pin=DA4-5
Added Pin To Net: NetName=+5 Pin=DA5-1
Added Pin To Net: NetName=+5 Pin=DA6-5
Added Pin To Net: NetName=+5 Pin=DA8-1
Added Pin To Net: NetName=+5 Pin=DA9-5
Added Pin To Net: NetName=+5 Pin=DA10-5
Added Pin To Net: NetName=+5 Pin=DA11-8
Added Pin To Net: NetName=+5 Pin=DD1-14
Added Pin To Net: NetName=+5 Pin=DD2-14
Added Pin To Net: NetName=+5 Pin=R5-1
Added Pin To Net: NetName=+5 Pin=R6-1
Added Pin To Net: NetName=+5 Pin=R7-1
Added Pin To Net: NetName=+5 Pin=R45-2
Added Pin To Net: NetName=+5 Pin=R54-1
Added Pin To Net: NetName=+5 Pin=R55-2
Added Pin To Net: NetName=+5 Pin=R57-2
Added Pin To Net: NetName=+5 Pin=XP3-3
Added Net: Name=+5
Added Pin To Net: NetName=+15 Pin=C13-1
Added Pin To Net: NetName=+15 Pin=C25-2
Added Pin To Net: NetName=+15 Pin=C28-2
Added Pin To Net: NetName=+15 Pin=C34-2
Added Pin To Net: NetName=+15 Pin=C48-2
Added Pin To Net: NetName=+15 Pin=C50-1
Added Pin To Net: NetName=+15 Pin=DA7-2
Added Pin To Net: NetName=+15 Pin=DA12-8
Added Pin To Net: NetName=+15 Pin=DA15-3
Added Pin To Net: NetName=+15 Pin=DA17-8
Added Pin To Net: NetName=+15 Pin=DA18-8
Added Pin To Net: NetName=+15 Pin=DA19-8
Added Pin To Net: NetName=+15 Pin=DA20-8
Added Pin To Net: NetName=+15 Pin=DA21-8
Added Pin To Net: NetName=+15 Pin=R11-1
Added Pin To Net: NetName=+15 Pin=R13-2
Added Net: Name=+15
Added Pin To Net: NetName=+70 Pin=R65-2
Added Pin To Net: NetName=+70 Pin=R66-2
Added Net: Name=+70
Added Pin To Net: NetName=+100 Pin=C38-2
Added Pin To Net: NetName=+100 Pin=C47-2
Added Pin To Net: NetName=+100 Pin=DA14-3
Added Pin To Net: NetName=+100 Pin=R43-2
Added Pin To Net: NetName=+100 Pin=R64-1
Added Net: Name=+100
Added Pin To Net: NetName=-15 Pin=C27-1
Added Pin To Net: NetName=-15 Pin=C29-1
Added Pin To Net: NetName=-15 Pin=C39-1
Added Pin To Net: NetName=-15 Pin=C49-1
Added Pin To Net: NetName=-15 Pin=C51-1
Added Pin To Net: NetName=-15 Pin=DA14-4
Added Pin To Net: NetName=-15 Pin=DA17-4
Added Pin To Net: NetName=-15 Pin=DA18-4
Added Pin To Net: NetName=-15 Pin=DA20-4
Added Pin To Net: NetName=-15 Pin=DA21-4
Added Pin To Net: NetName=-15 Pin=R12-1
Added Pin To Net: NetName=-15 Pin=R16-1
Added Net: Name=-15
Added Pin To Net: NetName=-70 Pin=R39-1
Added Pin To Net: NetName=-70 Pin=VD8-1
Added Net: Name=-70
Added Pin To Net: NetName=-100 Pin=C37-1
Added Pin To Net: NetName=-100 Pin=C46-1
Added Pin To Net: NetName=-100 Pin=DA15-4
Added Pin To Net: NetName=-100 Pin=R44-2
Added Net: Name=-100
Added Pin To Net: NetName=50E+ Pin=DA1-7
Added Pin To Net: NetName=50E+ Pin=DD2-4
Added Pin To Net: NetName=50E+ Pin=K1-3
Added Net: Name=50E+
Added Pin To Net: NetName=50E- Pin=DA6-7
Added Pin To Net: NetName=50E- Pin=DD2-12
Added Pin To Net: NetName=50E- Pin=K2-3
Added Net: Name=50E-
Added Pin To Net: NetName=50En+ Pin=DA1-2
Added Net: Name=50En+
Added Pin To Net: NetName=50En- Pin=DA6-2
Added Net: Name=50En-
Added Pin To Net: NetName=70+ Pin=VD11-1
Added Net: Name=70+
Added Pin To Net: NetName=70- Pin=VD11-2
Added Net: Name=70-
Added Pin To Net: NetName=CLK_DA2 Pin=DA3-3
Added Pin To Net: NetName=CLK_DA2 Pin=DA11-4
Added Net: Name=CLK_DA2
Added Pin To Net: NetName=DAT_DA2 Pin=DA2-3
Added Pin To Net: NetName=DAT_DA2 Pin=DA11-5
Added Net: Name=DAT_DA2
Added Pin To Net: NetName=EIMPn Pin=DA10-2
Added Net: Name=EIMPn
Added Pin To Net: NetName=EIMP Pin=DA10-7
Added Pin To Net: NetName=EIMP Pin=DD2-5
Added Pin To Net: NetName=EIMP Pin=DD2-13
Added Net: Name=EIMP
Added Pin To Net: NetName=ENB_DA2 Pin=DA4-7
Added Pin To Net: NetName=ENB_DA2 Pin=DA11-6
Added Pin To Net: NetName=ENB_DA2 Pin=DD1-13
Added Net: Name=ENB_DA2
Added Pin To Net: NetName=GNDN Pin=C1-1
Added Pin To Net: NetName=GNDN Pin=C5-1
Added Pin To Net: NetName=GNDN Pin=C7-1
Added Pin To Net: NetName=GNDN Pin=C15-1
Added Pin To Net: NetName=GNDN Pin=C16-1
Added Pin To Net: NetName=GNDN Pin=DA1-4
Added Pin To Net: NetName=GNDN Pin=DA2-9
Added Pin To Net: NetName=GNDN Pin=DA3-9
Added Pin To Net: NetName=GNDN Pin=DA4-4
Added Pin To Net: NetName=GNDN Pin=DA5-9
Added Pin To Net: NetName=GNDN Pin=DA6-4
Added Pin To Net: NetName=GNDN Pin=DA8-8
Added Pin To Net: NetName=GNDN Pin=DA9-4
Added Pin To Net: NetName=GNDN Pin=DA10-4
Added Pin To Net: NetName=GNDN Pin=R1-1
Added Net: Name=GNDN
Added Pin To Net: NetName=GNDR Pin=C18-1
Added Pin To Net: NetName=GNDR Pin=DA1-8
Added Pin To Net: NetName=GNDR Pin=DA2-4
Added Pin To Net: NetName=GNDR Pin=DA2-8
Added Pin To Net: NetName=GNDR Pin=DA3-4
Added Pin To Net: NetName=GNDR Pin=DA3-8
Added Pin To Net: NetName=GNDR Pin=DA4-8
Added Pin To Net: NetName=GNDR Pin=DA5-4
Added Pin To Net: NetName=GNDR Pin=DA5-8
Added Pin To Net: NetName=GNDR Pin=DA6-8
Added Pin To Net: NetName=GNDR Pin=DA8-4
Added Pin To Net: NetName=GNDR Pin=DA9-8
Added Pin To Net: NetName=GNDR Pin=DA10-8
Added Pin To Net: NetName=GNDR Pin=R8-1
Added Net: Name=GNDR
Added Pin To Net: NetName=GND Pin=C13-2
Added Pin To Net: NetName=GND Pin=C17-1
Added Pin To Net: NetName=GND Pin=C25-1
Added Pin To Net: NetName=GND Pin=C26-1
Added Pin To Net: NetName=GND Pin=C27-2
Added Pin To Net: NetName=GND Pin=C28-1
Added Pin To Net: NetName=GND Pin=C29-2
Added Pin To Net: NetName=GND Pin=C30-1
Added Pin To Net: NetName=GND Pin=C31-1
Added Pin To Net: NetName=GND Pin=C34-1
Added Pin To Net: NetName=GND Pin=C37-2
Added Pin To Net: NetName=GND Pin=C38-1
Added Pin To Net: NetName=GND Pin=C39-2
Added Pin To Net: NetName=GND Pin=C46-2
Added Pin To Net: NetName=GND Pin=C47-1
Added Pin To Net: NetName=GND Pin=C48-1
Added Pin To Net: NetName=GND Pin=C49-2
Added Pin To Net: NetName=GND Pin=C50-2
Added Pin To Net: NetName=GND Pin=C51-2
Added Pin To Net: NetName=GND Pin=C54-2
Added Pin To Net: NetName=GND Pin=DA7-4
Added Pin To Net: NetName=GND Pin=DA11-2
Added Pin To Net: NetName=GND Pin=DA11-3
Added Pin To Net: NetName=GND Pin=DA12-3
Added Pin To Net: NetName=GND Pin=DA12-5
Added Pin To Net: NetName=GND Pin=DA17-5
Added Pin To Net: NetName=GND Pin=DA18-5
Added Pin To Net: NetName=GND Pin=DA19-5
Added Pin To Net: NetName=GND Pin=DA20-1
Added Pin To Net: NetName=GND Pin=DA21-1
Added Pin To Net: NetName=GND Pin=DA21-3
Added Pin To Net: NetName=GND Pin=DD1-7
Added Pin To Net: NetName=GND Pin=DD2-7
Added Pin To Net: NetName=GND Pin=R8-2
Added Pin To Net: NetName=GND Pin=R14-1
Added Pin To Net: NetName=GND Pin=R15-2
Added Pin To Net: NetName=GND Pin=R19-1
Added Pin To Net: NetName=GND Pin=R22-1
Added Pin To Net: NetName=GND Pin=R40-2
Added Pin To Net: NetName=GND Pin=R41-2
Added Pin To Net: NetName=GND Pin=R46-1
Added Pin To Net: NetName=GND Pin=R52-1
Added Pin To Net: NetName=GND Pin=R56-1
Added Pin To Net: NetName=GND Pin=XP3-6
Added Pin To Net: NetName=GND Pin=XP4-2
Added Pin To Net: NetName=GND Pin=XP4-3
Added Pin To Net: NetName=GND Pin=XP4-4
Added Pin To Net: NetName=GND Pin=XP4-5
Added Pin To Net: NetName=GND Pin=XP4-6
Added Pin To Net: NetName=GND Pin=XP4-7
Added Net: Name=GND
Added Pin To Net: NetName=IMPc Pin=DA5-3
Added Pin To Net: NetName=IMPc Pin=DD2-1
Added Pin To Net: NetName=IMPc Pin=DD2-9
Added Net: Name=IMPc
Added Pin To Net: NetName=LIMITn Pin=DA9-2
Added Net: Name=LIMITn
Added Pin To Net: NetName=LIMIT Pin=DA9-7
Added Pin To Net: NetName=LIMIT Pin=DD1-9
Added Net: Name=LIMIT
Added Pin To Net: NetName=LM+ Pin=R49-1
Added Pin To Net: NetName=LM+ Pin=XP4-1
Added Net: Name=LM+
Added Pin To Net: NetName=LM- Pin=R51-2
Added Pin To Net: NetName=LM- Pin=XP4-8
Added Net: Name=LM-
Added Pin To Net: NetName=Net2 Pin=R37-2
Added Pin To Net: NetName=Net2 Pin=R42-2
Added Pin To Net: NetName=Net2 Pin=VD6-1
Added Pin To Net: NetName=Net2 Pin=VD7-1
Added Pin To Net: NetName=Net2 Pin=VD9-3
Added Net: Name=Net2
Added Pin To Net: NetName=Net3 Pin=C32-2
Added Pin To Net: NetName=Net3 Pin=C44-2
Added Pin To Net: NetName=Net3 Pin=R25-2
Added Pin To Net: NetName=Net3 Pin=R42-1
Added Pin To Net: NetName=Net3 Pin=VD9-1
Added Net: Name=Net3
Added Pin To Net: NetName=Net5 Pin=C33-2
Added Pin To Net: NetName=Net5 Pin=C45-2
Added Pin To Net: NetName=Net5 Pin=R26-2
Added Pin To Net: NetName=Net5 Pin=R38-2
Added Net: Name=Net5
Added Pin To Net: NetName=Net6 Pin=R39-2
Added Pin To Net: NetName=Net6 Pin=VD8-3
Added Net: Name=Net6
Added Pin To Net: NetName=Net8 Pin=VD10-1
Added Net: Name=Net8
Added Pin To Net: NetName=Net12 Pin=VD10-2
Added Net: Name=Net12
Added Pin To Net: NetName=NetC1_2 Pin=C1-2
Added Pin To Net: NetName=NetC1_2 Pin=DA1-3
Added Net: Name=NetC1_2
Added Pin To Net: NetName=NetC2_2 Pin=C2-2
Added Pin To Net: NetName=NetC2_2 Pin=DA1-6
Added Net: Name=NetC2_2
Added Pin To Net: NetName=NetC3_1 Pin=C3-1
Added Pin To Net: NetName=NetC3_1 Pin=DA2-15
Added Net: Name=NetC3_1
Added Pin To Net: NetName=NetC4_1 Pin=C4-1
Added Pin To Net: NetName=NetC4_1 Pin=DA3-15
Added Net: Name=NetC4_1
Added Pin To Net: NetName=NetC5_2 Pin=C5-2
Added Pin To Net: NetName=NetC5_2 Pin=DA4-3
Added Net: Name=NetC5_2
Added Pin To Net: NetName=NetC6_1 Pin=C6-1
Added Pin To Net: NetName=NetC6_1 Pin=DA5-15
Added Net: Name=NetC6_1
Added Pin To Net: NetName=NetC7_2 Pin=C7-2
Added Pin To Net: NetName=NetC7_2 Pin=DA6-3
Added Net: Name=NetC7_2
Added Pin To Net: NetName=NetC8_2 Pin=C8-2
Added Pin To Net: NetName=NetC8_2 Pin=DA4-6
Added Net: Name=NetC8_2
Added Pin To Net: NetName=NetC9_1 Pin=C9-1
Added Pin To Net: NetName=NetC9_1 Pin=DA2-2
Added Net: Name=NetC9_1
Added Pin To Net: NetName=NetC10_1 Pin=C10-1
Added Pin To Net: NetName=NetC10_1 Pin=DA3-2
Added Net: Name=NetC10_1
Added Pin To Net: NetName=NetC11_1 Pin=C11-1
Added Pin To Net: NetName=NetC11_1 Pin=DA5-2
Added Net: Name=NetC11_1
Added Pin To Net: NetName=NetC12_2 Pin=C12-2
Added Pin To Net: NetName=NetC12_2 Pin=DA6-6
Added Net: Name=NetC12_2
Added Pin To Net: NetName=NetC14_2 Pin=C14-2
Added Pin To Net: NetName=NetC14_2 Pin=DA8-6
Added Net: Name=NetC14_2
Added Pin To Net: NetName=NetC15_2 Pin=C15-2
Added Pin To Net: NetName=NetC15_2 Pin=DA9-3
Added Net: Name=NetC15_2
Added Pin To Net: NetName=NetC16_2 Pin=C16-2
Added Pin To Net: NetName=NetC16_2 Pin=DA10-3
Added Net: Name=NetC16_2
Added Pin To Net: NetName=NetC17_2 Pin=C17-2
Added Pin To Net: NetName=NetC17_2 Pin=DA7-6
Added Pin To Net: NetName=NetC17_2 Pin=DA11-9
Added Net: Name=NetC17_2
Added Pin To Net: NetName=NetC18_2 Pin=C18-2
Added Pin To Net: NetName=NetC18_2 Pin=DA8-3
Added Net: Name=NetC18_2
Added Pin To Net: NetName=NetC19_2 Pin=C19-2
Added Pin To Net: NetName=NetC19_2 Pin=DA9-6
Added Net: Name=NetC19_2
Added Pin To Net: NetName=NetC20_2 Pin=C20-2
Added Pin To Net: NetName=NetC20_2 Pin=DA10-6
Added Net: Name=NetC20_2
Added Pin To Net: NetName=NetC21_1 Pin=C21-1
Added Pin To Net: NetName=NetC21_1 Pin=DA12-6
Added Pin To Net: NetName=NetC21_1 Pin=R9-2
Added Pin To Net: NetName=NetC21_1 Pin=R10-1
Added Net: Name=NetC21_1
Added Pin To Net: NetName=NetC21_2 Pin=C21-2
Added Pin To Net: NetName=NetC21_2 Pin=DA12-7
Added Pin To Net: NetName=NetC21_2 Pin=R10-2
Added Net: Name=NetC21_2
Added Pin To Net: NetName=NetC30_2 Pin=C30-2
Added Pin To Net: NetName=NetC30_2 Pin=DA14-2
Added Pin To Net: NetName=NetC30_2 Pin=R19-2
Added Pin To Net: NetName=NetC30_2 Pin=R20-2
Added Pin To Net: NetName=NetC30_2 Pin=R23-1
Added Pin To Net: NetName=NetC30_2 Pin=VD1-1
Added Net: Name=NetC30_2
Added Pin To Net: NetName=NetC31_2 Pin=C31-2
Added Pin To Net: NetName=NetC31_2 Pin=DA15-2
Added Pin To Net: NetName=NetC31_2 Pin=R21-2
Added Pin To Net: NetName=NetC31_2 Pin=R22-2
Added Pin To Net: NetName=NetC31_2 Pin=R24-1
Added Pin To Net: NetName=NetC31_2 Pin=VD2-1
Added Pin To Net: NetName=NetC31_2 Pin=VD4-2
Added Net: Name=NetC31_2
Added Pin To Net: NetName=NetC32_1 Pin=C32-1
Added Pin To Net: NetName=NetC32_1 Pin=DA14-1
Added Pin To Net: NetName=NetC32_1 Pin=R17-2
Added Pin To Net: NetName=NetC32_1 Pin=R25-1
Added Pin To Net: NetName=NetC32_1 Pin=VD1-2
Added Pin To Net: NetName=NetC32_1 Pin=VD3-1
Added Net: Name=NetC32_1
Added Pin To Net: NetName=NetC33_1 Pin=C33-1
Added Pin To Net: NetName=NetC33_1 Pin=DA15-1
Added Pin To Net: NetName=NetC33_1 Pin=R18-2
Added Pin To Net: NetName=NetC33_1 Pin=R26-1
Added Pin To Net: NetName=NetC33_1 Pin=VD4-1
Added Net: Name=NetC33_1
Added Pin To Net: NetName=NetC35_1 Pin=C35-1
Added Pin To Net: NetName=NetC35_1 Pin=C40-1
Added Pin To Net: NetName=NetC35_1 Pin=DA14-7
Added Net: Name=NetC35_1
Added Pin To Net: NetName=NetC35_2 Pin=C35-2
Added Pin To Net: NetName=NetC35_2 Pin=C40-2
Added Pin To Net: NetName=NetC35_2 Pin=DA14-6
Added Net: Name=NetC35_2
Added Pin To Net: NetName=NetC36_1 Pin=C36-1
Added Pin To Net: NetName=NetC36_1 Pin=C41-1
Added Pin To Net: NetName=NetC36_1 Pin=DA15-7
Added Net: Name=NetC36_1
Added Pin To Net: NetName=NetC36_2 Pin=C36-2
Added Pin To Net: NetName=NetC36_2 Pin=C41-2
Added Pin To Net: NetName=NetC36_2 Pin=DA15-6
Added Net: Name=NetC36_2
Added Pin To Net: NetName=NetC42_2 Pin=DA17-3
Added Net: Name=NetC42_2
Added Pin To Net: NetName=NetC43_2 Pin=DA18-3
Added Net: Name=NetC43_2
Added Pin To Net: NetName=NetC44_1 Pin=C44-1
Added Pin To Net: NetName=NetC44_1 Pin=R40-1
Added Net: Name=NetC44_1
Added Pin To Net: NetName=NetC45_1 Pin=C45-1
Added Pin To Net: NetName=NetC45_1 Pin=R41-1
Added Net: Name=NetC45_1
Added Pin To Net: NetName=NetC52_1 Pin=C52-1
Added Pin To Net: NetName=NetC52_1 Pin=C53-2
Added Pin To Net: NetName=NetC52_1 Pin=DA20-7
Added Pin To Net: NetName=NetC52_1 Pin=DA21-7
Added Pin To Net: NetName=NetC52_1 Pin=DD1-4
Added Pin To Net: NetName=NetC52_1 Pin=R57-1
Added Net: Name=NetC52_1
Added Pin To Net: NetName=NetC52_2 Pin=C52-2
Added Pin To Net: NetName=NetC52_2 Pin=DA20-2
Added Pin To Net: NetName=NetC52_2 Pin=R52-2
Added Net: Name=NetC52_2
Added Pin To Net: NetName=NetC53_1 Pin=C53-1
Added Pin To Net: NetName=NetC53_1 Pin=DA21-2
Added Pin To Net: NetName=NetC53_1 Pin=R51-1
Added Pin To Net: NetName=NetC53_1 Pin=R53-1
Added Net: Name=NetC53_1
Added Pin To Net: NetName=NetDA2_7 Pin=DA2-7
Added Pin To Net: NetName=NetDA2_7 Pin=R5-2
Added Net: Name=NetDA2_7
Added Pin To Net: NetName=NetDA2_12 Pin=DA2-12
Added Pin To Net: NetName=NetDA2_12 Pin=R2-1
Added Net: Name=NetDA2_12
Added Pin To Net: NetName=NetDA2_13 Pin=DA2-13
Added Pin To Net: NetName=NetDA2_13 Pin=R2-2
Added Net: Name=NetDA2_13
Added Pin To Net: NetName=NetDA3_7 Pin=DA3-7
Added Pin To Net: NetName=NetDA3_7 Pin=R6-2
Added Net: Name=NetDA3_7
Added Pin To Net: NetName=NetDA3_12 Pin=DA3-12
Added Pin To Net: NetName=NetDA3_12 Pin=R3-1
Added Net: Name=NetDA3_12
Added Pin To Net: NetName=NetDA3_13 Pin=DA3-13
Added Pin To Net: NetName=NetDA3_13 Pin=R3-2
Added Net: Name=NetDA3_13
Added Pin To Net: NetName=NetDA4_2 Pin=DA4-2
Added Net: Name=NetDA4_2
Added Pin To Net: NetName=NetDA5_7 Pin=DA5-7
Added Pin To Net: NetName=NetDA5_7 Pin=R7-2
Added Net: Name=NetDA5_7
Added Pin To Net: NetName=NetDA5_12 Pin=DA5-12
Added Pin To Net: NetName=NetDA5_12 Pin=R4-1
Added Net: Name=NetDA5_12
Added Pin To Net: NetName=NetDA5_13 Pin=DA5-13
Added Pin To Net: NetName=NetDA5_13 Pin=R4-2
Added Net: Name=NetDA5_13
Added Pin To Net: NetName=NetDA11_1 Pin=DA11-1
Added Pin To Net: NetName=NetDA11_1 Pin=DA12-2
Added Net: Name=NetDA11_1
Added Pin To Net: NetName=NetDA11_10 Pin=DA11-10
Added Pin To Net: NetName=NetDA11_10 Pin=DA12-1
Added Pin To Net: NetName=NetDA11_10 Pin=R9-1
Added Net: Name=NetDA11_10
Added Pin To Net: NetName=NetDA13_1 Pin=DD2-6
Added Net: Name=NetDA13_1
Added Pin To Net: NetName=NetDA13_8 Pin=DD2-8
Added Net: Name=NetDA13_8
Added Pin To Net: NetName=NetDA14_5 Pin=DA14-5
Added Pin To Net: NetName=NetDA14_5 Pin=R29-1
Added Net: Name=NetDA14_5
Added Pin To Net: NetName=NetDA15_5 Pin=DA15-5
Added Pin To Net: NetName=NetDA15_5 Pin=R30-1
Added Net: Name=NetDA15_5
Added Pin To Net: NetName=NetDA17_1 Pin=DA17-1
Added Pin To Net: NetName=NetDA17_1 Pin=DA17-2
Added Pin To Net: NetName=NetDA17_1 Pin=R31-1
Added Net: Name=NetDA17_1
Added Pin To Net: NetName=NetDA17_6 Pin=DA17-6
Added Pin To Net: NetName=NetDA17_6 Pin=R31-2
Added Pin To Net: NetName=NetDA17_6 Pin=R33-1
Added Net: Name=NetDA17_6
Added Pin To Net: NetName=NetDA17_7 Pin=DA17-7
Added Pin To Net: NetName=NetDA17_7 Pin=R27-2
Added Pin To Net: NetName=NetDA17_7 Pin=R33-2
Added Net: Name=NetDA17_7
Added Pin To Net: NetName=NetDA18_1 Pin=DA18-1
Added Pin To Net: NetName=NetDA18_1 Pin=DA18-2
Added Pin To Net: NetName=NetDA18_1 Pin=R32-1
Added Net: Name=NetDA18_1
Added Pin To Net: NetName=NetDA18_6 Pin=DA18-6
Added Pin To Net: NetName=NetDA18_6 Pin=R32-2
Added Pin To Net: NetName=NetDA18_6 Pin=R34-1
Added Net: Name=NetDA18_6
Added Pin To Net: NetName=NetDA18_7 Pin=DA18-7
Added Pin To Net: NetName=NetDA18_7 Pin=R28-2
Added Pin To Net: NetName=NetDA18_7 Pin=R34-2
Added Net: Name=NetDA18_7
Added Pin To Net: NetName=NetDA19_1 Pin=DA19-1
Added Pin To Net: NetName=NetDA19_1 Pin=DA19-2
Added Pin To Net: NetName=NetDA19_1 Pin=R47-1
Added Pin To Net: NetName=NetDA19_1 Pin=R50-1
Added Net: Name=NetDA19_1
Added Pin To Net: NetName=NetDA19_3 Pin=DA19-3
Added Pin To Net: NetName=NetDA19_3 Pin=R45-1
Added Pin To Net: NetName=NetDA19_3 Pin=R46-2
Added Net: Name=NetDA19_3
Added Pin To Net: NetName=NetDA19_6 Pin=DA19-6
Added Pin To Net: NetName=NetDA19_6 Pin=R47-2
Added Pin To Net: NetName=NetDA19_6 Pin=R48-1
Added Net: Name=NetDA19_6
Added Pin To Net: NetName=NetDA19_7 Pin=DA19-7
Added Pin To Net: NetName=NetDA19_7 Pin=R48-2
Added Pin To Net: NetName=NetDA19_7 Pin=R53-2
Added Net: Name=NetDA19_7
Added Pin To Net: NetName=NetDA20_3 Pin=DA20-3
Added Pin To Net: NetName=NetDA20_3 Pin=R49-2
Added Pin To Net: NetName=NetDA20_3 Pin=R50-2
Added Net: Name=NetDA20_3
Added Pin To Net: NetName=NetDD1_1 Pin=DD1-1
Added Pin To Net: NetName=NetDD1_1 Pin=DD1-2
Added Pin To Net: NetName=NetDD1_1 Pin=DD1-8
Added Net: Name=NetDD1_1
Added Pin To Net: NetName=NetDD1_3 Pin=DD1-3
Added Pin To Net: NetName=NetDD1_3 Pin=DD2-2
Added Pin To Net: NetName=NetDD1_3 Pin=DD2-10
Added Net: Name=NetDD1_3
Added Pin To Net: NetName=NetDD1_6 Pin=DD1-6
Added Pin To Net: NetName=NetDD1_6 Pin=DD1-12
Added Net: Name=NetDD1_6
Added Pin To Net: NetName=NetK1_2 Pin=K1-2
Added Pin To Net: NetName=NetK1_2 Pin=R54-2
Added Net: Name=NetK1_2
Added Pin To Net: NetName=NetK1_5 Pin=K1-5
Added Pin To Net: NetName=NetK1_5 Pin=R56-2
Added Pin To Net: NetName=NetK1_5 Pin=VD12-2
Added Net: Name=NetK1_5
Added Pin To Net: NetName=NetK1_8 Pin=K1-8
Added Pin To Net: NetName=NetK1_8 Pin=R60-1
Added Net: Name=NetK1_8
Added Pin To Net: NetName=NetK2_2 Pin=K2-2
Added Pin To Net: NetName=NetK2_2 Pin=R55-1
Added Net: Name=NetK2_2
Added Pin To Net: NetName=NetK2_5 Pin=K2-5
Added Pin To Net: NetName=NetK2_5 Pin=R64-2
Added Net: Name=NetK2_5
Added Pin To Net: NetName=NetK2_8 Pin=K2-8
Added Pin To Net: NetName=NetK2_8 Pin=R58-1
Added Net: Name=NetK2_8
Added Pin To Net: NetName=NetR1_2 Pin=R1-2
Added Pin To Net: NetName=NetR1_2 Pin=XP2-2
Added Net: Name=NetR1_2
Added Pin To Net: NetName=NetR11_2 Pin=R11-2
Added Pin To Net: NetName=NetR11_2 Pin=XP3-2
Added Net: Name=NetR11_2
Added Pin To Net: NetName=NetR12_2 Pin=R12-2
Added Pin To Net: NetName=NetR12_2 Pin=XP3-4
Added Net: Name=NetR12_2
Added Pin To Net: NetName=NetR13_1 Pin=R13-1
Added Pin To Net: NetName=NetR13_1 Pin=R14-2
Added Pin To Net: NetName=NetR13_1 Pin=RP1-3
Added Pin To Net: NetName=NetR13_1 Pin=RP2-3
Added Net: Name=NetR13_1
Added Pin To Net: NetName=NetR15_1 Pin=R15-1
Added Pin To Net: NetName=NetR15_1 Pin=R16-2
Added Pin To Net: NetName=NetR15_1 Pin=RP1-1
Added Pin To Net: NetName=NetR15_1 Pin=RP2-1
Added Net: Name=NetR15_1
Added Pin To Net: NetName=NetR20_1 Pin=R20-1
Added Pin To Net: NetName=NetR20_1 Pin=RP1-2
Added Net: Name=NetR20_1
Added Pin To Net: NetName=NetR21_1 Pin=R21-1
Added Pin To Net: NetName=NetR21_1 Pin=RP2-2
Added Net: Name=NetR21_1
Added Pin To Net: NetName=NetR23_2 Pin=R23-2
Added Pin To Net: NetName=NetR23_2 Pin=R27-1
Added Net: Name=NetR23_2
Added Pin To Net: NetName=NetR24_2 Pin=R24-2
Added Pin To Net: NetName=NetR24_2 Pin=R28-1
Added Net: Name=NetR24_2
Added Pin To Net: NetName=NetR29_2 Pin=R29-2
Added Pin To Net: NetName=NetR29_2 Pin=R36-1
Added Pin To Net: NetName=NetR29_2 Pin=R37-1
Added Net: Name=NetR29_2
Added Pin To Net: NetName=NetR30_2 Pin=R30-2
Added Pin To Net: NetName=NetR30_2 Pin=R35-1
Added Pin To Net: NetName=NetR30_2 Pin=VD5-1
Added Net: Name=NetR30_2
Added Pin To Net: NetName=NetR35_2 Pin=R35-2
Added Pin To Net: NetName=NetR35_2 Pin=R38-1
Added Net: Name=NetR35_2
Added Pin To Net: NetName=NetR36_2 Pin=R36-2
Added Pin To Net: NetName=NetR36_2 Pin=VD7-2
Added Net: Name=NetR36_2
Added Pin To Net: NetName=NetR43_1 Pin=R43-1
Added Pin To Net: NetName=NetR43_1 Pin=VD10-4
Added Net: Name=NetR43_1
Added Pin To Net: NetName=NetR44_1 Pin=R44-1
Added Pin To Net: NetName=NetR44_1 Pin=VD10-3
Added Net: Name=NetR44_1
Added Pin To Net: NetName=NetR58_2 Pin=R58-2
Added Pin To Net: NetName=NetR58_2 Pin=R63-1
Added Net: Name=NetR58_2
Added Pin To Net: NetName=NetR59_1 Pin=R59-1
Added Pin To Net: NetName=NetR59_1 Pin=R62-1
Added Pin To Net: NetName=NetR59_1 Pin=VD11-3
Added Pin To Net: NetName=NetR59_1 Pin=VD12-1
Added Net: Name=NetR59_1
Added Pin To Net: NetName=NetR59_2 Pin=R59-2
Added Pin To Net: NetName=NetR59_2 Pin=R60-2
Added Net: Name=NetR59_2
Added Pin To Net: NetName=NetR61_1 Pin=R61-1
Added Pin To Net: NetName=NetR61_1 Pin=VD11-4
Added Net: Name=NetR61_1
Added Pin To Net: NetName=NetR61_2 Pin=R61-2
Added Pin To Net: NetName=NetR61_2 Pin=R63-2
Added Pin To Net: NetName=NetR61_2 Pin=R65-1
Added Pin To Net: NetName=NetR61_2 Pin=VD13-1
Added Net: Name=NetR61_2
Added Pin To Net: NetName=NetR62_2 Pin=R62-2
Added Pin To Net: NetName=NetR62_2 Pin=R66-1
Added Net: Name=NetR62_2
Added Pin To Net: NetName=OVLI,2n Pin=DA8-7
Added Net: Name=OVLI,2n
Added Pin To Net: NetName=OVLI,2 Pin=DA8-2
Added Pin To Net: NetName=OVLI,2 Pin=DD1-5
Added Pin To Net: NetName=OVLI,2 Pin=DD1-10
Added Pin To Net: NetName=OVLI,2 Pin=DD1-11
Added Net: Name=OVLI,2
Added Pin To Net: NetName=S+ Pin=R17-1
Added Net: Name=S+
Added Pin To Net: NetName=S- Pin=R18-1
Added Net: Name=S-
Added Class: Name=Sheet1
Added Class: Name=Sheet2
Added Class: Name=Sheet3
Added Rule: Name=Schematic Supply Nets
Added Rule: Name=Schematic Supply Nets_1
Added Rule: Name=Schematic Supply Nets_2
Added Rule: Name=Schematic Supply Nets_3
Added Rule: Name=Schematic Supply Nets_4
Added Rule: Name=Schematic Supply Nets_5
Added Rule: Name=Schematic Supply Nets_6
Added Rule: Name=Schematic Supply Nets_7
Added Rule: Name=Schematic Supply Nets_8
Added Rule: Name=Schematic Supply Nets_9
Added Rule: Name=Schematic Supply Nets_10
Added Rule: Name=Schematic Supply Nets_11
Added Rule: Name=Schematic Supply Nets_12
Added Rule: Name=Schematic Supply Nets_13
Added Rule: Name=Schematic Supply Nets_14
Added Rule: Name=Schematic Supply Nets_15
Added Rule: Name=Schematic Supply Nets_16
Added Rule: Name=Schematic Supply Nets_17
Added Rule: Name=Schematic Supply Nets_18
Added Rule: Name=Schematic Supply Nets_19
Added Rule: Name=Schematic Supply Nets_20
Added Rule: Name=Schematic Supply Nets_21
Added Rule: Name=Schematic Supply Nets_22
Added Rule: Name=Schematic Supply Nets_23
Added Rule: Name=Schematic Supply Nets_24
Added Rule: Name=Schematic Supply Nets_25
Added Rule: Name=Schematic Supply Nets_26
Added Rule: Name=Schematic Supply Nets_27
Added Rule: Name=Schematic Supply Nets_28
Added Rule: Name=Schematic Supply Nets_29
Added Rule: Name=Schematic Supply Nets_30
