Change Component Footprint: Designator=R28 Old Footprint=—2-33Õ-0,125¿» (070.04.0501.08.00) New Footprint=RES_AXIAL_VERTICAL_5mm
Change Component Footprint: Designator=R29 Old Footprint=—2-33Õ-0,125¿» (070.04.0501.08.00) New Footprint=RES_AXIAL_VERTICAL_5mm
Change Component Footprint: Designator=R64 Old Footprint=—2-33Õ-0,125¿» (070.04.0501.08.00) New Footprint=RES_AXIAL_VERTICAL_5mm
Change Component Footprint: Designator=R65 Old Footprint=—2-33Õ-0,125¿» (070.04.0501.08.00) New Footprint=RES_AXIAL_VERTICAL_5mm
Added Component: Designator=C34( 73-17-A15)
Added Component: Designator=C35( 73-17-A15)
Add Pin To Net: Unknown Pin: Pin 1-
Add Pin To Net: Unknown Pin: Pin 2-
Add Pin To Net: Unknown Pin: Pin 3-
Add Pin To Net: Unknown Pin: Pin 4-
Add Pin To Net: Unknown Pin: Pin 5-
Add Pin To Net: Unknown Pin: Pin 6-
Add Pin To Net: Unknown Pin: Pin 7-
Add Pin To Net: Unknown Pin: Pin 8-
Add Pin To Net: Unknown Pin: Pin 9-
Add Pin To Net: Unknown Pin: Pin 10-
Add Pin To Net: Unknown Pin: Pin 11-
Add Pin To Net: Unknown Pin: Pin 12-
Added Pin To Net: NetName=GND Pin=C34-1
Added Pin To Net: NetName=NetC34_2 Pin=C34-2
Added Pin To Net: NetName=GND Pin=C35-1
Added Pin To Net: NetName=NetC35_2 Pin=C35-2
Add Pin To Net: Unknown Pin: Pin XS3-1
Add Pin To Net: Unknown Pin: Pin XS3-2
Add Pin To Net: Unknown Pin: Pin XS3-3
Add Pin To Net: Unknown Pin: Pin XS3-4
Add Pin To Net: Unknown Pin: Pin XS3-5
Add Class Member: Failed to add class member : Component 1 OTV
Add Class Member: Failed to add class member : Component 2 OTV
Add Class Member: Failed to add class member : Component 3 OTV
Add Class Member: Failed to add class member : Component 4 OTV
Add Class Member: Failed to add class member : Component 5 OTV
Add Class Member: Failed to add class member : Component 6 OTV
Add Class Member: Failed to add class member : Component 7 OTV
Add Class Member: Failed to add class member : Component 8 OTV
Add Class Member: Failed to add class member : Component 9 OTV
Add Class Member: Failed to add class member : Component 10 OTV
Add Class Member: Failed to add class member : Component 11 OTV
Add Class Member: Failed to add class member : Component 12 OTV
Added Member To Class: ClassName=Sheet2 Member=Component C34  73-17-160 ¬-1 ÏÍ‘ +-10%
Added Member To Class: ClassName=Sheet2 Member=Component C35  73-17-160 ¬-1 ÏÍ‘ +-10%
Add Class Member: Failed to add class member : Component XS1 Jumper, 2.54mm
Add Class Member: Failed to add class member : Component XS2 Jumper, 2.54mm
Add Class Member: Failed to add class member : Component XS3 MNL-350810-1
