Change Component Designator: Old Designator=7 New Designator=8
Change Component Designator: Old Designator=8 New Designator=9
Change Component Designator: Old Designator=9 New Designator=10
Change Component Designator: Old Designator=10 New Designator=11
Change Component Designator: Old Designator=11 New Designator=12
Change Component Designator: Old Designator=C? New Designator=C48
Change Component Designator: Old Designator=C? New Designator=C49
Change Component Designator: Old Designator=K1 New Designator=K2
Change Component Designator: Old Designator=K2 New Designator=K1
Change Component Designator: Old Designator=R41 New Designator=R43
Change Component Designator: Old Designator=R42 New Designator=R44
Change Component Designator: Old Designator=R43 New Designator=R45
Change Component Designator: Old Designator=R44 New Designator=R46
Change Component Designator: Old Designator=R45 New Designator=R47
Change Component Designator: Old Designator=R46 New Designator=R48
Change Component Designator: Old Designator=R47 New Designator=R49
Change Component Designator: Old Designator=R48 New Designator=R50
Change Component Designator: Old Designator=R49 New Designator=R51
Change Component Designator: Old Designator=R50 New Designator=R53
Change Component Designator: Old Designator=R51 New Designator=R54
Change Component Designator: Old Designator=R52 New Designator=R55
Change Component Designator: Old Designator=R53 New Designator=R57
Change Component Designator: Old Designator=R54 New Designator=R58
Change Component Designator: Old Designator=R56 New Designator=R61
Change Component Designator: Old Designator=R60 New Designator=R64
Change Component Designator: Old Designator=R62 New Designator=R65
Change Component Designator: Old Designator=R? New Designator=R52
Change Component Designator: Old Designator=R? New Designator=R56
Change Component Designator: Old Designator=R? New Designator=R59
Change Component Designator: Old Designator=R? New Designator=R60
Change Component Designator: Old Designator=R? New Designator=R62
Change Component Designator: Old Designator=R? New Designator=R63
Change Component Designator: Old Designator=R? New Designator=R66
Change Component Designator: Old Designator=VD12 New Designator=VD13
Change Component Designator: Old Designator=VD? New Designator=VD12
Change Component Designator: Old Designator=VT? New Designator=VT4
Change Component Designator: Old Designator=สา? New Designator=สา5
Change Component Designator: Old Designator=สา? New Designator=สา6
