Change Component Designator: Old Designator=C46 New Designator=C41
Change Component Designator: Old Designator=C47 New Designator=C42
Change Component Designator: Old Designator=C? New Designator=C38
Change Component Designator: Old Designator=C? New Designator=C39
Change Component Designator: Old Designator=C? New Designator=C40
Change Component Designator: Old Designator=C? New Designator=C43
Change Component Designator: Old Designator=C? New Designator=C44
Change Component Designator: Old Designator=C? New Designator=C45
Change Component Designator: Old Designator=C? New Designator=C46
Change Component Designator: Old Designator=C? New Designator=C47
Change Component Designator: Old Designator=C? New Designator=C48
Change Component Designator: Old Designator=C? New Designator=C49
Change Component Designator: Old Designator=C? New Designator=C50
Change Component Designator: Old Designator=C? New Designator=C51
Change Component Designator: Old Designator=DA13 New Designator=DA14
Change Component Designator: Old Designator=DA16 New Designator=DA17
Change Component Designator: Old Designator=DA17 New Designator=DA18
Change Component Designator: Old Designator=DA18 New Designator=DA19
Change Component Designator: Old Designator=DA19 New Designator=DA20
Change Component Designator: Old Designator=DA19 New Designator=DA20
Change Component Designator: Old Designator=DA19 New Designator=DA20
Change Component Designator: Old Designator=DA20 New Designator=DA21
Change Component Designator: Old Designator=DA21 New Designator=DA22
Change Component Designator: Old Designator=DA? New Designator=DA11
Change Component Designator: Old Designator=DD? New Designator=DD1
Change Component Designator: Old Designator=R43 New Designator=R46
Change Component Designator: Old Designator=R44 New Designator=R47
Change Component Designator: Old Designator=R45 New Designator=R48
Change Component Designator: Old Designator=R46 New Designator=R49
Change Component Designator: Old Designator=R47 New Designator=R50
Change Component Designator: Old Designator=R48 New Designator=R51
Change Component Designator: Old Designator=R49 New Designator=R52
Change Component Designator: Old Designator=R50 New Designator=R53
Change Component Designator: Old Designator=R51 New Designator=R54
Change Component Designator: Old Designator=R52 New Designator=R56
Change Component Designator: Old Designator=R53 New Designator=R57
Change Component Designator: Old Designator=R54 New Designator=R55
Change Component Designator: Old Designator=R55 New Designator=R58
Change Component Designator: Old Designator=R56 New Designator=R59
Change Component Designator: Old Designator=R57 New Designator=R60
Change Component Designator: Old Designator=R58 New Designator=R61
Change Component Designator: Old Designator=R59 New Designator=R62
Change Component Designator: Old Designator=R60 New Designator=R63
Change Component Designator: Old Designator=R61 New Designator=R64
Change Component Designator: Old Designator=R62 New Designator=R65
Change Component Designator: Old Designator=R63 New Designator=R66
Change Component Designator: Old Designator=R64 New Designator=R67
Change Component Designator: Old Designator=R65 New Designator=R68
Change Component Designator: Old Designator=R66 New Designator=R69
Change Component Designator: Old Designator=R? New Designator=R44
Change Component Designator: Old Designator=R? New Designator=R45
Change Component Designator: Old Designator=XP? New Designator=XP5
Change Component Designator: Old Designator=XS1 New Designator=XS2
