Change Component Designator: Old Designator=8 New Designator=?
Change Component Designator: Old Designator=9 New Designator=?
Change Component Designator: Old Designator=10 New Designator=?
Change Component Designator: Old Designator=11 New Designator=?
Change Component Designator: Old Designator=12 New Designator=?
Change Component Designator: Old Designator=C46 New Designator=C?
Change Component Designator: Old Designator=C47 New Designator=C?
Change Component Designator: Old Designator=C48 New Designator=C?
Change Component Designator: Old Designator=C49 New Designator=C?
Change Component Designator: Old Designator=DA6 New Designator=DA?
Change Component Designator: Old Designator=DA7 New Designator=DA?
Change Component Designator: Old Designator=DA10 New Designator=DA?
Change Component Designator: Old Designator=DA11 New Designator=DA?
Change Component Designator: Old Designator=DA12 New Designator=DA?
Change Component Designator: Old Designator=DA13 New Designator=DA?
Change Component Designator: Old Designator=DA13 New Designator=DA?
Change Component Designator: Old Designator=DA13 New Designator=DA?
Change Component Designator: Old Designator=DA14 New Designator=DA?
Change Component Designator: Old Designator=DA15 New Designator=DA?
Change Component Designator: Old Designator=DD7 New Designator=DD?
Change Component Designator: Old Designator=DD7 New Designator=DD?
Change Component Designator: Old Designator=DD7 New Designator=DD?
Change Component Designator: Old Designator=DD8 New Designator=DD?
Change Component Designator: Old Designator=K1 New Designator=K?
Change Component Designator: Old Designator=K2 New Designator=K?
Change Component Designator: Old Designator=R43 New Designator=R?
Change Component Designator: Old Designator=R44 New Designator=R?
Change Component Designator: Old Designator=R45 New Designator=R?
Change Component Designator: Old Designator=R46 New Designator=R?
Change Component Designator: Old Designator=R47 New Designator=R?
Change Component Designator: Old Designator=R48 New Designator=R?
Change Component Designator: Old Designator=R49 New Designator=R?
Change Component Designator: Old Designator=R50 New Designator=R?
Change Component Designator: Old Designator=R51 New Designator=R?
Change Component Designator: Old Designator=R52 New Designator=R?
Change Component Designator: Old Designator=R53 New Designator=R?
Change Component Designator: Old Designator=R54 New Designator=R?
Change Component Designator: Old Designator=R55 New Designator=R?
Change Component Designator: Old Designator=R56 New Designator=R?
Change Component Designator: Old Designator=R57 New Designator=R?
Change Component Designator: Old Designator=R58 New Designator=R?
Change Component Designator: Old Designator=R59 New Designator=R?
Change Component Designator: Old Designator=R60 New Designator=R?
Change Component Designator: Old Designator=R61 New Designator=R?
Change Component Designator: Old Designator=R62 New Designator=R?
Change Component Designator: Old Designator=R63 New Designator=R?
Change Component Designator: Old Designator=R64 New Designator=R?
Change Component Designator: Old Designator=R65 New Designator=R?
Change Component Designator: Old Designator=R66 New Designator=R?
Change Component Designator: Old Designator=VD10 New Designator=VD?
Change Component Designator: Old Designator=VD11 New Designator=VD?
Change Component Designator: Old Designator=VD12 New Designator=VD?
Change Component Designator: Old Designator=VD13 New Designator=VD?
Change Component Designator: Old Designator=VT3 New Designator=VT?
Change Component Designator: Old Designator=VT4 New Designator=VT?
Change Component Designator: Old Designator=XP4 New Designator=XP?
Change Component Designator: Old Designator=XS1 New Designator=XS?
Change Component Designator: Old Designator=สา5 New Designator=สา?
Change Component Designator: Old Designator=สา6 New Designator=สา?
