Change Component Designator: Old Designator=? New Designator=8
Change Component Designator: Old Designator=? New Designator=9
Change Component Designator: Old Designator=? New Designator=10
Change Component Designator: Old Designator=? New Designator=11
Change Component Designator: Old Designator=? New Designator=12
Change Component Designator: Old Designator=C? New Designator=C46
Change Component Designator: Old Designator=C? New Designator=C47
Change Component Designator: Old Designator=C? New Designator=C48
Change Component Designator: Old Designator=C? New Designator=C49
Change Component Designator: Old Designator=C? New Designator=C50
Change Component Designator: Old Designator=C? New Designator=C51
Change Component Designator: Old Designator=C? New Designator=C52
Change Component Designator: Old Designator=C? New Designator=C53
Change Component Designator: Old Designator=C? New Designator=C54
Change Component Designator: Old Designator=DA? New Designator=DA19
Change Component Designator: Old Designator=DA? New Designator=DA13
Change Component Designator: Old Designator=DA? New Designator=DA19
Change Component Designator: Old Designator=DA? New Designator=DA12
Change Component Designator: Old Designator=DA? New Designator=DA17
Change Component Designator: Old Designator=DA? New Designator=DA18
Change Component Designator: Old Designator=DA? New Designator=DA19
Change Component Designator: Old Designator=DA? New Designator=DA16
Change Component Designator: Old Designator=DA? New Designator=DA20
Change Component Designator: Old Designator=DA? New Designator=DA21
Change Component Designator: Old Designator=DD? New Designator=DD2
Change Component Designator: Old Designator=DD? New Designator=DD1
Change Component Designator: Old Designator=DD? New Designator=DD1
Change Component Designator: Old Designator=DD? New Designator=DD1
Change Component Designator: Old Designator=K? New Designator=K1
Change Component Designator: Old Designator=K? New Designator=K2
Change Component Designator: Old Designator=R? New Designator=R43
Change Component Designator: Old Designator=R? New Designator=R44
Change Component Designator: Old Designator=R? New Designator=R45
Change Component Designator: Old Designator=R? New Designator=R46
Change Component Designator: Old Designator=R? New Designator=R47
Change Component Designator: Old Designator=R? New Designator=R48
Change Component Designator: Old Designator=R? New Designator=R49
Change Component Designator: Old Designator=R? New Designator=R50
Change Component Designator: Old Designator=R? New Designator=R51
Change Component Designator: Old Designator=R? New Designator=R52
Change Component Designator: Old Designator=R? New Designator=R53
Change Component Designator: Old Designator=R? New Designator=R54
Change Component Designator: Old Designator=R? New Designator=R55
Change Component Designator: Old Designator=R? New Designator=R56
Change Component Designator: Old Designator=R? New Designator=R57
Change Component Designator: Old Designator=R? New Designator=R58
Change Component Designator: Old Designator=R? New Designator=R59
Change Component Designator: Old Designator=R? New Designator=R60
Change Component Designator: Old Designator=R? New Designator=R61
Change Component Designator: Old Designator=R? New Designator=R62
Change Component Designator: Old Designator=R? New Designator=R63
Change Component Designator: Old Designator=R? New Designator=R64
Change Component Designator: Old Designator=R? New Designator=R65
Change Component Designator: Old Designator=R? New Designator=R66
Change Component Designator: Old Designator=VD? New Designator=VD10
Change Component Designator: Old Designator=VD? New Designator=VD11
Change Component Designator: Old Designator=VD? New Designator=VD12
Change Component Designator: Old Designator=VD? New Designator=VD13
Change Component Designator: Old Designator=VT? New Designator=VT3
Change Component Designator: Old Designator=VT? New Designator=VT4
Change Component Designator: Old Designator=XP? New Designator=XP4
Change Component Designator: Old Designator=XS? New Designator=XS1
Change Component Designator: Old Designator=สา? New Designator=สา5
Change Component Designator: Old Designator=สา? New Designator=สา6
