Replace Part C46 EHR-250B-47 мкФ in D:\Линия\Текущая(\Узлы\Источник 200 А\УШЯИ 687253.017 Э3\Sheet3.SchDoc with EHR-250B-47 мкФ from МНИПИ_Конденсаторы.SchLib
Replace Part C47 EHR-250B-47 мкФ in D:\Линия\Текущая(\Узлы\Источник 200 А\УШЯИ 687253.017 Э3\Sheet3.SchDoc with EHR-250B-47 мкФ from МНИПИ_Конденсаторы.SchLib
Replace Part DA6 ADA4084-2ARZ in D:\Линия\Текущая(\Узлы\Источник 200 А\УШЯИ 687253.017 Э3\Sheet3.SchDoc with ADA4084-2ARZ from МНИПИ_Микросхемы.SchLib
Replace Part DA7 ADG433BR_1 in D:\Линия\Текущая(\Узлы\Источник 200 А\УШЯИ 687253.017 Э3\Sheet3.SchDoc with ADG433BR_1 from МНИПИ_Микросхемы.SchLib
Replace Part DA10 ADG433BR in D:\Линия\Текущая(\Узлы\Источник 200 А\УШЯИ 687253.017 Э3\Sheet3.SchDoc with ADG433BR from МНИПИ_Микросхемы.SchLib
Replace Part DA11 AD823ARZ in D:\Линия\Текущая(\Узлы\Источник 200 А\УШЯИ 687253.017 Э3\Sheet3.SchDoc with AD823ARZ from МНИПИ_Микросхемы.SchLib
Replace Part DA12 AD823ARZ in D:\Линия\Текущая(\Узлы\Источник 200 А\УШЯИ 687253.017 Э3\Sheet3.SchDoc with AD823ARZ from МНИПИ_Микросхемы.SchLib
Replace Part DA13 ADA4084-2ARZ in D:\Линия\Текущая(\Узлы\Источник 200 А\УШЯИ 687253.017 Э3\Sheet3.SchDoc with ADA4084-2ARZ from МНИПИ_Микросхемы.SchLib
Replace Part DA13 ADA4084-2ARZ in D:\Линия\Текущая(\Узлы\Источник 200 А\УШЯИ 687253.017 Э3\Sheet3.SchDoc with ADA4084-2ARZ from МНИПИ_Микросхемы.SchLib
Replace Part DA13 ADA4084-2ARZ in D:\Линия\Текущая(\Узлы\Источник 200 А\УШЯИ 687253.017 Э3\Sheet3.SchDoc with ADA4084-2ARZ from МНИПИ_Микросхемы.SchLib
Replace Part DA14 IL311D in D:\Линия\Текущая(\Узлы\Источник 200 А\УШЯИ 687253.017 Э3\Sheet3.SchDoc with IL311D from МНИПИ_Микросхемы.SchLib
Replace Part DA15 IL311D in D:\Линия\Текущая(\Узлы\Источник 200 А\УШЯИ 687253.017 Э3\Sheet3.SchDoc with IL311D from МНИПИ_Микросхемы.SchLib
Replace Part DD7 IN74HC00AD in D:\Линия\Текущая(\Узлы\Источник 200 А\УШЯИ 687253.017 Э3\Sheet3.SchDoc with IN74HC00AD from МНИПИ_Микросхемы.SchLib
Replace Part DD7 IN74HC00AD in D:\Линия\Текущая(\Узлы\Источник 200 А\УШЯИ 687253.017 Э3\Sheet3.SchDoc with IN74HC00AD from МНИПИ_Микросхемы.SchLib
Replace Part DD7 IN74HC00AD in D:\Линия\Текущая(\Узлы\Источник 200 А\УШЯИ 687253.017 Э3\Sheet3.SchDoc with IN74HC00AD from МНИПИ_Микросхемы.SchLib
Replace Part DD8 IN74HC20D_1 in D:\Линия\Текущая(\Узлы\Источник 200 А\УШЯИ 687253.017 Э3\Sheet3.SchDoc with IN74HC20D_1 from МНИПИ_Микросхемы.SchLib
Replace Part K1 TLP3549F in D:\Линия\Текущая(\Узлы\Источник 200 А\УШЯИ 687253.017 Э3\Sheet3.SchDoc with TLP3549F from МНИПИ_Остальное.SchLib
Replace Part K2 TLP3549F in D:\Линия\Текущая(\Узлы\Источник 200 А\УШЯИ 687253.017 Э3\Sheet3.SchDoc with TLP3549F from МНИПИ_Остальное.SchLib
Replace Part R41 2512-1,2 кОм+-5% in D:\Линия\Текущая(\Узлы\Источник 200 А\УШЯИ 687253.017 Э3\Sheet3.SchDoc with 2512-1,2 кОм+-5% from МНИПИ_Резисторы.SchLib
Replace Part R42 2512-1,2 кОм+-5% in D:\Линия\Текущая(\Узлы\Источник 200 А\УШЯИ 687253.017 Э3\Sheet3.SchDoc with 2512-1,2 кОм+-5% from МНИПИ_Резисторы.SchLib
Replace Part R43 1206-6,98 кОм+-1% in D:\Линия\Текущая(\Узлы\Источник 200 А\УШЯИ 687253.017 Э3\Sheet3.SchDoc with 1206-6,98 кОм+-1% from МНИПИ_Резисторы.SchLib
Replace Part R44 1206-1 кОм+-5% in D:\Линия\Текущая(\Узлы\Источник 200 А\УШЯИ 687253.017 Э3\Sheet3.SchDoc with 1206-1 кОм+-5% from МНИПИ_Резисторы.SchLib
Replace Part R45 1206-2 кОм+-0.5% in D:\Линия\Текущая(\Узлы\Источник 200 А\УШЯИ 687253.017 Э3\Sheet3.SchDoc with 1206-2 кОм+-0.5% from МНИПИ_Резисторы.SchLib
Replace Part R46 1206-2 кОм+-0.5% in D:\Линия\Текущая(\Узлы\Источник 200 А\УШЯИ 687253.017 Э3\Sheet3.SchDoc with 1206-2 кОм+-0.5% from МНИПИ_Резисторы.SchLib
Replace Part R47 1206-240 Ом+-5% in D:\Линия\Текущая(\Узлы\Источник 200 А\УШЯИ 687253.017 Э3\Sheet3.SchDoc with 1206-240 Ом+-5% from МНИПИ_Резисторы.SchLib
Replace Part R48 1206-240 Ом+-5% in D:\Линия\Текущая(\Узлы\Источник 200 А\УШЯИ 687253.017 Э3\Sheet3.SchDoc with 1206-240 Ом+-5% from МНИПИ_Резисторы.SchLib
Replace Part R49 1206-240 Ом+-5% in D:\Линия\Текущая(\Узлы\Источник 200 А\УШЯИ 687253.017 Э3\Sheet3.SchDoc with 1206-240 Ом+-5% from МНИПИ_Резисторы.SchLib
Replace Part R50 1206-240 Ом+-5% in D:\Линия\Текущая(\Узлы\Источник 200 А\УШЯИ 687253.017 Э3\Sheet3.SchDoc with 1206-240 Ом+-5% from МНИПИ_Резисторы.SchLib
Replace Part R51 1206-430 Ом+-5% in D:\Линия\Текущая(\Узлы\Источник 200 А\УШЯИ 687253.017 Э3\Sheet3.SchDoc with 1206-430 Ом+-5% from МНИПИ_Резисторы.SchLib
Replace Part R52 1206-430 Ом+-5% in D:\Линия\Текущая(\Узлы\Источник 200 А\УШЯИ 687253.017 Э3\Sheet3.SchDoc with 1206-430 Ом+-5% from МНИПИ_Резисторы.SchLib
Replace Part R53 1206-2 кОм+-5% in D:\Линия\Текущая(\Узлы\Источник 200 А\УШЯИ 687253.017 Э3\Sheet3.SchDoc with 1206-2 кОм+-5% from МНИПИ_Резисторы.SchLib
Replace Part R54 1206-390 Ом+-5% in D:\Линия\Текущая(\Узлы\Источник 200 А\УШЯИ 687253.017 Э3\Sheet3.SchDoc with 1206-390 Ом+-5% from МНИПИ_Резисторы.SchLib
Replace Part R55 1206-390 Ом+-5% in D:\Линия\Текущая(\Узлы\Источник 200 А\УШЯИ 687253.017 Э3\Sheet3.SchDoc with 1206-390 Ом+-5% from МНИПИ_Резисторы.SchLib
Replace Part R56 W21-3W-680 Ом +-5% in D:\Линия\Текущая(\Узлы\Источник 200 А\УШЯИ 687253.017 Э3\Sheet3.SchDoc with W21-3W-680 Ом +-5% from МНИПИ_Резисторы.SchLib
Replace Part R57 W21-3W-680 Ом +-5% in D:\Линия\Текущая(\Узлы\Источник 200 А\УШЯИ 687253.017 Э3\Sheet3.SchDoc with W21-3W-680 Ом +-5% from МНИПИ_Резисторы.SchLib
Replace Part R58 1206-51 кОм+-5% in D:\Линия\Текущая(\Узлы\Источник 200 А\УШЯИ 687253.017 Э3\Sheet3.SchDoc with 1206-51 кОм+-5% from МНИПИ_Резисторы.SchLib
Replace Part R59 1206-51 кОм+-5% in D:\Линия\Текущая(\Узлы\Источник 200 А\УШЯИ 687253.017 Э3\Sheet3.SchDoc with 1206-51 кОм+-5% from МНИПИ_Резисторы.SchLib
Replace Part R60 1206-2,7 кОм+-5% in D:\Линия\Текущая(\Узлы\Источник 200 А\УШЯИ 687253.017 Э3\Sheet3.SchDoc with 1206-2,7 кОм+-5% from МНИПИ_Резисторы.SchLib
Replace Part R61 1206-2,7 кОм+-5% in D:\Линия\Текущая(\Узлы\Источник 200 А\УШЯИ 687253.017 Э3\Sheet3.SchDoc with 1206-2,7 кОм+-5% from МНИПИ_Резисторы.SchLib
Replace Part R62 HS15-4R7-J in D:\Линия\Текущая(\Узлы\Источник 200 А\УШЯИ 687253.017 Э3\Sheet3.SchDoc with HS15-4R7-J from МНИПИ_Резисторы.SchLib
Replace Part R63 HS15-4R7-J in D:\Линия\Текущая(\Узлы\Источник 200 А\УШЯИ 687253.017 Э3\Sheet3.SchDoc with HS15-4R7-J from МНИПИ_Резисторы.SchLib
Replace Part VD10 W04M in D:\Линия\Текущая(\Узлы\Источник 200 А\УШЯИ 687253.017 Э3\Sheet3.SchDoc with W04M from МНИПИ_Диоды.SchLib
Replace Part VD11 GSIB2540 in D:\Линия\Текущая(\Узлы\Источник 200 А\УШЯИ 687253.017 Э3\Sheet3.SchDoc with GSIB2540 from МНИПИ_Диоды.SchLib
Replace Part VD12 BZX79-C10V in D:\Линия\Текущая(\Узлы\Источник 200 А\УШЯИ 687253.017 Э3\Sheet3.SchDoc with BZX79-C10V from МНИПИ_Диоды.SchLib
Replace Part VD13 BZX79-C10V in D:\Линия\Текущая(\Узлы\Источник 200 А\УШЯИ 687253.017 Э3\Sheet3.SchDoc with BZX79-C10V from МНИПИ_Диоды.SchLib
Replace Part VT3 IPA083N10N5XKSA1 in D:\Линия\Текущая(\Узлы\Источник 200 А\УШЯИ 687253.017 Э3\Sheet3.SchDoc with IPA083N10N5XKSA1 from МНИПИ_Транзисторы.SchLib
Replace Part VT4 IPA083N10N5XKSA1 in D:\Линия\Текущая(\Узлы\Источник 200 А\УШЯИ 687253.017 Э3\Sheet3.SchDoc with IPA083N10N5XKSA1 from МНИПИ_Транзисторы.SchLib
Replace Part XP4 280373-2 in D:\Линия\Текущая(\Узлы\Источник 200 А\УШЯИ 687253.017 Э3\Sheet3.SchDoc with 280373-2 from МНИПИ_Разъемы.SchLib
Replace Part XS1 MNL-350810-1 in D:\Линия\Текущая(\Узлы\Источник 200 А\УШЯИ 687253.017 Э3\Sheet3.SchDoc with MNL-350810-1 from МНИПИ_Разъемы.SchLib
