Change Component Designator: Old Designator=C15 New Designator=C19
Change Component Designator: Old Designator=C16 New Designator=C15
Change Component Designator: Old Designator=C18 New Designator=C17
Change Component Designator: Old Designator=C19 New Designator=C20
Change Component Designator: Old Designator=C20 New Designator=C18
Change Component Designator: Old Designator=C? New Designator=C13
Change Component Designator: Old Designator=C? New Designator=C16
Change Component Designator: Old Designator=C? New Designator=C21
Change Component Designator: Old Designator=DA9 New Designator=DA13
Change Component Designator: Old Designator=DA10 New Designator=DA9
Change Component Designator: Old Designator=DA? New Designator=DA11
Change Component Designator: Old Designator=DA? New Designator=DA12
Change Component Designator: Old Designator=DA? New Designator=DA14
Change Component Designator: Old Designator=DA? New Designator=DA11
Change Component Designator: Old Designator=DA? New Designator=DA12
Change Component Designator: Old Designator=DA? New Designator=DA7
Change Component Designator: Old Designator=DA? New Designator=DA10
Change Component Designator: Old Designator=DD? New Designator=DD2
Change Component Designator: Old Designator=DD? New Designator=DD1
Change Component Designator: Old Designator=DD? New Designator=DD1
Change Component Designator: Old Designator=R? New Designator=R9
Change Component Designator: Old Designator=R? New Designator=R10
Change Component Designator: Old Designator=R? New Designator=R11
Change Component Designator: Old Designator=R? New Designator=R12
Change Component Designator: Old Designator=R? New Designator=R13
Change Component Designator: Old Designator=RP? New Designator=RP1
Change Component Designator: Old Designator=XP? New Designator=XP3
Change Component Designator: Old Designator=XS? New Designator=XS1
