Replace Part 1 OTV in D:\Линия\Текущая(\Узлы\Источник 200 А\УШЯИ 687253.017 Э3\Sheet2.SchDoc with OTV from МНИПИ_Остальное.SchLib
Replace Part 2 OTV in D:\Линия\Текущая(\Узлы\Источник 200 А\УШЯИ 687253.017 Э3\Sheet2.SchDoc with OTV from МНИПИ_Остальное.SchLib
Replace Part 3 OTV in D:\Линия\Текущая(\Узлы\Источник 200 А\УШЯИ 687253.017 Э3\Sheet2.SchDoc with OTV from МНИПИ_Остальное.SchLib
Replace Part 4 OTV in D:\Линия\Текущая(\Узлы\Источник 200 А\УШЯИ 687253.017 Э3\Sheet2.SchDoc with OTV from МНИПИ_Остальное.SchLib
Replace Part 5 OTV in D:\Линия\Текущая(\Узлы\Источник 200 А\УШЯИ 687253.017 Э3\Sheet2.SchDoc with OTV from МНИПИ_Остальное.SchLib
Replace Part 6 OTV in D:\Линия\Текущая(\Узлы\Источник 200 А\УШЯИ 687253.017 Э3\Sheet2.SchDoc with OTV from МНИПИ_Остальное.SchLib
Replace Part C30 2220-X7R-250 В-1 мкФ +-10% in D:\Линия\Текущая(\Узлы\Источник 200 А\УШЯИ 687253.017 Э3\Sheet2.SchDoc with 2220-X7R-250 В-1 мкФ +-10% from МНИПИ_Конденсаторы.SchLib
Replace Part C31 2220-X7R-250 В-1 мкФ +-10% in D:\Линия\Текущая(\Узлы\Источник 200 А\УШЯИ 687253.017 Э3\Sheet2.SchDoc with 2220-X7R-250 В-1 мкФ +-10% from МНИПИ_Конденсаторы.SchLib
Replace Part C34 0805-X7R-25 В-1 мкФ +-10% in D:\Линия\Текущая(\Узлы\Источник 200 А\УШЯИ 687253.017 Э3\Sheet2.SchDoc with 0805-X7R-25 В-1 мкФ +-10% from МНИПИ_Конденсаторы.SchLib
Replace Part C37 2220-X7R-250 В-1 мкФ +-10% in D:\Линия\Текущая(\Узлы\Источник 200 А\УШЯИ 687253.017 Э3\Sheet2.SchDoc with 2220-X7R-250 В-1 мкФ +-10% from МНИПИ_Конденсаторы.SchLib
Replace Part C38 2220-X7R-250 В-1 мкФ +-10% in D:\Линия\Текущая(\Узлы\Источник 200 А\УШЯИ 687253.017 Э3\Sheet2.SchDoc with 2220-X7R-250 В-1 мкФ +-10% from МНИПИ_Конденсаторы.SchLib
Replace Part C39 0805-X7R-25 В-1 мкФ +-10% in D:\Линия\Текущая(\Узлы\Источник 200 А\УШЯИ 687253.017 Э3\Sheet2.SchDoc with 0805-X7R-25 В-1 мкФ +-10% from МНИПИ_Конденсаторы.SchLib
Replace Part C42 К73-17-63 В-1 мкФ +-10% in D:\Линия\Текущая(\Узлы\Источник 200 А\УШЯИ 687253.017 Э3\Sheet2.SchDoc with К73-17-63 В-1 мкФ +-10% from МНИПИ_Конденсаторы.SchLib
Replace Part C43 К73-17-63 В-1 мкФ +-10% in D:\Линия\Текущая(\Узлы\Источник 200 А\УШЯИ 687253.017 Э3\Sheet2.SchDoc with К73-17-63 В-1 мкФ +-10% from МНИПИ_Конденсаторы.SchLib
Replace Part C44 1206-X7R-250 B-0,1 мкФ+-10% in D:\Линия\Текущая(\Узлы\Источник 200 А\УШЯИ 687253.017 Э3\Sheet2.SchDoc with 1206-X7R-250 B-0,1 мкФ+-10% from МНИПИ_Конденсаторы.SchLib
Replace Part C45 1206-X7R-250 B-0,1 мкФ+-10% in D:\Линия\Текущая(\Узлы\Источник 200 А\УШЯИ 687253.017 Э3\Sheet2.SchDoc with 1206-X7R-250 B-0,1 мкФ+-10% from МНИПИ_Конденсаторы.SchLib
Replace Part DA8 PA340CC in D:\Линия\Текущая(\Узлы\Источник 200 А\УШЯИ 687253.017 Э3\Sheet2.SchDoc with PA340CC from МНИПИ_Микросхемы.SchLib
Replace Part DA9 PA340CC in D:\Линия\Текущая(\Узлы\Источник 200 А\УШЯИ 687253.017 Э3\Sheet2.SchDoc with PA340CC from МНИПИ_Микросхемы.SchLib
Replace Part DA10 ADG433BR in D:\Линия\Текущая(\Узлы\Источник 200 А\УШЯИ 687253.017 Э3\Sheet2.SchDoc with ADG433BR from МНИПИ_Микросхемы.SchLib
Replace Part DA10 ADG433BR in D:\Линия\Текущая(\Узлы\Источник 200 А\УШЯИ 687253.017 Э3\Sheet2.SchDoc with ADG433BR from МНИПИ_Микросхемы.SchLib
Replace Part DA10 ADG433BR in D:\Линия\Текущая(\Узлы\Источник 200 А\УШЯИ 687253.017 Э3\Sheet2.SchDoc with ADG433BR from МНИПИ_Микросхемы.SchLib
Replace Part DA10 ADG433BR in D:\Линия\Текущая(\Узлы\Источник 200 А\УШЯИ 687253.017 Э3\Sheet2.SchDoc with ADG433BR from МНИПИ_Микросхемы.SchLib
Replace Part DA11 AD823ARZ in D:\Линия\Текущая(\Узлы\Источник 200 А\УШЯИ 687253.017 Э3\Sheet2.SchDoc with AD823ARZ from МНИПИ_Микросхемы.SchLib
Replace Part DA11 AD823ARZ in D:\Линия\Текущая(\Узлы\Источник 200 А\УШЯИ 687253.017 Э3\Sheet2.SchDoc with AD823ARZ from МНИПИ_Микросхемы.SchLib
Replace Part DA12 AD823ARZ in D:\Линия\Текущая(\Узлы\Источник 200 А\УШЯИ 687253.017 Э3\Sheet2.SchDoc with AD823ARZ from МНИПИ_Микросхемы.SchLib
Replace Part DA12 AD823ARZ in D:\Линия\Текущая(\Узлы\Источник 200 А\УШЯИ 687253.017 Э3\Sheet2.SchDoc with AD823ARZ from МНИПИ_Микросхемы.SchLib
Replace Part R11 1206-15 кОм+-5% in D:\Линия\Текущая(\Узлы\Источник 200 А\УШЯИ 687253.017 Э3\Sheet2.SchDoc with 1206-15 кОм+-5% from МНИПИ_Резисторы.SchLib
Replace Part R12 1206-51 Ом+-5% in D:\Линия\Текущая(\Узлы\Источник 200 А\УШЯИ 687253.017 Э3\Sheet2.SchDoc with 1206-51 Ом+-5% from МНИПИ_Резисторы.SchLib
Replace Part R13 1206-51 Ом+-5% in D:\Линия\Текущая(\Узлы\Источник 200 А\УШЯИ 687253.017 Э3\Sheet2.SchDoc with 1206-51 Ом+-5% from МНИПИ_Резисторы.SchLib
Replace Part R14 1206-51 кОм+-5% in D:\Линия\Текущая(\Узлы\Источник 200 А\УШЯИ 687253.017 Э3\Sheet2.SchDoc with 1206-51 кОм+-5% from МНИПИ_Резисторы.SchLib
Replace Part R15 1206-2 кОм+-0.5% in D:\Линия\Текущая(\Узлы\Источник 200 А\УШЯИ 687253.017 Э3\Sheet2.SchDoc with 1206-2 кОм+-0.5% from МНИПИ_Резисторы.SchLib
Replace Part R16 1206-2 кОм+-0.5% in D:\Линия\Текущая(\Узлы\Источник 200 А\УШЯИ 687253.017 Э3\Sheet2.SchDoc with 1206-2 кОм+-0.5% from МНИПИ_Резисторы.SchLib
Replace Part R17 1206-2 кОм+-0.5% in D:\Линия\Текущая(\Узлы\Источник 200 А\УШЯИ 687253.017 Э3\Sheet2.SchDoc with 1206-2 кОм+-0.5% from МНИПИ_Резисторы.SchLib
Replace Part R18 1206-2 кОм+-0.5% in D:\Линия\Текущая(\Узлы\Источник 200 А\УШЯИ 687253.017 Э3\Sheet2.SchDoc with 1206-2 кОм+-0.5% from МНИПИ_Резисторы.SchLib
Replace Part R19 1206-2 кОм+-0.5% in D:\Линия\Текущая(\Узлы\Источник 200 А\УШЯИ 687253.017 Э3\Sheet2.SchDoc with 1206-2 кОм+-0.5% from МНИПИ_Резисторы.SchLib
Replace Part R20 1206-2 кОм+-0.5% in D:\Линия\Текущая(\Узлы\Источник 200 А\УШЯИ 687253.017 Э3\Sheet2.SchDoc with 1206-2 кОм+-0.5% from МНИПИ_Резисторы.SchLib
Replace Part R21 1206-10 кОм+-0,5% in D:\Линия\Текущая(\Узлы\Источник 200 А\УШЯИ 687253.017 Э3\Sheet2.SchDoc with 1206-10 кОм+-0,5% from МНИПИ_Резисторы.SchLib
Replace Part R22 1206-10 кОм+-0,5% in D:\Линия\Текущая(\Узлы\Источник 200 А\УШЯИ 687253.017 Э3\Sheet2.SchDoc with 1206-10 кОм+-0,5% from МНИПИ_Резисторы.SchLib
Replace Part R23 1206-20 кОм+-0.5% in D:\Линия\Текущая(\Узлы\Источник 200 А\УШЯИ 687253.017 Э3\Sheet2.SchDoc with 1206-20 кОм+-0.5% from МНИПИ_Резисторы.SchLib
Replace Part R24 1206-20 кОм+-0.5% in D:\Линия\Текущая(\Узлы\Источник 200 А\УШЯИ 687253.017 Э3\Sheet2.SchDoc with 1206-20 кОм+-0.5% from МНИПИ_Резисторы.SchLib
Replace Part R25 1206-1,5 кОм+-5% in D:\Линия\Текущая(\Узлы\Источник 200 А\УШЯИ 687253.017 Э3\Sheet2.SchDoc with 1206-1,5 кОм+-5% from МНИПИ_Резисторы.SchLib
Replace Part R26 1206-1,5 кОм+-5% in D:\Линия\Текущая(\Узлы\Источник 200 А\УШЯИ 687253.017 Э3\Sheet2.SchDoc with 1206-1,5 кОм+-5% from МНИПИ_Резисторы.SchLib
Replace Part R27 1206-2,4 кОм+-5% in D:\Линия\Текущая(\Узлы\Источник 200 А\УШЯИ 687253.017 Э3\Sheet2.SchDoc with 1206-2,4 кОм+-5% from МНИПИ_Резисторы.SchLib
Replace Part R28 1206-2,4 кОм+-5% in D:\Линия\Текущая(\Узлы\Источник 200 А\УШЯИ 687253.017 Э3\Sheet2.SchDoc with 1206-2,4 кОм+-5% from МНИПИ_Резисторы.SchLib
Replace Part R29 1206-20 кОм+-0.5% in D:\Линия\Текущая(\Узлы\Источник 200 А\УШЯИ 687253.017 Э3\Sheet2.SchDoc with 1206-20 кОм+-0.5% from МНИПИ_Резисторы.SchLib
Replace Part R30 1206-20 кОм+-0.5% in D:\Линия\Текущая(\Узлы\Источник 200 А\УШЯИ 687253.017 Э3\Sheet2.SchDoc with 1206-20 кОм+-0.5% from МНИПИ_Резисторы.SchLib
Replace Part R31 1206-20 кОм+-0.5% in D:\Линия\Текущая(\Узлы\Источник 200 А\УШЯИ 687253.017 Э3\Sheet2.SchDoc with 1206-20 кОм+-0.5% from МНИПИ_Резисторы.SchLib
Replace Part R32 1206-20 кОм+-0.5% in D:\Линия\Текущая(\Узлы\Источник 200 А\УШЯИ 687253.017 Э3\Sheet2.SchDoc with 1206-20 кОм+-0.5% from МНИПИ_Резисторы.SchLib
Replace Part R33 1206-2,4 кОм+-5% in D:\Линия\Текущая(\Узлы\Источник 200 А\УШЯИ 687253.017 Э3\Sheet2.SchDoc with 1206-2,4 кОм+-5% from МНИПИ_Резисторы.SchLib
Replace Part R34 1206-51 Ом+-5% in D:\Линия\Текущая(\Узлы\Источник 200 А\УШЯИ 687253.017 Э3\Sheet2.SchDoc with 1206-51 Ом+-5% from МНИПИ_Резисторы.SchLib
Replace Part R35 1206-2,4 кОм+-5% in D:\Линия\Текущая(\Узлы\Источник 200 А\УШЯИ 687253.017 Э3\Sheet2.SchDoc with 1206-2,4 кОм+-5% from МНИПИ_Резисторы.SchLib
Replace Part R36 1206-51 Ом+-5% in D:\Линия\Текущая(\Узлы\Источник 200 А\УШЯИ 687253.017 Э3\Sheet2.SchDoc with 1206-51 Ом+-5% from МНИПИ_Резисторы.SchLib
Replace Part R37 2512-51 Ом+-5% in D:\Линия\Текущая(\Узлы\Источник 200 А\УШЯИ 687253.017 Э3\Sheet2.SchDoc with 2512-51 Ом+-5% from МНИПИ_Резисторы.SchLib
Replace Part R38 2512-51 Ом+-5% in D:\Линия\Текущая(\Узлы\Источник 200 А\УШЯИ 687253.017 Э3\Sheet2.SchDoc with 2512-51 Ом+-5% from МНИПИ_Резисторы.SchLib
Replace Part R39 2512-51 Ом+-5% in D:\Линия\Текущая(\Узлы\Источник 200 А\УШЯИ 687253.017 Э3\Sheet2.SchDoc with 2512-51 Ом+-5% from МНИПИ_Резисторы.SchLib
Replace Part R40 2512-51 Ом+-5% in D:\Линия\Текущая(\Узлы\Источник 200 А\УШЯИ 687253.017 Э3\Sheet2.SchDoc with 2512-51 Ом+-5% from МНИПИ_Резисторы.SchLib
Replace Part RP1 PVG3A102C01R00 in D:\Линия\Текущая(\Узлы\Источник 200 А\УШЯИ 687253.017 Э3\Sheet2.SchDoc with PVG3A102C01R00 from МНИПИ_Резисторы.SchLib
Replace Part RP2 PVG3A102C01R00 in D:\Линия\Текущая(\Узлы\Источник 200 А\УШЯИ 687253.017 Э3\Sheet2.SchDoc with PVG3A102C01R00 from МНИПИ_Резисторы.SchLib
Replace Part VD1 1N4148 in D:\Линия\Текущая(\Узлы\Источник 200 А\УШЯИ 687253.017 Э3\Sheet2.SchDoc with 1N4148 from МНИПИ_Диоды.SchLib
Replace Part VD2 1N4148 in D:\Линия\Текущая(\Узлы\Источник 200 А\УШЯИ 687253.017 Э3\Sheet2.SchDoc with 1N4148 from МНИПИ_Диоды.SchLib
Replace Part VD3 1N4148 in D:\Линия\Текущая(\Узлы\Источник 200 А\УШЯИ 687253.017 Э3\Sheet2.SchDoc with 1N4148 from МНИПИ_Диоды.SchLib
Replace Part VD4 1N4148 in D:\Линия\Текущая(\Узлы\Источник 200 А\УШЯИ 687253.017 Э3\Sheet2.SchDoc with 1N4148 from МНИПИ_Диоды.SchLib
Replace Part VD5 BZX84C15LT1G in D:\Линия\Текущая(\Узлы\Источник 200 А\УШЯИ 687253.017 Э3\Sheet2.SchDoc with BZX84C15LT1G from МНИПИ_Диоды.SchLib
Replace Part VD6 BZX84C15LT1G in D:\Линия\Текущая(\Узлы\Источник 200 А\УШЯИ 687253.017 Э3\Sheet2.SchDoc with BZX84C15LT1G from МНИПИ_Диоды.SchLib
Replace Part VD7 1N4148 in D:\Линия\Текущая(\Узлы\Источник 200 А\УШЯИ 687253.017 Э3\Sheet2.SchDoc with 1N4148 from МНИПИ_Диоды.SchLib
Replace Part VD8 BZX84C15LT1G in D:\Линия\Текущая(\Узлы\Источник 200 А\УШЯИ 687253.017 Э3\Sheet2.SchDoc with BZX84C15LT1G from МНИПИ_Диоды.SchLib
Replace Part VD9 BZX84C15LT1G in D:\Линия\Текущая(\Узлы\Источник 200 А\УШЯИ 687253.017 Э3\Sheet2.SchDoc with BZX84C15LT1G from МНИПИ_Диоды.SchLib
Replace Part VT1 ZXMN10A08E6 in D:\Линия\Текущая(\Узлы\Источник 200 А\УШЯИ 687253.017 Э3\Sheet2.SchDoc with ZXMN10A08E6 from МНИПИ_Транзисторы.SchLib
Replace Part VT2 ZXMP10A17E6 in D:\Линия\Текущая(\Узлы\Источник 200 А\УШЯИ 687253.017 Э3\Sheet2.SchDoc with ZXMP10A17E6 from МНИПИ_Транзисторы.SchLib
