Replace Part C1 0805-X7R-25 В-0,1 мкФ +-10% in D:\Линия\Текущая(\Узлы\Источник 200 А\УШЯИ 687253.017 Э3\Sheet1.SchDoc with 0805-X7R-25 В-0,1 мкФ +-10% from МНИПИ_Конденсаторы.SchLib
Replace Part C2 0805-X7R-25 В-0,1 мкФ +-10% in D:\Линия\Текущая(\Узлы\Источник 200 А\УШЯИ 687253.017 Э3\Sheet1.SchDoc with 0805-X7R-25 В-0,1 мкФ +-10% from МНИПИ_Конденсаторы.SchLib
Replace Part C3 0805-X7R-25 В-0,1 мкФ +-10% in D:\Линия\Текущая(\Узлы\Источник 200 А\УШЯИ 687253.017 Э3\Sheet1.SchDoc with 0805-X7R-25 В-0,1 мкФ +-10% from МНИПИ_Конденсаторы.SchLib
Replace Part C4 0805-X7R-25 В-0,1 мкФ +-10% in D:\Линия\Текущая(\Узлы\Источник 200 А\УШЯИ 687253.017 Э3\Sheet1.SchDoc with 0805-X7R-25 В-0,1 мкФ +-10% from МНИПИ_Конденсаторы.SchLib
Replace Part C5 0805-X7R-25 В-0,1 мкФ +-10% in D:\Линия\Текущая(\Узлы\Источник 200 А\УШЯИ 687253.017 Э3\Sheet1.SchDoc with 0805-X7R-25 В-0,1 мкФ +-10% from МНИПИ_Конденсаторы.SchLib
Replace Part C6 0805-X7R-25 В-0,1 мкФ +-10% in D:\Линия\Текущая(\Узлы\Источник 200 А\УШЯИ 687253.017 Э3\Sheet1.SchDoc with 0805-X7R-25 В-0,1 мкФ +-10% from МНИПИ_Конденсаторы.SchLib
Replace Part C7 0805-X7R-25 В-0,1 мкФ +-10% in D:\Линия\Текущая(\Узлы\Источник 200 А\УШЯИ 687253.017 Э3\Sheet1.SchDoc with 0805-X7R-25 В-0,1 мкФ +-10% from МНИПИ_Конденсаторы.SchLib
Replace Part C8 0805-X7R-25 В-0,1 мкФ +-10% in D:\Линия\Текущая(\Узлы\Источник 200 А\УШЯИ 687253.017 Э3\Sheet1.SchDoc with 0805-X7R-25 В-0,1 мкФ +-10% from МНИПИ_Конденсаторы.SchLib
Replace Part C9 0805-X7R-25 В-0,1 мкФ +-10% in D:\Линия\Текущая(\Узлы\Источник 200 А\УШЯИ 687253.017 Э3\Sheet1.SchDoc with 0805-X7R-25 В-0,1 мкФ +-10% from МНИПИ_Конденсаторы.SchLib
Replace Part C10 0805-X7R-25 В-0,1 мкФ +-10% in D:\Линия\Текущая(\Узлы\Источник 200 А\УШЯИ 687253.017 Э3\Sheet1.SchDoc with 0805-X7R-25 В-0,1 мкФ +-10% from МНИПИ_Конденсаторы.SchLib
Replace Part C11 0805-X7R-25 В-0,1 мкФ +-10% in D:\Линия\Текущая(\Узлы\Источник 200 А\УШЯИ 687253.017 Э3\Sheet1.SchDoc with 0805-X7R-25 В-0,1 мкФ +-10% from МНИПИ_Конденсаторы.SchLib
Replace Part C12 0805-X7R-25 В-0,1 мкФ +-10% in D:\Линия\Текущая(\Узлы\Источник 200 А\УШЯИ 687253.017 Э3\Sheet1.SchDoc with 0805-X7R-25 В-0,1 мкФ +-10% from МНИПИ_Конденсаторы.SchLib
Replace Part C13 0805-X7R-25 В-0,1 мкФ +-10% in D:\Линия\Текущая(\Узлы\Источник 200 А\УШЯИ 687253.017 Э3\Sheet1.SchDoc with 0805-X7R-25 В-0,1 мкФ +-10% from МНИПИ_Конденсаторы.SchLib
Replace Part C14 0805-X7R-25 В-0,1 мкФ +-10% in D:\Линия\Текущая(\Узлы\Источник 200 А\УШЯИ 687253.017 Э3\Sheet1.SchDoc with 0805-X7R-25 В-0,1 мкФ +-10% from МНИПИ_Конденсаторы.SchLib
Replace Part C15 0805-X7R-25 В-0,1 мкФ +-10% in D:\Линия\Текущая(\Узлы\Источник 200 А\УШЯИ 687253.017 Э3\Sheet1.SchDoc with 0805-X7R-25 В-0,1 мкФ +-10% from МНИПИ_Конденсаторы.SchLib
Replace Part C16 0805-X7R-25 В-0,1 мкФ +-10% in D:\Линия\Текущая(\Узлы\Источник 200 А\УШЯИ 687253.017 Э3\Sheet1.SchDoc with 0805-X7R-25 В-0,1 мкФ +-10% from МНИПИ_Конденсаторы.SchLib
Replace Part C17 0805-X7R-25 В-0,1 мкФ +-10% in D:\Линия\Текущая(\Узлы\Источник 200 А\УШЯИ 687253.017 Э3\Sheet1.SchDoc with 0805-X7R-25 В-0,1 мкФ +-10% from МНИПИ_Конденсаторы.SchLib
Replace Part C18 0805-X7R-25 В-0,1 мкФ +-10% in D:\Линия\Текущая(\Узлы\Источник 200 А\УШЯИ 687253.017 Э3\Sheet1.SchDoc with 0805-X7R-25 В-0,1 мкФ +-10% from МНИПИ_Конденсаторы.SchLib
Replace Part C19 0805-X7R-25 В-0,1 мкФ +-10% in D:\Линия\Текущая(\Узлы\Источник 200 А\УШЯИ 687253.017 Э3\Sheet1.SchDoc with 0805-X7R-25 В-0,1 мкФ +-10% from МНИПИ_Конденсаторы.SchLib
Replace Part C20 0805-X7R-25 В-0,1 мкФ +-10% in D:\Линия\Текущая(\Узлы\Источник 200 А\УШЯИ 687253.017 Э3\Sheet1.SchDoc with 0805-X7R-25 В-0,1 мкФ +-10% from МНИПИ_Конденсаторы.SchLib
Replace Part C21 1206-C0G-50 В-22 пФ +-5% in D:\Линия\Текущая(\Узлы\Источник 200 А\УШЯИ 687253.017 Э3\Sheet1.SchDoc with 1206-C0G-50 В-22 пФ +-5% from МНИПИ_Конденсаторы.SchLib
Replace Part C22 ECR-35В-4,7 мкФ in D:\Линия\Текущая(\Узлы\Источник 200 А\УШЯИ 687253.017 Э3\Sheet1.SchDoc with ECR-35В-4,7 мкФ from МНИПИ_Конденсаторы.SchLib
Replace Part C23 ECR-35В-4,7 мкФ in D:\Линия\Текущая(\Узлы\Источник 200 А\УШЯИ 687253.017 Э3\Sheet1.SchDoc with ECR-35В-4,7 мкФ from МНИПИ_Конденсаторы.SchLib
Replace Part C24 ECR-35В-4,7 мкФ in D:\Линия\Текущая(\Узлы\Источник 200 А\УШЯИ 687253.017 Э3\Sheet1.SchDoc with ECR-35В-4,7 мкФ from МНИПИ_Конденсаторы.SchLib
Replace Part C25 0805-X7R-25 В-0,33 мкФ +-10% in D:\Линия\Текущая(\Узлы\Источник 200 А\УШЯИ 687253.017 Э3\Sheet1.SchDoc with 0805-X7R-25 В-0,33 мкФ +-10% from МНИПИ_Конденсаторы.SchLib
Replace Part C26 0805-X7R-25 В-0,33 мкФ +-10% in D:\Линия\Текущая(\Узлы\Источник 200 А\УШЯИ 687253.017 Э3\Sheet1.SchDoc with 0805-X7R-25 В-0,33 мкФ +-10% from МНИПИ_Конденсаторы.SchLib
Replace Part C27 0805-X7R-25 В-0,33 мкФ +-10% in D:\Линия\Текущая(\Узлы\Источник 200 А\УШЯИ 687253.017 Э3\Sheet1.SchDoc with 0805-X7R-25 В-0,33 мкФ +-10% from МНИПИ_Конденсаторы.SchLib
Replace Part C28 0805-X7R-25 В-0,33 мкФ +-10% in D:\Линия\Текущая(\Узлы\Источник 200 А\УШЯИ 687253.017 Э3\Sheet1.SchDoc with 0805-X7R-25 В-0,33 мкФ +-10% from МНИПИ_Конденсаторы.SchLib
Replace Part C29 0805-X7R-25 В-0,33 мкФ +-10% in D:\Линия\Текущая(\Узлы\Источник 200 А\УШЯИ 687253.017 Э3\Sheet1.SchDoc with 0805-X7R-25 В-0,33 мкФ +-10% from МНИПИ_Конденсаторы.SchLib
Replace Part DA1 ADM2486BRWZ in D:\Линия\Текущая(\Узлы\Источник 200 А\УШЯИ 687253.017 Э3\Sheet1.SchDoc with ADM2486BRWZ from МНИПИ_Микросхемы.SchLib
Replace Part DA2 ADM2486BRWZ in D:\Линия\Текущая(\Узлы\Источник 200 А\УШЯИ 687253.017 Э3\Sheet1.SchDoc with ADM2486BRWZ from МНИПИ_Микросхемы.SchLib
Replace Part DA3 ADM2486BRWZ in D:\Линия\Текущая(\Узлы\Источник 200 А\УШЯИ 687253.017 Э3\Sheet1.SchDoc with ADM2486BRWZ from МНИПИ_Микросхемы.SchLib
Replace Part DA4 ADR435BRZ in D:\Линия\Текущая(\Узлы\Источник 200 А\УШЯИ 687253.017 Э3\Sheet1.SchDoc with ADR435BRZ from МНИПИ_Микросхемы.SchLib
Replace Part DA5 AD5443YRM in D:\Линия\Текущая(\Узлы\Источник 200 А\УШЯИ 687253.017 Э3\Sheet1.SchDoc with AD5443YRM from МНИПИ_Микросхемы.SchLib
Replace Part DA6 ADA4084-2ARZ in D:\Линия\Текущая(\Узлы\Источник 200 А\УШЯИ 687253.017 Э3\Sheet1.SchDoc with ADA4084-2ARZ from МНИПИ_Микросхемы.SchLib
Replace Part DA6 ADA4084-2ARZ in D:\Линия\Текущая(\Узлы\Источник 200 А\УШЯИ 687253.017 Э3\Sheet1.SchDoc with ADA4084-2ARZ from МНИПИ_Микросхемы.SchLib
Replace Part DA7 ADG433BR_1 in D:\Линия\Текущая(\Узлы\Источник 200 А\УШЯИ 687253.017 Э3\Sheet1.SchDoc with ADG433BR_1 from МНИПИ_Микросхемы.SchLib
Replace Part DD1 ADuM1100AR in D:\Линия\Текущая(\Узлы\Источник 200 А\УШЯИ 687253.017 Э3\Sheet1.SchDoc with ADuM1100AR from МНИПИ_Микросхемы.SchLib
Replace Part DD2 ADuM1100AR in D:\Линия\Текущая(\Узлы\Источник 200 А\УШЯИ 687253.017 Э3\Sheet1.SchDoc with ADuM1100AR from МНИПИ_Микросхемы.SchLib
Replace Part DD3 ADuM1100AR in D:\Линия\Текущая(\Узлы\Источник 200 А\УШЯИ 687253.017 Э3\Sheet1.SchDoc with ADuM1100AR from МНИПИ_Микросхемы.SchLib
Replace Part DD4 ADuM1100AR in D:\Линия\Текущая(\Узлы\Источник 200 А\УШЯИ 687253.017 Э3\Sheet1.SchDoc with ADuM1100AR from МНИПИ_Микросхемы.SchLib
Replace Part DD5 ADuM1100AR in D:\Линия\Текущая(\Узлы\Источник 200 А\УШЯИ 687253.017 Э3\Sheet1.SchDoc with ADuM1100AR from МНИПИ_Микросхемы.SchLib
Replace Part DD6 ADuM1100AR in D:\Линия\Текущая(\Узлы\Источник 200 А\УШЯИ 687253.017 Э3\Sheet1.SchDoc with ADuM1100AR from МНИПИ_Микросхемы.SchLib
Replace Part DD7 IN74HC00AD in D:\Линия\Текущая(\Узлы\Источник 200 А\УШЯИ 687253.017 Э3\Sheet1.SchDoc with IN74HC00AD from МНИПИ_Микросхемы.SchLib
Replace Part DD7 IN74HC00AD in D:\Линия\Текущая(\Узлы\Источник 200 А\УШЯИ 687253.017 Э3\Sheet1.SchDoc with IN74HC00AD from МНИПИ_Микросхемы.SchLib
Replace Part DD8 IN74HC20D_1 in D:\Линия\Текущая(\Узлы\Источник 200 А\УШЯИ 687253.017 Э3\Sheet1.SchDoc with IN74HC20D_1 from МНИПИ_Микросхемы.SchLib
Replace Part R1 1206-100 Ом+-5% in D:\Линия\Текущая(\Узлы\Источник 200 А\УШЯИ 687253.017 Э3\Sheet1.SchDoc with 1206-100 Ом+-5% from МНИПИ_Резисторы.SchLib
Replace Part R2 1206-100 Ом+-5% in D:\Линия\Текущая(\Узлы\Источник 200 А\УШЯИ 687253.017 Э3\Sheet1.SchDoc with 1206-100 Ом+-5% from МНИПИ_Резисторы.SchLib
Replace Part R3 1206-100 Ом+-5% in D:\Линия\Текущая(\Узлы\Источник 200 А\УШЯИ 687253.017 Э3\Sheet1.SchDoc with 1206-100 Ом+-5% from МНИПИ_Резисторы.SchLib
Replace Part R4 1206-12 кОм+-5% in D:\Линия\Текущая(\Узлы\Источник 200 А\УШЯИ 687253.017 Э3\Sheet1.SchDoc with 1206-12 кОм+-5% from МНИПИ_Резисторы.SchLib
Replace Part R5 1206-12 кОм+-5% in D:\Линия\Текущая(\Узлы\Источник 200 А\УШЯИ 687253.017 Э3\Sheet1.SchDoc with 1206-12 кОм+-5% from МНИПИ_Резисторы.SchLib
Replace Part R6 1206-12 кОм+-5% in D:\Линия\Текущая(\Узлы\Источник 200 А\УШЯИ 687253.017 Э3\Sheet1.SchDoc with 1206-12 кОм+-5% from МНИПИ_Резисторы.SchLib
Replace Part R7 1206-10 кОм+-0,5% in D:\Линия\Текущая(\Узлы\Источник 200 А\УШЯИ 687253.017 Э3\Sheet1.SchDoc with 1206-10 кОм+-0,5% from МНИПИ_Резисторы.SchLib
Replace Part R8 1206-10 кОм+-0,5% in D:\Линия\Текущая(\Узлы\Источник 200 А\УШЯИ 687253.017 Э3\Sheet1.SchDoc with 1206-10 кОм+-0,5% from МНИПИ_Резисторы.SchLib
Replace Part R9 1206-2,2 Ом+-5% in D:\Линия\Текущая(\Узлы\Источник 200 А\УШЯИ 687253.017 Э3\Sheet1.SchDoc with 1206-2,2 Ом+-5% from МНИПИ_Резисторы.SchLib
Replace Part R10 1206-2,2 Ом+-5% in D:\Линия\Текущая(\Узлы\Источник 200 А\УШЯИ 687253.017 Э3\Sheet1.SchDoc with 1206-2,2 Ом+-5% from МНИПИ_Резисторы.SchLib
Replace Part XP1 BH-20 in D:\Линия\Текущая(\Узлы\Источник 200 А\УШЯИ 687253.017 Э3\Sheet1.SchDoc with BH-20 from МНИПИ_Разъемы.SchLib
Replace Part XP2 280370-2 in D:\Линия\Текущая(\Узлы\Источник 200 А\УШЯИ 687253.017 Э3\Sheet1.SchDoc with 280370-2 from МНИПИ_Разъемы.SchLib
Replace Part XP3 280372-2 in D:\Линия\Текущая(\Узлы\Источник 200 А\УШЯИ 687253.017 Э3\Sheet1.SchDoc with 280372-2 from МНИПИ_Разъемы.SchLib
