LTspice 24.1.9 for Windows
Circuit: \\ARX-704\Line-2-ARX\Блок базы - Подложки\Model U-Draft17\Draft17.net
Start Time: Fri Sep  4 09:52:26 2026
Options: itl4=50
solver = Alternate
Maximum thread count: 4
tnom = 27
temp = 27
method = trap
Direct Newton iteration failed to find .op point.  (Use ".option noopiter" to skip.)
Starting Gmin stepping
Increasing initial diagonal Gmin to 100
Gmin = 100
Gmin = 10.7374
Gmin = 1.15292
vernier = 0.5
vernier = 0.25
vernier = 0.125
Gmin = 1.06702
vernier = 0.0625
vernier = 0.03125
vernier = 0.015625
Gmin = 1.05023
vernier = 0.0078125
Gmin = 1.02794
vernier = 0.0104167
vernier = 0.00520833
vernier = 0.00694444
vernier = 0.00347222
Gmin = 1.02039
vernier = 0.00173611
Gmin = 1.01553
vernier = 0.00231481
vernier = 0.00115741
vernier = 0.00154321
Gmin = 1.0125
vernier = 0.000771604
vernier = 0.00102881
Gmin = 1.01048
vernier = 0.000514403
Gmin = 1.00892
vernier = 0.00068587
vernier = 0.000914493
vernier = 0.000457247
Gmin = 1.00764
vernier = 0.000609662
vernier = 0.000457246
Gmin = 1.00672
vernier = 0.000609662
vernier = 0.000457246
Gmin = 0
Gmin stepping failed

Starting source stepping with srcstepmethod=0
Source Step = 3.0303%
vernier = 0.25
Source Step = 0.520833%
Source Step = 0.994318%
Source Step = 1.4678%
Source Step = 1.85843%
Source Step = 1.9768%
Source Step = 2.09517%
Source Step = 2.21354%
Source Step = 2.33191%
Source Step = 2.45028%
vernier = 0.00585938
Source Step = 2.62784%
Source Step = 2.8054%
Source Step = 2.98295%
Source Step = 3.16051%
Source Step = 3.33807%
vernier = 0.00878906
Source Step = 3.59553%
Source Step = 3.86186%
Source Step = 4.1282%
Source Step = 4.39453%
Source Step = 4.66087%
vernier = 0.0131836
Source Step = 5.03374%
Source Step = 5.43324%
Source Step = 5.83274%
Source Step = 6.23224%
Source Step = 6.63175%
vernier = 0.0197754
Source Step = 7.17108%
Source Step = 7.77033%
Source Step = 8.36958%
Source Step = 8.96884%
Source Step = 9.56809%
vernier = 0.0296631
Source Step = 10.3471%
Source Step = 11.246%
Source Step = 11.4595%
Source Step = 11.5157%
Source Step = 11.5718%
Source Step = 11.628%
Source Step = 11.6842%
Source Step = 11.7404%
vernier = 0.00278091
Source Step = 11.8219%
Source Step = 11.9061%
Source Step = 11.9904%
Source Step = 12.0747%
Source Step = 12.1589%
vernier = 0.00417137
Source Step = 12.2769%
Source Step = 12.4033%
Source Step = 12.5297%
Source Step = 12.6561%
Source Step = 12.7825%
vernier = 0.00625706
Source Step = 12.9532%
Source Step = 13.1428%
Source Step = 13.3324%
Source Step = 13.522%
Source Step = 13.7116%
vernier = 0.00938559
Source Step = 13.9581%
Source Step = 14.2425%
Source Step = 14.5269%
Source Step = 14.8113%
Source Step = 15.0957%
vernier = 0.0140784
Source Step = 15.4513%
Source Step = 15.8779%
Source Step = 16.3045%
Source Step = 16.7311%
Source Step = 17.1577%
vernier = 0.0211176
Source Step = 17.6697%
Source Step = 18.3096%
Source Step = 18.9495%
Source Step = 19.5895%
Source Step = 20.2294%
vernier = 0.0316764
Source Step = 20.9653%
Source Step = 21.9252%
Source Step = 22.8851%
Source Step = 23.845%
Source Step = 24.8048%
vernier = 0.0475145
Source Step = 25.8607%
Source Step = 27.3006%
Source Step = 28.7404%
Source Step = 30.1802%
Source Step = 31.6201%
vernier = 0.0712718
Source Step = 33.1319%
Source Step = 35.2916%
Source Step = 37.4514%
Source Step = 39.6111%
Source Step = 41.7709%
Source Step = 43.9306%
vernier = 0.106908
Source Step = 47.1703%
Source Step = 50.4099%
Source Step = 53.6495%
Source Step = 56.8892%
Source Step = 60.1288%
vernier = 0.160362
Source Step = 64.8262%
Source Step = 69.6857%
Source Step = 74.5451%
Source Step = 79.4046%
Source Step = 84.264%
vernier = 0.240542
Source Step = 91.0672%
Source Step = 98.3564%
Source Step = 100%
Source Step = 100%
Source stepping succeeded in finding the operating point.

Total elapsed time: 14.532 seconds.

Files loaded:
\\ARX-704\Line-2-ARX\Блок базы - Подложки\Model U-Draft17\Draft17.net
C:\Users\User\AppData\Local\LTspice\lib\cmp\standard.dio
C:\Users\User\AppData\Local\LTspice\lib\cmp\standard.bjt
\\ARX-704\Line-2-ARX\Блок базы - Подложки\Model U-Draft17\tlv9152.lib
\\ARX-704\Line-2-ARX\Блок базы - Подложки\Model U-Draft17\DI_1N4729A.cir
\\ARX-704\Line-2-ARX\Блок базы - Подложки\Model U-Draft17\PA340_Pspice.LIB
\\ARX-704\Line-2-ARX\Блок базы - Подложки\Model U-Draft17\TIP142.cir
\\ARX-704\Line-2-ARX\Блок базы - Подложки\Model U-Draft17\TIP147.cir
\\ARX-704\Line-2-ARX\Блок базы - Подложки\Model U-Draft17\buff1models.txt

