Change Component Designator: Old Designator=C7 New Designator=C8
Change Component Designator: Old Designator=C? New Designator=C7
Change Component Designator: Old Designator=C? New Designator=C9
Change Component Designator: Old Designator=DA? New Designator=DA7
Change Component Designator: Old Designator=DA? New Designator=DA7
Change Component Designator: Old Designator=DA? New Designator=DA7
Change Component Designator: Old Designator=R7 New Designator=R12
Change Component Designator: Old Designator=R8 New Designator=R7
Change Component Designator: Old Designator=R10 New Designator=R14
Change Component Designator: Old Designator=R11 New Designator=R16
Change Component Designator: Old Designator=R12 New Designator=R10
Change Component Designator: Old Designator=R13 New Designator=R8
Change Component Designator: Old Designator=R14 New Designator=R18
Change Component Designator: Old Designator=R15 New Designator=R9
Change Component Designator: Old Designator=R16 New Designator=R11
Change Component Designator: Old Designator=R? New Designator=R13
Change Component Designator: Old Designator=R? New Designator=R15
Change Component Designator: Old Designator=R? New Designator=R17
Change Component Designator: Old Designator=R? New Designator=R19
Change Component Designator: Old Designator=VD1 New Designator=VD6
Change Component Designator: Old Designator=VD2 New Designator=VD1
Change Component Designator: Old Designator=VD5 New Designator=VD2
Change Component Designator: Old Designator=VD6 New Designator=VD3
Change Component Designator: Old Designator=VD7 New Designator=VD5
Change Component Designator: Old Designator=VD? New Designator=VD7
Change Component Designator: Old Designator=VT3 New Designator=VT4
Change Component Designator: Old Designator=VT4 New Designator=VT2
Change Component Designator: Old Designator=VT5 New Designator=VT3
Change Component Designator: Old Designator=VT6 New Designator=VT5
