Change Footprint: Footprint Not Found Конденсатор К10-17Б М47 X.X.xФ  NP0 5% [DIP]
Change Footprint: Footprint Not Found Конденсатор К10-17Б М47 X.X.xФ  NP0 5% [DIP]
Change Footprint: Footprint Not Found Конденсатор К10-17Б М47 X.X.xФ  NP0 5% [DIP]
Change Footprint: Footprint Not Found Конденсатор К10-17Б М47 X.X.xФ  NP0 5% [DIP]
Add component: Footprint Not Found Конденсатор К10-17Б М47 X.X.xФ  NP0 5% [DIP]
Add component: Footprint Not Found 
Add component: Footprint Not Found Конденсатор К10-17Б М47 X.X.xФ  NP0 5% [DIP]
Add component: Footprint Not Found Конденсатор К10-17Б М47 X.X.xФ  NP0 5% [DIP]
Add component: Footprint Not Found 
Add component: Footprint Not Found 
Add component: Footprint Not Found 
Add component: Footprint Not Found 
Add component: Footprint Not Found SOIC127P600X175-16N
Add component: Footprint Not Found 
Add component: Footprint Not Found 
Add component: Footprint Not Found 
Add component: Footprint Not Found 
Add component: Footprint Not Found 
Add component: Footprint Not Found 
Add component: Footprint Not Found 
Add component: Footprint Not Found 
Add component: Footprint Not Found 
Add component: Footprint Not Found 
Add component: Footprint Not Found 
Add component: Footprint Not Found 
Add component: Footprint Not Found 
Add component: Footprint Not Found 
Add component: Footprint Not Found 
Add component: Footprint Not Found 
Add component: Footprint Not Found 
Add component: Footprint Not Found 
Add component: Footprint Not Found 
Add component: Footprint Not Found 
Add component: Footprint Not Found 
Add component: Footprint Not Found 
Add component: Footprint Not Found 
Add component: Footprint Not Found 
Add component: Footprint Not Found 
Add component: Footprint Not Found 
Add component: Footprint Not Found 
Add component: Footprint Not Found 
Add component: Footprint Not Found 
Add component: Footprint Not Found 
Add component: Footprint Not Found 
Add component: Footprint Not Found 
Add component: Footprint Not Found 
Add component: Footprint Not Found 
Add component: Footprint Not Found 
Add component: Footprint Not Found 
Add component: Footprint Not Found 
Add component: Footprint Not Found 
Add component: Footprint Not Found 
Add component: Footprint Not Found 
Add component: Footprint Not Found 
Add component: Footprint Not Found 
Add component: Footprint Not Found 
Add component: Footprint Not Found 
Add component: Footprint Not Found 
Add component: Footprint Not Found 
Add component: Footprint Not Found 
Add component: Footprint Not Found 
Add component: Footprint Not Found 
Add Pin To Net: Unknown Pin: Pin C402-1
Add Pin To Net: Unknown Pin: Pin C402-2
Add Pin To Net: Unknown Pin: Pin C403-1
Add Pin To Net: Unknown Pin: Pin C403-2
Add Pin To Net: Unknown Pin: Pin C404-1
Add Pin To Net: Unknown Pin: Pin C404-2
Add Pin To Net: Unknown Pin: Pin C405-1
Add Pin To Net: Unknown Pin: Pin C405-2
Add Pin To Net: Unknown Pin: Pin C505-1
Add Pin To Net: Unknown Pin: Pin C505-2
Add Pin To Net: Unknown Pin: Pin DA301-1
Add Pin To Net: Unknown Pin: Pin DA301-2
Add Pin To Net: Unknown Pin: Pin DA301-3
Add Pin To Net: Unknown Pin: Pin DA301-4
Add Pin To Net: Unknown Pin: Pin DA301-5
Add Pin To Net: Unknown Pin: Pin DA301-6
Add Pin To Net: Unknown Pin: Pin DA301-7
Add Pin To Net: Unknown Pin: Pin FV501-1
Add Pin To Net: Unknown Pin: Pin FV501-2
Add Pin To Net: Unknown Pin: Pin FV502-1
Add Pin To Net: Unknown Pin: Pin FV502-2
Add Pin To Net: Unknown Pin: Pin K201-3
Add Pin To Net: Unknown Pin: Pin K201-5
Add Pin To Net: Unknown Pin: Pin K601-1
Add Pin To Net: Unknown Pin: Pin K601-3
Add Pin To Net: Unknown Pin: Pin K602-1
Add Pin To Net: Unknown Pin: Pin K602-3
Add Pin To Net: Unknown Pin: Pin KT1-1
Add Pin To Net: Unknown Pin: Pin KT2-1
Add Pin To Net: Unknown Pin: Pin KT201-1
Add Pin To Net: Unknown Pin: Pin KT202-1
Add Pin To Net: Unknown Pin: Pin KT203-1
Add Pin To Net: Unknown Pin: Pin KT204-1
Add Pin To Net: Unknown Pin: Pin KT301-1
Add Pin To Net: Unknown Pin: Pin KT302-1
Add Pin To Net: Unknown Pin: Pin KT501-1
Add Pin To Net: Unknown Pin: Pin KT502-1
Add Pin To Net: Unknown Pin: Pin KT503-1
Add Pin To Net: Unknown Pin: Pin KT601-1
Add Pin To Net: Unknown Pin: Pin KT602-1
Add Pin To Net: Unknown Pin: Pin KT603-1
Add Pin To Net: Unknown Pin: Pin KT604-1
Add Pin To Net: Unknown Pin: Pin KT605-1
Add Pin To Net: Unknown Pin: Pin R128-1
Add Pin To Net: Unknown Pin: Pin R128-2
Add Pin To Net: Unknown Pin: Pin R130-1
Add Pin To Net: Unknown Pin: Pin R130-2
Add Pin To Net: Unknown Pin: Pin R132-1
Add Pin To Net: Unknown Pin: Pin R132-2
Add Pin To Net: Unknown Pin: Pin R134-1
Add Pin To Net: Unknown Pin: Pin R134-2
Add Pin To Net: Unknown Pin: Pin R136-1
Add Pin To Net: Unknown Pin: Pin R136-2
Add Pin To Net: Unknown Pin: Pin R138-1
Add Pin To Net: Unknown Pin: Pin R138-2
Add Pin To Net: Unknown Pin: Pin R140-1
Add Pin To Net: Unknown Pin: Pin R140-2
Add Pin To Net: Unknown Pin: Pin R142-1
Add Pin To Net: Unknown Pin: Pin R142-2
Add Pin To Net: Unknown Pin: Pin R144-1
Add Pin To Net: Unknown Pin: Pin R144-2
Add Pin To Net: Unknown Pin: Pin R146-1
Add Pin To Net: Unknown Pin: Pin R146-2
Add Pin To Net: Unknown Pin: Pin R148-1
Add Pin To Net: Unknown Pin: Pin R148-2
Add Pin To Net: Unknown Pin: Pin R150-1
Add Pin To Net: Unknown Pin: Pin R150-2
Add Pin To Net: Unknown Pin: Pin R152-1
Add Pin To Net: Unknown Pin: Pin R152-2
Add Pin To Net: Unknown Pin: Pin R154-1
Add Pin To Net: Unknown Pin: Pin R154-2
Add Pin To Net: Unknown Pin: Pin R156-1
Add Pin To Net: Unknown Pin: Pin R156-2
Add Pin To Net: Unknown Pin: Pin R158-1
Add Pin To Net: Unknown Pin: Pin R158-2
Add Pin To Net: Unknown Pin: Pin R160-1
Add Pin To Net: Unknown Pin: Pin R160-2
Add Pin To Net: Unknown Pin: Pin R403-1
Add Pin To Net: Unknown Pin: Pin R403-2
Add Pin To Net: Unknown Pin: Pin R505-1
Add Pin To Net: Unknown Pin: Pin R505-2
Add Pin To Net: Unknown Pin: Pin VD102-1
Add Pin To Net: Unknown Pin: Pin VD102-2
Add Pin To Net: Unknown Pin: Pin VD103-1
Add Pin To Net: Unknown Pin: Pin VD103-2
Add Pin To Net: Unknown Pin: Pin VD104-1
Add Pin To Net: Unknown Pin: Pin VD104-2
Add Pin To Net: Unknown Pin: Pin VD105-1
Add Pin To Net: Unknown Pin: Pin VD105-2
Add Pin To Net: Unknown Pin: Pin VD106-1
Add Pin To Net: Unknown Pin: Pin VD106-2
Add Pin To Net: Unknown Pin: Pin VD107-1
Add Pin To Net: Unknown Pin: Pin VD107-2
Add Pin To Net: Unknown Pin: Pin VD108-1
Add Pin To Net: Unknown Pin: Pin VD108-2
Add Pin To Net: Unknown Pin: Pin VD109-1
Add Pin To Net: Unknown Pin: Pin VD109-2
Add Pin To Net: Unknown Pin: Pin VD307-1
Add Pin To Net: Unknown Pin: Pin VD307-2
Add Pin To Net: Unknown Pin: Pin VD309-1
Add Pin To Net: Unknown Pin: Pin VD309-2
Add Pin To Net: Unknown Pin: Pin VD311-1
Add Pin To Net: Unknown Pin: Pin VD311-2
Add Pin To Net: Unknown Pin: Pin VD313-1
Add Pin To Net: Unknown Pin: Pin VD313-2
Add Pin To Net: Unknown Pin: Pin VT312-1
Add Pin To Net: Unknown Pin: Pin VT312-2
Add Pin To Net: Unknown Pin: Pin VT312-3
Add Pin To Net: Unknown Pin: Pin VT313-1
Add Pin To Net: Unknown Pin: Pin VT313-2
Add Pin To Net: Unknown Pin: Pin VT313-3
Add Class Member: Failed to add class member : Component C402 Конденсатор К10-17Б М47 33пФ NP0 5% [DIP]
Add Class Member: Failed to add class member : Component C403 Конденсатор К10-17Б М47 33пФ NP0 5% [DIP]
Add Class Member: Failed to add class member : Component C404 Конденсатор К10-17Б М47 33пФ NP0 5% [DIP]
Add Class Member: Failed to add class member : Component C405 Конденсатор К10-17Б М47 33пФ NP0 5% [DIP]
Add Class Member: Failed to add class member : Component C505 Конденсатор К10-17Б М47 10пФ  NP0 5% [DIP]
Add Class Member: Failed to add class member : Component DA301 Операционный усилитель PA340CC [TH]
Add Class Member: Failed to add class member : Component FV501 Разрядник газонаполненный B88069-X8870-B502 (A81-C90X)
Add Class Member: Failed to add class member : Component FV502 Разрядник газонаполненный B88069-X8870-B502 (A81-C90X)
Add Class Member: Failed to add class member : Component IC? ADG431BRZ
Add Class Member: Failed to add class member : Component KT1 Control point
Add Class Member: Failed to add class member : Component KT2 Control point
Add Class Member: Failed to add class member : Component KT201 Control point
Add Class Member: Failed to add class member : Component KT202 Control point
Add Class Member: Failed to add class member : Component KT203 Control point
Add Class Member: Failed to add class member : Component KT204 Control point
Add Class Member: Failed to add class member : Component KT301 Control point
Add Class Member: Failed to add class member : Component KT302 Control point
Add Class Member: Failed to add class member : Component KT501 Control point
Add Class Member: Failed to add class member : Component KT502 Control point
Add Class Member: Failed to add class member : Component KT503 Control point
Add Class Member: Failed to add class member : Component KT601 Control point
Add Class Member: Failed to add class member : Component KT602 Control point
Add Class Member: Failed to add class member : Component KT603 Control point
Add Class Member: Failed to add class member : Component KT604 Control point
Add Class Member: Failed to add class member : Component KT605 Control point
Add Class Member: Failed to add class member : Component R128 Резистор 100Ом 0,125Вт 1% [DIP]
Add Class Member: Failed to add class member : Component R130 Резистор 100Ом 0,125Вт 1% [DIP]
Add Class Member: Failed to add class member : Component R132 Резистор 100Ом 0,125Вт 1% [DIP]
Add Class Member: Failed to add class member : Component R134 Резистор 100Ом 0,125Вт 1% [DIP]
Add Class Member: Failed to add class member : Component R136 Резистор 100Ом 0,125Вт 1% [DIP]
Add Class Member: Failed to add class member : Component R138 Резистор 100Ом 0,125Вт 1% [DIP]
Add Class Member: Failed to add class member : Component R140 Резистор 100Ом 0,125Вт 1% [DIP]
Add Class Member: Failed to add class member : Component R142 Резистор 100Ом 0,125Вт 1% [DIP]
Add Class Member: Failed to add class member : Component R144 Резистор 100Ом 0,125Вт 1% [DIP]
Add Class Member: Failed to add class member : Component R146 Резистор 100Ом 0,125Вт 1% [DIP]
Add Class Member: Failed to add class member : Component R148 Резистор 100Ом 0,125Вт 1% [DIP]
Add Class Member: Failed to add class member : Component R150 Резистор 100Ом 0,125Вт 1% [DIP]
Add Class Member: Failed to add class member : Component R152 Резистор 100Ом 0,125Вт 1% [DIP]
Add Class Member: Failed to add class member : Component R154 Резистор 100Ом 0,125Вт 1% [DIP]
Add Class Member: Failed to add class member : Component R156 Резистор 100Ом 0,125Вт 1% [DIP]
Add Class Member: Failed to add class member : Component R158 Резистор 100Ом 0,125Вт 1% [DIP]
Add Class Member: Failed to add class member : Component R160 Резистор 100Ом 0,125Вт 1% [DIP]
Add Class Member: Failed to add class member : Component R403 Резистор RK1/4DCT52R1105F 11 МОм ±1% [DIP]
Add Class Member: Failed to add class member : Component R505 Резистор C2-29В-0,25 2.4кОм ±0,5% [DIP]
Add Class Member: Failed to add class member : Component VD102 Светодиод FYLS-0805GC [0805]
Add Class Member: Failed to add class member : Component VD103 Светодиод FYLS-0805GC [0805]
Add Class Member: Failed to add class member : Component VD104 Светодиод FYLS-0805GC [0805]
Add Class Member: Failed to add class member : Component VD105 Светодиод FYLS-0805GC [0805]
Add Class Member: Failed to add class member : Component VD106 Светодиод FYLS-0805GC [0805]
Add Class Member: Failed to add class member : Component VD107 Светодиод FYLS-0805GC [0805]
Add Class Member: Failed to add class member : Component VD108 Светодиод FYLS-0805GC [0805]
Add Class Member: Failed to add class member : Component VD109 Светодиод FYLS-0805GC [0805]
Add Class Member: Failed to add class member : Component VD307 Диод RS1M [SMA] (допускается замена на FR307 [DO-201AD])
Add Class Member: Failed to add class member : Component VD309 Диод RS1M [SMA] (допускается замена на FR307 [DO-201AD])
Add Class Member: Failed to add class member : Component VD311 Диод RS1M [SMA] (допускается замена на FR307 [DO-201AD])
Add Class Member: Failed to add class member : Component VD313 Диод RS1M [SMA] (допускается замена на FR307 [DO-201AD])
Add Class Member: Failed to add class member : Component VT312 Транзистор FQP13N10  N-канал 100В 12.8А [TO-220]
Add Class Member: Failed to add class member : Component VT313 Транзистор SFP9530 P-канал 100В 10.5А [TO-220]
