Added Component: Designator=C1(B43640A2228M000)
Added Component: Designator=C2(B43640A2228M000)
Added Component: Designator=C3(B43640A2228M000)
Added Component: Designator=C4(B43640A2228M000)
Added Component: Designator=R1(С2-33Н-0,5АИ (070.04.0601.14.00))
Add component (AddParameter): Name = "Value"; Value = "430 Ом"; VariantName = "[No Variations]"
Add component (AddParameter): Name = "Диапазон значений номинальных сопротивлений"; Value = "от 1 Ом до 5,11 МОм"; VariantName = "[No Variations]"
Add component (AddParameter): Name = "Категории качества"; Value = "«ОТК»"; VariantName = "[No Variations]"
Add component (AddParameter): Name = "Номинальная мощность рассеяния"; Value = "0,5 Вт"; VariantName = "[No Variations]"
Add component (AddParameter): Name = "Ряд сопротивлений"; Value = "Е24, Е96"; VariantName = "[No Variations]"
Add component (AddParameter): Name = "ТУ"; Value = "ОЖО.467.173 ТУ"; VariantName = "[No Variations]"
Added Component: Designator=R2(С2-33Н-0,5АИ (070.04.0601.14.00))
Add component (AddParameter): Name = "Value"; Value = "430 Ом"; VariantName = "[No Variations]"
Add component (AddParameter): Name = "Диапазон значений номинальных сопротивлений"; Value = "от 1 Ом до 5,11 МОм"; VariantName = "[No Variations]"
Add component (AddParameter): Name = "Категории качества"; Value = "«ОТК»"; VariantName = "[No Variations]"
Add component (AddParameter): Name = "Номинальная мощность рассеяния"; Value = "0,5 Вт"; VariantName = "[No Variations]"
Add component (AddParameter): Name = "Ряд сопротивлений"; Value = "Е24, Е96"; VariantName = "[No Variations]"
Add component (AddParameter): Name = "ТУ"; Value = "ОЖО.467.173 ТУ"; VariantName = "[No Variations]"
Added Component: Designator=R3(OAR3)
Add component (AddParameter): Name = "ModelPrint"; Value = "0402"; VariantName = "[No Variations]"
Add component (AddParameter): Name = "Value"; Value = "0.005 Ом"; VariantName = "[No Variations]"
Added Component: Designator=R4(OAR3)
Add component (AddParameter): Name = "ModelPrint"; Value = "0402"; VariantName = "[No Variations]"
Add component (AddParameter): Name = "Value"; Value = "0.005 Ом"; VariantName = "[No Variations]"
Added Component: Designator=R5(OAR3)
Add component (AddParameter): Name = "ModelPrint"; Value = "0402"; VariantName = "[No Variations]"
Add component (AddParameter): Name = "Value"; Value = "0.005 Ом"; VariantName = "[No Variations]"
Added Component: Designator=R6(OAR3)
Add component (AddParameter): Name = "ModelPrint"; Value = "0402"; VariantName = "[No Variations]"
Add component (AddParameter): Name = "Value"; Value = "0.005 Ом"; VariantName = "[No Variations]"
Added Component: Designator=XP1(280373-2)
Added Pin To Net: NetName=Net1 Pin=C1-1
Added Pin To Net: NetName=Net1 Pin=C3-1
Added Pin To Net: NetName=Net1 Pin=R1-2
Added Net: Name=Net1
Added Pin To Net: NetName=Net2 Pin=C2-2
Added Pin To Net: NetName=Net2 Pin=C4-2
Added Pin To Net: NetName=Net2 Pin=R2-1
Added Net: Name=Net2
Added Pin To Net: NetName=Net3 Pin=R3-1
Added Pin To Net: NetName=Net3 Pin=R4-2
Added Pin To Net: NetName=Net3 Pin=R5-1
Added Pin To Net: NetName=Net3 Pin=R6-2
Added Pin To Net: NetName=Net3 Pin=XP1-2
Added Pin To Net: NetName=Net3 Pin=XP1-3
Added Pin To Net: NetName=Net3 Pin=XP1-4
Added Pin To Net: NetName=Net3 Pin=XP1-5
Added Pin To Net: NetName=Net3 Pin=XP1-6
Added Pin To Net: NetName=Net3 Pin=XP1-7
Added Net: Name=Net3
Added Pin To Net: NetName=NetC1_2 Pin=C1-2
Added Pin To Net: NetName=NetC1_2 Pin=C3-2
Added Pin To Net: NetName=NetC1_2 Pin=R1-1
Added Pin To Net: NetName=NetC1_2 Pin=R3-2
Added Pin To Net: NetName=NetC1_2 Pin=R5-2
Added Pin To Net: NetName=NetC1_2 Pin=XP1-1
Added Net: Name=NetC1_2
Added Pin To Net: NetName=NetC2_1 Pin=C2-1
Added Pin To Net: NetName=NetC2_1 Pin=C4-1
Added Pin To Net: NetName=NetC2_1 Pin=R2-2
Added Pin To Net: NetName=NetC2_1 Pin=R4-1
Added Pin To Net: NetName=NetC2_1 Pin=R6-1
Added Pin To Net: NetName=NetC2_1 Pin=XP1-8
Added Net: Name=NetC2_1
Add Class Member: Failed to add class member : Component 1 OTV
Add Class Member: Failed to add class member : Component 2 OTV
Add Class Member: Failed to add class member : Component 3 OTV
Added Member To Class: ClassName=Sheet1 Member=Component C1 B43640A2228M000
Added Member To Class: ClassName=Sheet1 Member=Component C2 B43640A2228M000
Added Member To Class: ClassName=Sheet1 Member=Component C3 B43640A2228M000
Added Member To Class: ClassName=Sheet1 Member=Component C4 B43640A2228M000
Added Member To Class: ClassName=Sheet1 Member=Component R1 С2-33Н-0,5-24 кОм +-5%
Added Member To Class: ClassName=Sheet1 Member=Component R2 С2-33Н-0,5-24 кОм +-5%
Added Member To Class: ClassName=Sheet1 Member=Component R3 OAR3-R005FI
Added Member To Class: ClassName=Sheet1 Member=Component R4 OAR3-R005FI
Added Member To Class: ClassName=Sheet1 Member=Component R5 OAR3-R005FI
Added Member To Class: ClassName=Sheet1 Member=Component R6 OAR3-R005FI
Added Member To Class: ClassName=Sheet1 Member=Component XP1 280373-2
Add Class Member: Failed to add class member : Component XT1 SOCKET
