Project Information             d:\max_altera\max2work\1-lne_project\pbase.rpt

MAX+plus II Compiler Report File
Version 10.0 9/14/2000
Compiled: 01/29/2026 14:49:26

Copyright (C) 1988-2000 Altera Corporation
Any megafunction design, and related net list (encrypted or decrypted),
support information, device programming or simulation file, and any other
associated documentation or information provided by Altera or a partner
under Altera's Megafunction Partnership Program may be used only to
program PLD devices (but not masked PLD devices) from Altera.  Any other
use of such megafunction design, net list, support information, device
programming or simulation file, or any other related documentation or
information is prohibited for any other purpose, including, but not
limited to modification, reverse engineering, de-compiling, or use with
any other silicon devices, unless such use is explicitly licensed under
a separate agreement with Altera or a megafunction partner.  Title to
the intellectual property, including patents, copyrights, trademarks,
trade secrets, or maskworks, embodied in any such megafunction design,
net list, support information, device programming or simulation file, or
any other related documentation or information provided by Altera or a
megafunction partner, remains with Altera, the megafunction partner, or
their respective licensors.  No other licenses, including any licenses
needed under any third party's intellectual property, are provided herein.



***** Project compilation was successful




** DEVICE SUMMARY **

Chip/                     Input   Output   Bidir         Shareable
POF       Device          Pins    Pins     Pins     LCs  Expanders  % Utilized

pbase     EPM3128ATC100-5  3        29       0      60      0           46 %

User Pins:                 3        29       0  



Project Information             d:\max_altera\max2work\1-lne_project\pbase.rpt

** PIN/LOCATION/CHIP ASSIGNMENTS **

                  Actual                  
    User       Assignments                
Assignments   (if different)     Node Name

pbase@72                          CLBR
pbase@32                          enb/
pbase@31                          iclk
pbase@30                          id
pbase@68                          Onl1
pbase@69                          onl2
pbase@70                          onl3
pbase@100                         R1I
pbase@99                          R1U
pbase@44                          ST1
pbase@45                          ST2
pbase@46                          ST3
pbase@47                          ST4
pbase@71                          Uc1
pbase@58                          Ui
pbase@61                          Uim
pbase@76                          Un
pbase@77                          Up
pbase@48                          U1
pbase@49                          U2
pbase@50                          U3
pbase@85                          1K
pbase@81                          1M
pbase@98                          1RI
pbase@97                          1RU
pbase@84                          10K
pbase@79                          10M
pbase@96                          10RI
pbase@94                          10RU
pbase@83                          100K
pbase@93                          100RI
pbase@92                          100RU


Project Information             d:\max_altera\max2work\1-lne_project\pbase.rpt

** FILE HIERARCHY **



|shift_24:1|
|74139:30|
|74154:88|


Device-Specific Information:    d:\max_altera\max2work\1-lne_project\pbase.rpt
pbase

***** Logic for device 'pbase' compiled without errors.




Device: EPM3128ATC100-5

Device Options:
    Turbo Bit                                    = ON
    Security Bit                                 = OFF
    Enable JTAG Support                        = ON
    User Code                                  = ffffffff
    MultiVolt I/O                              = OFF

                                                      R          
                                                      E          
                                V                     S          
                            1 1 C                 V   E          
                      1   1 0 0 C               1 C   R          
              R R 1 1 0 G 0 0 0 I G G G G G   1 0 C   V 1 G      
              1 1 R R R N R R R N N N N N N 1 0 0 I 1 E 0 N U U  
              I U I U I D U I U T D D D D D K K K O M D M D p n  
            ----------------------------------------------------_ 
           / 100  98  96  94  92  90  88  86  84  82  80  78  76   |_ 
          /     99  97  95  93  91  89  87  85  83  81  79  77    | 
RESERVED |  1                                                    75 | RESERVED 
RESERVED |  2                                                    74 | GND 
   VCCIO |  3                                                    73 | #TDO 
    #TDI |  4                                                    72 | CLBR 
RESERVED |  5                                                    71 | Uc1 
RESERVED |  6                                                    70 | onl3 
RESERVED |  7                                                    69 | onl2 
RESERVED |  8                                                    68 | Onl1 
RESERVED |  9                                                    67 | RESERVED 
RESERVED | 10                                                    66 | VCCIO 
     GND | 11                                                    65 | GND 
RESERVED | 12                                                    64 | RESERVED 
RESERVED | 13                  EPM3128ATC100-5                   63 | RESERVED 
RESERVED | 14                                                    62 | #TCK 
    #TMS | 15                                                    61 | Uim 
RESERVED | 16                                                    60 | RESERVED 
RESERVED | 17                                                    59 | GND 
   VCCIO | 18                                                    58 | Ui 
RESERVED | 19                                                    57 | RESERVED 
RESERVED | 20                                                    56 | RESERVED 
RESERVED | 21                                                    55 | RESERVED 
RESERVED | 22                                                    54 | RESERVED 
RESERVED | 23                                                    53 | GND 
RESERVED | 24                                                    52 | RESERVED 
RESERVED | 25                                                    51 | VCCIO 
         |      27  29  31  33  35  37  39  41  43  45  47  49  _| 
          \   26  28  30  32  34  36  38  40  42  44  46  48  50   | 
           \----------------------------------------------------- 
              G R R R i i e G V R R R G V R R R G S S S S U U U  
              N E E E d c n N C E E E N C E E E N T T T T 1 2 3  
              D S S S   l b D C S S S D C S S S D 1 2 3 4        
                E E E   k /   I E E E   I E E E                  
                R R R         O R R R   N R R R                  
                V V V           V V V   T V V V                  
                E E E           E E E     E E E                  
                D D D           D D D     D D D                  


N.C. = No Connect. This pin has no internal connection to the device.
VCCINT = Dedicated power pin, which MUST be connected to VCC (3.3 volts).
VCCIO = Dedicated power pin, which MUST be connected to VCC (3.3 volts).
GND = Dedicated ground pin or unused dedicated input, which MUST be connected to GND.
RESERVED = Unused I/O pin, which MUST be left unconnected.

^ = Dedicated configuration pin.
+ = Reserved configuration pin, which is tri-stated during user mode.
* = Reserved configuration pin, which drives out in user mode.
PDn = Power Down pin. 
@ = Special-purpose pin. 
# = JTAG Boundary-Scan Testing/In-System Programming or Configuration Pin. The JTAG inputs TMS and TDI should be tied to VCC and TCK should be tied to GND when not in use.
& = JTAG pin used for I/O. When used as user I/O, JTAG pins must be kept stable before and during configuration.  JTAG pin stability prevents accidental loading of JTAG instructions.


Device-Specific Information:    d:\max_altera\max2work\1-lne_project\pbase.rpt
pbase

** RESOURCE USAGE **

                                                Shareable     External
Logic Array Block     Logic Cells   I/O Pins    Expanders   Interconnect

A:     LC1 - LC16     8/16( 50%)   8/10( 80%)   0/16(  0%)   4/36( 11%) 
B:    LC17 - LC32     0/16(  0%)   1/10( 10%)   0/16(  0%)   0/36(  0%) 
C:    LC33 - LC48     0/16(  0%)   1/10( 10%)   0/16(  0%)   0/36(  0%) 
D:    LC49 - LC64     0/16(  0%)   3/ 9( 33%)   0/16(  0%)   0/36(  0%) 
E:    LC65 - LC80    16/16(100%)   7/10( 70%)   3/16( 18%)  15/36( 41%) 
F:    LC81 - LC96    15/16( 93%)   3/ 9( 33%)   5/16( 31%)  19/36( 52%) 
G:   LC97 - LC112     5/16( 31%)   6/ 9( 66%)   5/16( 31%)  12/36( 33%) 
H:  LC113 - LC128    16/16(100%)   7/ 9( 77%)   4/16( 25%)  17/36( 47%) 


Total dedicated input pins used:                 0/4      (  0%)
Total I/O pins used:                            36/76     ( 47%)
Total logic cells used:                         60/128    ( 46%)
Total shareable expanders used:                  0/128    (  0%)
Total Turbo logic cells used:                   60/128    ( 46%)
Total shareable expanders not available (n/a):  17/128    ( 13%)
Average fan-in:                                  3.80
Total fan-in:                                   228

Total input pins required:                       3
Total output pins required:                     29
Total bidirectional pins required:               0
Total reserved pins required                     4
Total logic cells required:                     60
Total flipflops required:                       41
Total product terms required:                  176
Total logic cells lending parallel expanders:    0
Total shareable expanders in database:           0

Synthesized logic cells:                         0/ 128   (  0%)



Device-Specific Information:    d:\max_altera\max2work\1-lne_project\pbase.rpt
pbase

** INPUTS **

                                         Shareable
                                         Expanders     Fan-In    Fan-Out
 Pin     LC  LAB  Primitive    Code   Total Shared n/a INP  FBK  OUT  FBK  Name
  32   (56)  (D)      INPUT               0      0   0    0    0   10   31  enb/
  31   (57)  (D)      INPUT               0      0   0    0    0   10   31  iclk
  30   (59)  (D)      INPUT               0      0   0    0    0    0    1  id


Code:

s = Synthesized pin or logic cell
t = Turbo logic cell
+ = Synchronous flipflop
/ = Slow slew-rate output
! = NOT gate push-back
r = Fitter-inserted logic cell


Device-Specific Information:    d:\max_altera\max2work\1-lne_project\pbase.rpt
pbase

** OUTPUTS **

                                         Shareable
                                         Expanders     Fan-In    Fan-Out
 Pin     LC  LAB  Primitive    Code   Total Shared n/a INP  FBK  OUT  FBK  Name
  72    110    G         FF      t        1      0   1    2    2    1    0  CLBR
  68    104    G         FF      t        1      0   1    2    2    1    0  Onl1
  69    105    G         FF      t        1      0   1    2    2    1    0  onl2
  70    107    G         FF      t        1      0   1    2    2    1    0  onl3
 100      5    A     OUTPUT      t        0      0   0    0    4    0    0  R1I
  99      6    A     OUTPUT      t        0      0   0    0    4    0    0  R1U
  44     70    E     OUTPUT      t        0      0   0    0    2    0    0  ST1
  45     72    E     OUTPUT      t        0      0   0    0    2    0    0  ST2
  46     73    E     OUTPUT      t        0      0   0    0    2    0    0  ST3
  47     75    E         FF      t        1      0   1    2    2    1    0  ST4
  71    109    G         FF      t        1      0   1    2    2    1    0  Uc1
  58     91    F         FF      t        1      0   1    2    2    1    0  Ui
  61     94    F         FF      t        1      0   1    2    2    1    0  Uim
  76    115    H         FF      t        1      0   1    2    2    1    0  Un
  77    117    H         FF      t        1      0   1    2    2    1    0  Up
  48     77    E     OUTPUT      t        0      0   0    0    2    0    0  U1
  49     78    E     OUTPUT      t        0      0   0    0    2    0    0  U2
  50     80    E     OUTPUT      t        0      0   0    0    2    0    0  U3
  85    128    H     OUTPUT      t        0      0   0    0    4    0    0  1K
  81    123    H     OUTPUT      t        0      0   0    0    4    0    0  1M
  98      8    A     OUTPUT      t        0      0   0    0    4    0    0  1RI
  97      9    A     OUTPUT      t        0      0   0    0    4    0    0  1RU
  84    126    H     OUTPUT      t        0      0   0    0    4    0    0  10K
  79    120    H     OUTPUT      t        0      0   0    0    4    0    0  10M
  96     11    A     OUTPUT      t        0      0   0    0    4    0    0  10RI
  94     13    A     OUTPUT      t        0      0   0    0    4    0    0  10RU
  83    125    H     OUTPUT      t        0      0   0    0    4    0    0  100K
  93     14    A     OUTPUT      t        0      0   0    0    4    0    0  100RI
  92     16    A     OUTPUT      t        0      0   0    0    4    0    0  100RU


Code:

s = Synthesized pin or logic cell
t = Turbo logic cell
+ = Synchronous flipflop
/ = Slow slew-rate output
! = NOT gate push-back
r = Fitter-inserted logic cell


Device-Specific Information:    d:\max_altera\max2work\1-lne_project\pbase.rpt
pbase

** BURIED LOGIC **

                                         Shareable
                                         Expanders     Fan-In    Fan-Out
 Pin     LC  LAB  Primitive    Code   Total Shared n/a INP  FBK  OUT  FBK  Name
   -    127    H       DFFE      t        0      0   0    2    2    1    1  |shift_24:1|dff23 (|shift_24:1|:28)
   -    122    H       DFFE      t        0      0   0    2    2    1    2  |shift_24:1|dff22 (|shift_24:1|:29)
   -    118    H       DFFE      t        0      0   0    2    2    1    2  |shift_24:1|dff21 (|shift_24:1|:30)
 (80)   121    H       DFFE      t        0      0   0    2    2    1    2  |shift_24:1|dff20 (|shift_24:1|:31)
   -    124    H       DFFE      t        0      0   0    2    2    0    2  |shift_24:1|dff19 (|shift_24:1|:32)
   -     76    E       DFFE      t        0      0   0    2    2    0    2  |shift_24:1|dff18 (|shift_24:1|:33)
   -     79    E       DFFE      t        0      0   0    2    2    1    2  |shift_24:1|dff17 (|shift_24:1|:34)
   -     74    E       DFFE      t        0      0   0    2    2    0    2  |shift_24:1|dff16 (|shift_24:1|:35)
 (40)    65    E       DFFE      t        0      0   0    2    2    1    2  |shift_24:1|dff15 (|shift_24:1|:36)
   -     71    E       DFFE      t        0      0   0    2    2    0    2  |shift_24:1|dff14 (|shift_24:1|:37)
 (42)    69    E       DFFE      t        0      0   0    2    2    0    3  |shift_24:1|dff13 (|shift_24:1|:38)
   -     68    E       DFFE      t        0      0   0    2    2    0    3  |shift_24:1|dff12 (|shift_24:1|:39)
 (56)    88    F       DFFE      t        0      0   0    2    2    1    2  |shift_24:1|dff11 (|shift_24:1|:40)
 (55)    86    F       DFFE      t        0      0   0    2    2    1    2  |shift_24:1|dff10 (|shift_24:1|:41)
 (54)    85    F       DFFE      t        0      0   0    2    2    0    2  |shift_24:1|dff9 (|shift_24:1|:42)
 (62)    96    F       DFFE      t        0      0   0    2    2    0    3  |shift_24:1|dff8 (|shift_24:1|:43)
   -     95    F       DFFE      t        0      0   0    2    2    0    2  |shift_24:1|dff7 (|shift_24:1|:44)
   -     92    F       DFFE      t        0      0   0    2    2    0    2  |shift_24:1|dff6 (|shift_24:1|:45)
 (52)    81    F       DFFE      t        0      0   0    2    2    1    2  |shift_24:1|dff5 (|shift_24:1|:46)
 (57)    89    F       DFFE      t        0      0   0    2    2    1    2  |shift_24:1|dff4 (|shift_24:1|:47)
   -     90    F       DFFE      t        0      0   0    2    2    0    3  |shift_24:1|dff3 (|shift_24:1|:48)
   -     83    F       DFFE      t        0      0   0    2    2    0    3  |shift_24:1|dff2 (|shift_24:1|:49)
 (75)   113    H       DFFE      t        0      0   0    2    2    0    3  |shift_24:1|dff1 (|shift_24:1|:50)
   -    119    H       DFFE      t        0      0   0    3    1    0    3  |shift_24:1|dff0 (|shift_24:1|:51)
 (41)    67    E       DFFE      t        1      0   1    2    2    3    1  |shift_24:1|:87
   -     66    E       DFFE      t        1      0   1    2    2    3    1  |shift_24:1|:88
   -     87    F       DFFE      t        1      0   1    2    2    3    1  |shift_24:1|:92
   -     82    F       DFFE      t        1      0   1    2    2   16    1  |shift_24:1|:97
   -     84    F       DFFE      t        1      0   1    2    2   13    1  |shift_24:1|:98
   -    114    H       DFFE      t        1      0   1    2    2   13    1  |shift_24:1|:99
   -    116    H       DFFE      t        1      0   1    2    2   13    1  |shift_24:1|:100


Code:

s = Synthesized pin or logic cell
t = Turbo logic cell
+ = Synchronous flipflop
/ = Slow slew-rate output
! = NOT gate push-back
r = Fitter-inserted logic cell


Device-Specific Information:    d:\max_altera\max2work\1-lne_project\pbase.rpt
pbase

** LOGIC CELL INTERCONNECTIONS **

Logic Array Block 'A':

                         Logic cells placed in LAB 'A'
        +--------------- LC5 R1I
        | +------------- LC6 R1U
        | | +----------- LC8 1RI
        | | | +--------- LC9 1RU
        | | | | +------- LC11 10RI
        | | | | | +----- LC13 10RU
        | | | | | | +--- LC14 100RI
        | | | | | | | +- LC16 100RU
        | | | | | | | | 
        | | | | | | | |   Other LABs fed by signals
        | | | | | | | |   that feed LAB 'A'
LC      | | | | | | | | | A B C D E F G H |     Logic cells that feed LAB 'A':

Pin
LC82 -> * * * * * * * * | * - - - * * - * | <-- |shift_24:1|:97
LC84 -> * * * * * * * * | * - - - - * - * | <-- |shift_24:1|:98
LC114-> * * * * * * * * | * - - - - - - * | <-- |shift_24:1|:99
LC116-> * * * * * * * * | * - - - - - - * | <-- |shift_24:1|:100


* = The logic cell or pin is an input to the logic cell (or LAB) through the PIA.
- = The logic cell or pin is not an input to the logic cell (or LAB).


Device-Specific Information:    d:\max_altera\max2work\1-lne_project\pbase.rpt
pbase

** LOGIC CELL INTERCONNECTIONS **

Logic Array Block 'E':

                                         Logic cells placed in LAB 'E'
        +------------------------------- LC76 |shift_24:1|dff18
        | +----------------------------- LC79 |shift_24:1|dff17
        | | +--------------------------- LC74 |shift_24:1|dff16
        | | | +------------------------- LC65 |shift_24:1|dff15
        | | | | +----------------------- LC71 |shift_24:1|dff14
        | | | | | +--------------------- LC69 |shift_24:1|dff13
        | | | | | | +------------------- LC68 |shift_24:1|dff12
        | | | | | | | +----------------- LC67 |shift_24:1|:87
        | | | | | | | | +--------------- LC66 |shift_24:1|:88
        | | | | | | | | | +------------- LC70 ST1
        | | | | | | | | | | +----------- LC72 ST2
        | | | | | | | | | | | +--------- LC73 ST3
        | | | | | | | | | | | | +------- LC75 ST4
        | | | | | | | | | | | | | +----- LC77 U1
        | | | | | | | | | | | | | | +--- LC78 U2
        | | | | | | | | | | | | | | | +- LC80 U3
        | | | | | | | | | | | | | | | | 
        | | | | | | | | | | | | | | | |   Other LABs fed by signals
        | | | | | | | | | | | | | | | |   that feed LAB 'E'
LC      | | | | | | | | | | | | | | | | | A B C D E F G H |     Logic cells that feed LAB 'E':
LC76 -> * - - - - - - - - - - - - - - - | - - - - * - - * | <-- |shift_24:1|dff18
LC79 -> * * - - - - - - - - - - - - - - | - - - - * * - - | <-- |shift_24:1|dff17
LC74 -> - * * - - - - - - - - - - - - - | - - - - * - - - | <-- |shift_24:1|dff16
LC65 -> - - * * - - - - - - - - - - - - | - - - - * - * - | <-- |shift_24:1|dff15
LC71 -> - - - * * - - - - - - - - - - - | - - - - * - - - | <-- |shift_24:1|dff14
LC69 -> - - - - * * - * - - - - - - - - | - - - - * - - - | <-- |shift_24:1|dff13
LC68 -> - - - - - * * - * - - - - - - - | - - - - * - - - | <-- |shift_24:1|dff12
LC67 -> - - - - - - - * - - - - - * * * | - - - - * - - - | <-- |shift_24:1|:87
LC66 -> - - - - - - - - * - - - - * * * | - - - - * - - - | <-- |shift_24:1|:88
LC75 -> - - - - - - - - - - - - * - - - | - - - - * - - - | <-- ST4

Pin
32   -> * * * * * * * * * - - - * - - - | - - - - * * * * | <-- enb/
31   -> * * * * * * * * * - - - * - - - | - - - - * * * * | <-- iclk
LC88 -> - - - - - - * - - - - - * - - - | - - - - * * - - | <-- |shift_24:1|dff11
LC87 -> - - - - - - - - - * * * - - - - | - - - - * * - - | <-- |shift_24:1|:92
LC82 -> - - - - - - - - - * * * - - - - | * - - - * * - * | <-- |shift_24:1|:97


* = The logic cell or pin is an input to the logic cell (or LAB) through the PIA.
- = The logic cell or pin is not an input to the logic cell (or LAB).


Device-Specific Information:    d:\max_altera\max2work\1-lne_project\pbase.rpt
pbase

** LOGIC CELL INTERCONNECTIONS **

Logic Array Block 'F':

                                       Logic cells placed in LAB 'F'
        +----------------------------- LC88 |shift_24:1|dff11
        | +--------------------------- LC86 |shift_24:1|dff10
        | | +------------------------- LC85 |shift_24:1|dff9
        | | | +----------------------- LC96 |shift_24:1|dff8
        | | | | +--------------------- LC95 |shift_24:1|dff7
        | | | | | +------------------- LC92 |shift_24:1|dff6
        | | | | | | +----------------- LC81 |shift_24:1|dff5
        | | | | | | | +--------------- LC89 |shift_24:1|dff4
        | | | | | | | | +------------- LC90 |shift_24:1|dff3
        | | | | | | | | | +----------- LC83 |shift_24:1|dff2
        | | | | | | | | | | +--------- LC87 |shift_24:1|:92
        | | | | | | | | | | | +------- LC82 |shift_24:1|:97
        | | | | | | | | | | | | +----- LC84 |shift_24:1|:98
        | | | | | | | | | | | | | +--- LC91 Ui
        | | | | | | | | | | | | | | +- LC94 Uim
        | | | | | | | | | | | | | | | 
        | | | | | | | | | | | | | | |   Other LABs fed by signals
        | | | | | | | | | | | | | | |   that feed LAB 'F'
LC      | | | | | | | | | | | | | | | | A B C D E F G H |     Logic cells that feed LAB 'F':
LC88 -> * - - - - - - - - - - - - - - | - - - - * * - - | <-- |shift_24:1|dff11
LC86 -> * * - - - - - - - - - - - * - | - - - - - * - - | <-- |shift_24:1|dff10
LC85 -> - * * - - - - - - - - - - - - | - - - - - * - - | <-- |shift_24:1|dff9
LC96 -> - - * * - - - - - - * - - - - | - - - - - * - - | <-- |shift_24:1|dff8
LC95 -> - - - * * - - - - - - - - - - | - - - - - * - - | <-- |shift_24:1|dff7
LC92 -> - - - - * * - - - - - - - - - | - - - - - * - - | <-- |shift_24:1|dff6
LC81 -> - - - - - * * - - - - - - - - | - - - - - * * - | <-- |shift_24:1|dff5
LC89 -> - - - - - - * * - - - - - - - | - - - - - * * - | <-- |shift_24:1|dff4
LC90 -> - - - - - - - * * - - * - - - | - - - - - * - - | <-- |shift_24:1|dff3
LC83 -> - - - - - - - - * * - - * - - | - - - - - * - - | <-- |shift_24:1|dff2
LC87 -> - - - - - - - - - - * - - - - | - - - - * * - - | <-- |shift_24:1|:92
LC82 -> - - - - - - - - - - - * - - - | * - - - * * - * | <-- |shift_24:1|:97
LC84 -> - - - - - - - - - - - - * - - | * - - - - * - * | <-- |shift_24:1|:98
LC91 -> - - - - - - - - - - - - - * - | - - - - - * - - | <-- Ui
LC94 -> - - - - - - - - - - - - - - * | - - - - - * - - | <-- Uim

Pin
32   -> * * * * * * * * * * * * * * * | - - - - * * * * | <-- enb/
31   -> * * * * * * * * * * * * * * * | - - - - * * * * | <-- iclk
LC79 -> - - - - - - - - - - - - - - * | - - - - * * - - | <-- |shift_24:1|dff17
LC113-> - - - - - - - - - * - - - - - | - - - - - * - * | <-- |shift_24:1|dff1


* = The logic cell or pin is an input to the logic cell (or LAB) through the PIA.
- = The logic cell or pin is not an input to the logic cell (or LAB).


Device-Specific Information:    d:\max_altera\max2work\1-lne_project\pbase.rpt
pbase

** LOGIC CELL INTERCONNECTIONS **

Logic Array Block 'G':

                   Logic cells placed in LAB 'G'
        +--------- LC110 CLBR
        | +------- LC104 Onl1
        | | +----- LC105 onl2
        | | | +--- LC107 onl3
        | | | | +- LC109 Uc1
        | | | | | 
        | | | | |   Other LABs fed by signals
        | | | | |   that feed LAB 'G'
LC      | | | | | | A B C D E F G H |     Logic cells that feed LAB 'G':
LC110-> * - - - - | - - - - - - * - | <-- CLBR
LC104-> - * - - - | - - - - - - * - | <-- Onl1
LC105-> - - * - - | - - - - - - * - | <-- onl2
LC107-> - - - * - | - - - - - - * - | <-- onl3
LC109-> - - - - * | - - - - - - * - | <-- Uc1

Pin
32   -> * * * * * | - - - - * * * * | <-- enb/
31   -> * * * * * | - - - - * * * * | <-- iclk
LC118-> - - * - - | - - - - - - * * | <-- |shift_24:1|dff21
LC121-> - * - - - | - - - - - - * * | <-- |shift_24:1|dff20
LC65 -> - - - * - | - - - - * - * - | <-- |shift_24:1|dff15
LC81 -> * - - - - | - - - - - * * - | <-- |shift_24:1|dff5
LC89 -> - - - - * | - - - - - * * - | <-- |shift_24:1|dff4


* = The logic cell or pin is an input to the logic cell (or LAB) through the PIA.
- = The logic cell or pin is not an input to the logic cell (or LAB).


Device-Specific Information:    d:\max_altera\max2work\1-lne_project\pbase.rpt
pbase

** LOGIC CELL INTERCONNECTIONS **

Logic Array Block 'H':

                                         Logic cells placed in LAB 'H'
        +------------------------------- LC127 |shift_24:1|dff23
        | +----------------------------- LC122 |shift_24:1|dff22
        | | +--------------------------- LC118 |shift_24:1|dff21
        | | | +------------------------- LC121 |shift_24:1|dff20
        | | | | +----------------------- LC124 |shift_24:1|dff19
        | | | | | +--------------------- LC113 |shift_24:1|dff1
        | | | | | | +------------------- LC119 |shift_24:1|dff0
        | | | | | | | +----------------- LC114 |shift_24:1|:99
        | | | | | | | | +--------------- LC116 |shift_24:1|:100
        | | | | | | | | | +------------- LC115 Un
        | | | | | | | | | | +----------- LC117 Up
        | | | | | | | | | | | +--------- LC128 1K
        | | | | | | | | | | | | +------- LC123 1M
        | | | | | | | | | | | | | +----- LC126 10K
        | | | | | | | | | | | | | | +--- LC120 10M
        | | | | | | | | | | | | | | | +- LC125 100K
        | | | | | | | | | | | | | | | | 
        | | | | | | | | | | | | | | | |   Other LABs fed by signals
        | | | | | | | | | | | | | | | |   that feed LAB 'H'
LC      | | | | | | | | | | | | | | | | | A B C D E F G H |     Logic cells that feed LAB 'H':
LC127-> * - - - - - - - - * - - - - - - | - - - - - - - * | <-- |shift_24:1|dff23
LC122-> * * - - - - - - - - * - - - - - | - - - - - - - * | <-- |shift_24:1|dff22
LC118-> - * * - - - - - - - - - - - - - | - - - - - - * * | <-- |shift_24:1|dff21
LC121-> - - * * - - - - - - - - - - - - | - - - - - - * * | <-- |shift_24:1|dff20
LC124-> - - - * * - - - - - - - - - - - | - - - - - - - * | <-- |shift_24:1|dff19
LC113-> - - - - - * - * - - - - - - - - | - - - - - * - * | <-- |shift_24:1|dff1
LC119-> - - - - - * * - * - - - - - - - | - - - - - - - * | <-- |shift_24:1|dff0
LC114-> - - - - - - - * - - - * * * * * | * - - - - - - * | <-- |shift_24:1|:99
LC116-> - - - - - - - - * - - * * * * * | * - - - - - - * | <-- |shift_24:1|:100
LC115-> - - - - - - - - - * - - - - - - | - - - - - - - * | <-- Un
LC117-> - - - - - - - - - - * - - - - - | - - - - - - - * | <-- Up

Pin
32   -> * * * * * * * * * * * - - - - - | - - - - * * * * | <-- enb/
31   -> * * * * * * * * * * * - - - - - | - - - - * * * * | <-- iclk
30   -> - - - - - - * - - - - - - - - - | - - - - - - - * | <-- id
LC76 -> - - - - * - - - - - - - - - - - | - - - - * - - * | <-- |shift_24:1|dff18
LC82 -> - - - - - - - - - - - * * * * * | * - - - * * - * | <-- |shift_24:1|:97
LC84 -> - - - - - - - - - - - * * * * * | * - - - - * - * | <-- |shift_24:1|:98


* = The logic cell or pin is an input to the logic cell (or LAB) through the PIA.
- = The logic cell or pin is not an input to the logic cell (or LAB).


Device-Specific Information:    d:\max_altera\max2work\1-lne_project\pbase.rpt
pbase

** EQUATIONS **

enb/     : INPUT;
iclk     : INPUT;
id       : INPUT;

-- Node name is 'CLBR' = '|shift_24:1|:95' 
-- Equation name is 'CLBR', type is output 
 CLBR    = DFFE( _EQ001 $  GND,  iclk, !_EQ002, !_EQ003,  VCC);
  _EQ001 =  enb/ &  _LC081
         #  CLBR & !enb/;
  _EQ002 =  enb/ & !_LC081;
  _EQ003 =  enb/ &  _LC081;

-- Node name is 'Onl1' = '|shift_24:1|:80' 
-- Equation name is 'Onl1', type is output 
 Onl1    = DFFE( _EQ004 $  GND,  iclk, !_EQ005, !_EQ006,  VCC);
  _EQ004 =  enb/ &  _LC121
         # !enb/ &  Onl1;
  _EQ005 =  enb/ & !_LC121;
  _EQ006 =  enb/ &  _LC121;

-- Node name is 'onl2' = '|shift_24:1|:79' 
-- Equation name is 'onl2', type is output 
 onl2    = DFFE( _EQ007 $  GND,  iclk, !_EQ008, !_EQ009,  VCC);
  _EQ007 =  enb/ &  _LC118
         # !enb/ &  onl2;
  _EQ008 =  enb/ & !_LC118;
  _EQ009 =  enb/ &  _LC118;

-- Node name is 'onl3' = '|shift_24:1|:85' 
-- Equation name is 'onl3', type is output 
 onl3    = DFFE( _EQ010 $  GND,  iclk, !_EQ011, !_EQ012,  VCC);
  _EQ010 =  enb/ &  _LC065
         # !enb/ &  onl3;
  _EQ011 =  enb/ & !_LC065;
  _EQ012 =  enb/ &  _LC065;

-- Node name is 'R1I' 
-- Equation name is 'R1I', location is LC005, type is output.
 R1I     = LCELL( _EQ013 $  VCC);
  _EQ013 =  _LC082 & !_LC084 & !_LC114 & !_LC116;

-- Node name is 'R1U' 
-- Equation name is 'R1U', location is LC006, type is output.
 R1U     = LCELL( _EQ014 $  VCC);
  _EQ014 =  _LC082 & !_LC084 & !_LC114 & !_LC116;

-- Node name is 'ST1' 
-- Equation name is 'ST1', location is LC070, type is output.
 ST1     = LCELL( _EQ015 $  VCC);
  _EQ015 = !_LC082 & !_LC087;

-- Node name is 'ST2' 
-- Equation name is 'ST2', location is LC072, type is output.
 ST2     = LCELL( _EQ016 $  VCC);
  _EQ016 =  _LC082 & !_LC087;

-- Node name is 'ST3' 
-- Equation name is 'ST3', location is LC073, type is output.
 ST3     = LCELL( _EQ017 $  VCC);
  _EQ017 = !_LC082 &  _LC087;

-- Node name is 'ST4' = '|shift_24:1|:89' 
-- Equation name is 'ST4', type is output 
 ST4     = DFFE( _EQ018 $  GND,  iclk, !_EQ019, !_EQ020,  VCC);
  _EQ018 =  enb/ &  _LC088
         # !enb/ &  ST4;
  _EQ019 =  enb/ & !_LC088;
  _EQ020 =  enb/ &  _LC088;

-- Node name is 'Uc1' = '|shift_24:1|:96' 
-- Equation name is 'Uc1', type is output 
 Uc1     = DFFE( _EQ021 $  GND,  iclk, !_EQ022, !_EQ023,  VCC);
  _EQ021 =  enb/ &  _LC089
         # !enb/ &  Uc1;
  _EQ022 =  enb/ & !_LC089;
  _EQ023 =  enb/ &  _LC089;

-- Node name is 'Ui' = '|shift_24:1|:90' 
-- Equation name is 'Ui', type is output 
 Ui      = DFFE( _EQ024 $  GND,  iclk, !_EQ025, !_EQ026,  VCC);
  _EQ024 =  enb/ &  _LC086
         # !enb/ &  Ui;
  _EQ025 =  enb/ & !_LC086;
  _EQ026 =  enb/ &  _LC086;

-- Node name is 'Uim' = '|shift_24:1|:83' 
-- Equation name is 'Uim', type is output 
 Uim     = DFFE( _EQ027 $  GND,  iclk, !_EQ028, !_EQ029,  VCC);
  _EQ027 =  enb/ &  _LC079
         # !enb/ &  Uim;
  _EQ028 =  enb/ & !_LC079;
  _EQ029 =  enb/ &  _LC079;

-- Node name is 'Un' = '|shift_24:1|:77' 
-- Equation name is 'Un', type is output 
 Un      = DFFE( _EQ030 $  GND,  iclk, !_EQ031, !_EQ032,  VCC);
  _EQ030 =  enb/ &  _LC127
         # !enb/ &  Un;
  _EQ031 =  enb/ & !_LC127;
  _EQ032 =  enb/ &  _LC127;

-- Node name is 'Up' = '|shift_24:1|:78' 
-- Equation name is 'Up', type is output 
 Up      = DFFE( _EQ033 $  GND,  iclk, !_EQ034, !_EQ035,  VCC);
  _EQ033 =  enb/ &  _LC122
         # !enb/ &  Up;
  _EQ034 =  enb/ & !_LC122;
  _EQ035 =  enb/ &  _LC122;

-- Node name is 'U1' 
-- Equation name is 'U1', location is LC077, type is output.
 U1      = LCELL( _EQ036 $  VCC);
  _EQ036 = !_LC066 & !_LC067;

-- Node name is 'U2' 
-- Equation name is 'U2', location is LC078, type is output.
 U2      = LCELL( _EQ037 $  VCC);
  _EQ037 =  _LC066 & !_LC067;

-- Node name is 'U3' 
-- Equation name is 'U3', location is LC080, type is output.
 U3      = LCELL( _EQ038 $  VCC);
  _EQ038 = !_LC066 &  _LC067;

-- Node name is '1K' 
-- Equation name is '1K', location is LC128, type is output.
 1K      = LCELL( _EQ039 $  VCC);
  _EQ039 = !_LC082 &  _LC084 & !_LC114 & !_LC116;

-- Node name is '1M' 
-- Equation name is '1M', location is LC123, type is output.
 1M      = LCELL( _EQ040 $  VCC);
  _EQ040 = !_LC082 & !_LC084 & !_LC114 &  _LC116;

-- Node name is '1RI' 
-- Equation name is '1RI', location is LC008, type is output.
 1RI     = LCELL( _EQ041 $  VCC);
  _EQ041 = !_LC082 &  _LC084 &  _LC114 &  _LC116;

-- Node name is '1RU' 
-- Equation name is '1RU', location is LC009, type is output.
 1RU     = LCELL( _EQ042 $  VCC);
  _EQ042 = !_LC082 &  _LC084 &  _LC114 &  _LC116;

-- Node name is '10K' 
-- Equation name is '10K', location is LC126, type is output.
 10K     = LCELL( _EQ043 $  VCC);
  _EQ043 = !_LC082 & !_LC084 &  _LC114 &  _LC116;

-- Node name is '10M' 
-- Equation name is '10M', location is LC120, type is output.
 10M     = LCELL( _EQ044 $  VCC);
  _EQ044 = !_LC082 & !_LC084 & !_LC114 & !_LC116;

-- Node name is '10RI' 
-- Equation name is '10RI', location is LC011, type is output.
 10RI    = LCELL( _EQ045 $  VCC);
  _EQ045 = !_LC082 &  _LC084 &  _LC114 & !_LC116;

-- Node name is '10RU' 
-- Equation name is '10RU', location is LC013, type is output.
 10RU    = LCELL( _EQ046 $  VCC);
  _EQ046 = !_LC082 &  _LC084 &  _LC114 & !_LC116;

-- Node name is '100K' 
-- Equation name is '100K', location is LC125, type is output.
 100K    = LCELL( _EQ047 $  VCC);
  _EQ047 = !_LC082 & !_LC084 &  _LC114 & !_LC116;

-- Node name is '100RI' 
-- Equation name is '100RI', location is LC014, type is output.
 100RI   = LCELL( _EQ048 $  VCC);
  _EQ048 = !_LC082 &  _LC084 & !_LC114 &  _LC116;

-- Node name is '100RU' 
-- Equation name is '100RU', location is LC016, type is output.
 100RU   = LCELL( _EQ049 $  VCC);
  _EQ049 = !_LC082 &  _LC084 & !_LC114 &  _LC116;

-- Node name is '|shift_24:1|:51' = '|shift_24:1|dff0' 
-- Equation name is '_LC119', type is buried 
_LC119   = DFFE( _EQ050 $  GND,  iclk,  VCC,  VCC,  VCC);
  _EQ050 =  enb/ &  _LC119
         # !enb/ &  id;

-- Node name is '|shift_24:1|:50' = '|shift_24:1|dff1' 
-- Equation name is '_LC113', type is buried 
_LC113   = DFFE( _EQ051 $  GND,  iclk,  VCC,  VCC,  VCC);
  _EQ051 =  enb/ &  _LC113
         # !enb/ &  _LC119;

-- Node name is '|shift_24:1|:49' = '|shift_24:1|dff2' 
-- Equation name is '_LC083', type is buried 
_LC083   = DFFE( _EQ052 $  GND,  iclk,  VCC,  VCC,  VCC);
  _EQ052 =  enb/ &  _LC083
         # !enb/ &  _LC113;

-- Node name is '|shift_24:1|:48' = '|shift_24:1|dff3' 
-- Equation name is '_LC090', type is buried 
_LC090   = DFFE( _EQ053 $  GND,  iclk,  VCC,  VCC,  VCC);
  _EQ053 =  enb/ &  _LC090
         # !enb/ &  _LC083;

-- Node name is '|shift_24:1|:47' = '|shift_24:1|dff4' 
-- Equation name is '_LC089', type is buried 
_LC089   = DFFE( _EQ054 $  GND,  iclk,  VCC,  VCC,  VCC);
  _EQ054 =  enb/ &  _LC089
         # !enb/ &  _LC090;

-- Node name is '|shift_24:1|:46' = '|shift_24:1|dff5' 
-- Equation name is '_LC081', type is buried 
_LC081   = DFFE( _EQ055 $  GND,  iclk,  VCC,  VCC,  VCC);
  _EQ055 =  enb/ &  _LC081
         # !enb/ &  _LC089;

-- Node name is '|shift_24:1|:45' = '|shift_24:1|dff6' 
-- Equation name is '_LC092', type is buried 
_LC092   = DFFE( _EQ056 $  GND,  iclk,  VCC,  VCC,  VCC);
  _EQ056 =  enb/ &  _LC092
         # !enb/ &  _LC081;

-- Node name is '|shift_24:1|:44' = '|shift_24:1|dff7' 
-- Equation name is '_LC095', type is buried 
_LC095   = DFFE( _EQ057 $  GND,  iclk,  VCC,  VCC,  VCC);
  _EQ057 =  enb/ &  _LC095
         # !enb/ &  _LC092;

-- Node name is '|shift_24:1|:43' = '|shift_24:1|dff8' 
-- Equation name is '_LC096', type is buried 
_LC096   = DFFE( _EQ058 $  GND,  iclk,  VCC,  VCC,  VCC);
  _EQ058 =  enb/ &  _LC096
         # !enb/ &  _LC095;

-- Node name is '|shift_24:1|:42' = '|shift_24:1|dff9' 
-- Equation name is '_LC085', type is buried 
_LC085   = DFFE( _EQ059 $  GND,  iclk,  VCC,  VCC,  VCC);
  _EQ059 =  enb/ &  _LC085
         # !enb/ &  _LC096;

-- Node name is '|shift_24:1|:41' = '|shift_24:1|dff10' 
-- Equation name is '_LC086', type is buried 
_LC086   = DFFE( _EQ060 $  GND,  iclk,  VCC,  VCC,  VCC);
  _EQ060 =  enb/ &  _LC086
         # !enb/ &  _LC085;

-- Node name is '|shift_24:1|:40' = '|shift_24:1|dff11' 
-- Equation name is '_LC088', type is buried 
_LC088   = DFFE( _EQ061 $  GND,  iclk,  VCC,  VCC,  VCC);
  _EQ061 =  enb/ &  _LC088
         # !enb/ &  _LC086;

-- Node name is '|shift_24:1|:39' = '|shift_24:1|dff12' 
-- Equation name is '_LC068', type is buried 
_LC068   = DFFE( _EQ062 $  GND,  iclk,  VCC,  VCC,  VCC);
  _EQ062 =  enb/ &  _LC068
         # !enb/ &  _LC088;

-- Node name is '|shift_24:1|:38' = '|shift_24:1|dff13' 
-- Equation name is '_LC069', type is buried 
_LC069   = DFFE( _EQ063 $  GND,  iclk,  VCC,  VCC,  VCC);
  _EQ063 =  enb/ &  _LC069
         # !enb/ &  _LC068;

-- Node name is '|shift_24:1|:37' = '|shift_24:1|dff14' 
-- Equation name is '_LC071', type is buried 
_LC071   = DFFE( _EQ064 $  GND,  iclk,  VCC,  VCC,  VCC);
  _EQ064 =  enb/ &  _LC071
         # !enb/ &  _LC069;

-- Node name is '|shift_24:1|:36' = '|shift_24:1|dff15' 
-- Equation name is '_LC065', type is buried 
_LC065   = DFFE( _EQ065 $  GND,  iclk,  VCC,  VCC,  VCC);
  _EQ065 =  enb/ &  _LC065
         # !enb/ &  _LC071;

-- Node name is '|shift_24:1|:35' = '|shift_24:1|dff16' 
-- Equation name is '_LC074', type is buried 
_LC074   = DFFE( _EQ066 $  GND,  iclk,  VCC,  VCC,  VCC);
  _EQ066 =  enb/ &  _LC074
         # !enb/ &  _LC065;

-- Node name is '|shift_24:1|:34' = '|shift_24:1|dff17' 
-- Equation name is '_LC079', type is buried 
_LC079   = DFFE( _EQ067 $  GND,  iclk,  VCC,  VCC,  VCC);
  _EQ067 =  enb/ &  _LC079
         # !enb/ &  _LC074;

-- Node name is '|shift_24:1|:33' = '|shift_24:1|dff18' 
-- Equation name is '_LC076', type is buried 
_LC076   = DFFE( _EQ068 $  GND,  iclk,  VCC,  VCC,  VCC);
  _EQ068 =  enb/ &  _LC076
         # !enb/ &  _LC079;

-- Node name is '|shift_24:1|:32' = '|shift_24:1|dff19' 
-- Equation name is '_LC124', type is buried 
_LC124   = DFFE( _EQ069 $  GND,  iclk,  VCC,  VCC,  VCC);
  _EQ069 =  enb/ &  _LC124
         # !enb/ &  _LC076;

-- Node name is '|shift_24:1|:31' = '|shift_24:1|dff20' 
-- Equation name is '_LC121', type is buried 
_LC121   = DFFE( _EQ070 $  GND,  iclk,  VCC,  VCC,  VCC);
  _EQ070 =  enb/ &  _LC121
         # !enb/ &  _LC124;

-- Node name is '|shift_24:1|:30' = '|shift_24:1|dff21' 
-- Equation name is '_LC118', type is buried 
_LC118   = DFFE( _EQ071 $  GND,  iclk,  VCC,  VCC,  VCC);
  _EQ071 =  enb/ &  _LC118
         # !enb/ &  _LC121;

-- Node name is '|shift_24:1|:29' = '|shift_24:1|dff22' 
-- Equation name is '_LC122', type is buried 
_LC122   = DFFE( _EQ072 $  GND,  iclk,  VCC,  VCC,  VCC);
  _EQ072 =  enb/ &  _LC122
         # !enb/ &  _LC118;

-- Node name is '|shift_24:1|:28' = '|shift_24:1|dff23' 
-- Equation name is '_LC127', type is buried 
_LC127   = DFFE( _EQ073 $  GND,  iclk,  VCC,  VCC,  VCC);
  _EQ073 =  enb/ &  _LC127
         # !enb/ &  _LC122;

-- Node name is '|shift_24:1|:87' 
-- Equation name is '_LC067', type is buried 
_LC067   = DFFE( _EQ074 $  GND,  iclk, !_EQ075, !_EQ076,  VCC);
  _EQ074 =  enb/ &  _LC069
         # !enb/ &  _LC067;
  _EQ075 =  enb/ & !_LC069;
  _EQ076 =  enb/ &  _LC069;

-- Node name is '|shift_24:1|:88' 
-- Equation name is '_LC066', type is buried 
_LC066   = DFFE( _EQ077 $  GND,  iclk, !_EQ078, !_EQ079,  VCC);
  _EQ077 =  enb/ &  _LC068
         # !enb/ &  _LC066;
  _EQ078 =  enb/ & !_LC068;
  _EQ079 =  enb/ &  _LC068;

-- Node name is '|shift_24:1|:92' 
-- Equation name is '_LC087', type is buried 
_LC087   = DFFE( _EQ080 $  GND,  iclk, !_EQ081, !_EQ082,  VCC);
  _EQ080 =  enb/ &  _LC096
         # !enb/ &  _LC087;
  _EQ081 =  enb/ & !_LC096;
  _EQ082 =  enb/ &  _LC096;

-- Node name is '|shift_24:1|:97' 
-- Equation name is '_LC082', type is buried 
_LC082   = DFFE( _EQ083 $  GND,  iclk, !_EQ084, !_EQ085,  VCC);
  _EQ083 =  enb/ &  _LC090
         # !enb/ &  _LC082;
  _EQ084 =  enb/ & !_LC090;
  _EQ085 =  enb/ &  _LC090;

-- Node name is '|shift_24:1|:98' 
-- Equation name is '_LC084', type is buried 
_LC084   = DFFE( _EQ086 $  GND,  iclk, !_EQ087, !_EQ088,  VCC);
  _EQ086 =  enb/ &  _LC083
         # !enb/ &  _LC084;
  _EQ087 =  enb/ & !_LC083;
  _EQ088 =  enb/ &  _LC083;

-- Node name is '|shift_24:1|:99' 
-- Equation name is '_LC114', type is buried 
_LC114   = DFFE( _EQ089 $  GND,  iclk, !_EQ090, !_EQ091,  VCC);
  _EQ089 =  enb/ &  _LC113
         # !enb/ &  _LC114;
  _EQ090 =  enb/ & !_LC113;
  _EQ091 =  enb/ &  _LC113;

-- Node name is '|shift_24:1|:100' 
-- Equation name is '_LC116', type is buried 
_LC116   = DFFE( _EQ092 $  GND,  iclk, !_EQ093, !_EQ094,  VCC);
  _EQ092 =  enb/ &  _LC119
         # !enb/ &  _LC116;
  _EQ093 =  enb/ & !_LC119;
  _EQ094 =  enb/ &  _LC119;



--     Shareable expanders that are duplicated in multiple LABs:
--     (none)




Project Information             d:\max_altera\max2work\1-lne_project\pbase.rpt

** COMPILATION SETTINGS & TIMES **

Processing Menu Commands
------------------------

Design Doctor                             = off

Logic Synthesis:

   Synthesis Type Used                    = Standard

   Default Synthesis Style                = NORMAL

      Logic option settings in 'NORMAL' style for 'MAX3000A' family

      DECOMPOSE_GATES                     = on
      DUPLICATE_LOGIC_EXTRACTION          = on
      MINIMIZATION                        = full
      MULTI_LEVEL_FACTORING               = on
      NOT_GATE_PUSH_BACK                  = on
      PARALLEL_EXPANDERS                  = off
      REDUCE_LOGIC                        = on
      REFACTORIZATION                     = on
      REGISTER_OPTIMIZATION               = on
      RESYNTHESIZE_NETWORK                = on
      SLOW_SLEW_RATE                      = off
      SOFT_BUFFER_INSERTION               = on
      SUBFACTOR_EXTRACTION                = on
      TURBO_BIT                           = on
      XOR_SYNTHESIS                       = on
      IGNORE_SOFT_BUFFERS                 = off
      USE_LPM_FOR_AHDL_OPERATORS          = off

   Other logic synthesis settings:

      Automatic Global Clock              = on
      Automatic Global Clear              = on
      Automatic Global Preset             = on
      Automatic Global Output Enable      = on
      Automatic Fast I/O                  = off
      Automatic Register Packing          = off
      Automatic Open-Drain Pins           = on
      Automatic Implement in EAB          = off
      One-Hot State Machine Encoding      = off
      Optimize                            = 5

Default Timing Specifications: None

Cut All Bidir Feedback Timing Paths       = on
Cut All Clear & Preset Timing Paths       = on

Ignore Timing Assignments                 = off

Functional SNF Extractor                  = off

Linked SNF Extractor                      = off
Timing SNF Extractor                      = on
Optimize Timing SNF                       = off
Generate AHDL TDO File                    = off
Fitter Settings                           = NORMAL
Smart Recompile                           = off
Total Recompile                           = off

Interfaces Menu Commands
------------------------

EDIF Netlist Writer                       = off
Verilog Netlist Writer                    = off
VHDL Netlist Writer                       = off

Compilation Times
-----------------

   Compiler Netlist Extractor             00:00:00
   Database Builder                       00:00:00
   Logic Synthesizer                      00:00:00
   Partitioner                            00:00:01
   Fitter                                 00:00:00
   Timing SNF Extractor                   00:00:00
   Assembler                              00:00:00
   --------------------------             --------
   Total Time                             00:00:01


Memory Allocated
-----------------

Peak memory allocated during compilation  = 3,364K
