Project Information          d:\max_altera\max2work\1-lne_project\shift_24.rpt

MAX+plus II Compiler Report File
Version 10.0 9/14/2000
Compiled: 01/28/2026 09:57:10

Copyright (C) 1988-2000 Altera Corporation
Any megafunction design, and related net list (encrypted or decrypted),
support information, device programming or simulation file, and any other
associated documentation or information provided by Altera or a partner
under Altera's Megafunction Partnership Program may be used only to
program PLD devices (but not masked PLD devices) from Altera.  Any other
use of such megafunction design, net list, support information, device
programming or simulation file, or any other related documentation or
information is prohibited for any other purpose, including, but not
limited to modification, reverse engineering, de-compiling, or use with
any other silicon devices, unless such use is explicitly licensed under
a separate agreement with Altera or a megafunction partner.  Title to
the intellectual property, including patents, copyrights, trademarks,
trade secrets, or maskworks, embodied in any such megafunction design,
net list, support information, device programming or simulation file, or
any other related documentation or information provided by Altera or a
megafunction partner, remains with Altera, the megafunction partner, or
their respective licensors.  No other licenses, including any licenses
needed under any third party's intellectual property, are provided herein.



***** Project compilation was successful




** DEVICE SUMMARY **

Chip/                     Input   Output   Bidir         Shareable
POF       Device          Pins    Pins     Pins     LCs  Expanders  % Utilized

shift_24  EPM3064ALC44-4   3        24       0      48      0           75 %

User Pins:                 3        24       0  



Project Information          d:\max_altera\max2work\1-lne_project\shift_24.rpt

** AUTO GLOBAL SIGNALS **



INFO: Signal 'iclk' chosen for auto global Clock


Device-Specific Information: d:\max_altera\max2work\1-lne_project\shift_24.rpt
shift_24

***** Logic for device 'shift_24' compiled without errors.




Device: EPM3064ALC44-4

Device Options:
    Turbo Bit                                    = ON
    Security Bit                                 = OFF
    Enable JTAG Support                        = ON
    User Code                                  = ffffffff
    MultiVolt I/O                              = OFF

                     V                       
                     C                 e  e  
            e     e  C           i     f  f  
            f  e  f  I  G  G  G  c  G  f  f  
            f  n  f  N  N  N  N  l  N  1  2  
            3  b  2  T  D  D  D  k  D  9  0  
          -----------------------------------_ 
        /   6  5  4  3  2  1 44 43 42 41 40   | 
  #TDI |  7                                39 | eff21 
  eff0 |  8                                38 | #TDO 
 eff23 |  9                                37 | eff22 
   GND | 10                                36 | GND 
    id | 11                                35 | VCCIO 
  eff1 | 12         EPM3064ALC44-4         34 | eff4 
  #TMS | 13                                33 | eff5 
 eff13 | 14                                32 | #TCK 
 VCCIO | 15                                31 | eff9 
 eff16 | 16                                30 | GND 
   GND | 17                                29 | eff10 
       |_  18 19 20 21 22 23 24 25 26 27 28  _| 
         ------------------------------------ 
            e  e  e  e  G  V  e  e  e  e  e  
            f  f  f  f  N  C  f  f  f  f  f  
            f  f  f  f  D  C  f  f  f  f  f  
            6  1  1  7     I  1  1  1  8  1  
               5  4        N  1  8  2     7  
                           T                 


N.C. = No Connect. This pin has no internal connection to the device.
VCCINT = Dedicated power pin, which MUST be connected to VCC (3.3 volts).
VCCIO = Dedicated power pin, which MUST be connected to VCC (3.3 volts).
GND = Dedicated ground pin or unused dedicated input, which MUST be connected to GND.
RESERVED = Unused I/O pin, which MUST be left unconnected.

^ = Dedicated configuration pin.
+ = Reserved configuration pin, which is tri-stated during user mode.
* = Reserved configuration pin, which drives out in user mode.
PDn = Power Down pin. 
@ = Special-purpose pin. 
# = JTAG Boundary-Scan Testing/In-System Programming or Configuration Pin. The JTAG inputs TMS and TDI should be tied to VCC and TCK should be tied to GND when not in use.
& = JTAG pin used for I/O. When used as user I/O, JTAG pins must be kept stable before and during configuration.  JTAG pin stability prevents accidental loading of JTAG instructions.


Device-Specific Information: d:\max_altera\max2work\1-lne_project\shift_24.rpt
shift_24

** RESOURCE USAGE **

                                                Shareable     External
Logic Array Block     Logic Cells   I/O Pins    Expanders   Interconnect

A:     LC1 - LC16     9/16( 56%)   8/ 8(100%)   0/16(  0%)   6/36( 16%) 
B:    LC17 - LC32    13/16( 81%)   7/ 7(100%)   0/16(  0%)   8/36( 22%) 
C:    LC33 - LC48    14/16( 87%)   8/ 8(100%)   0/16(  0%)   8/36( 22%) 
D:    LC49 - LC64    12/16( 75%)   7/ 7(100%)   0/16(  0%)   7/36( 19%) 


Total dedicated input pins used:                 1/4      ( 25%)
Total I/O pins used:                            30/30     (100%)
Total logic cells used:                         48/64     ( 75%)
Total shareable expanders used:                  0/64     (  0%)
Total Turbo logic cells used:                   48/64     ( 75%)
Total shareable expanders not available (n/a):   0/64     (  0%)
Average fan-in:                                  3.00
Total fan-in:                                   144

Total input pins required:                       3
Total output pins required:                     24
Total bidirectional pins required:               0
Total reserved pins required                     4
Total logic cells required:                     48
Total flipflops required:                       48
Total product terms required:                  144
Total logic cells lending parallel expanders:    0
Total shareable expanders in database:           0

Synthesized logic cells:                         0/  64   (  0%)



Device-Specific Information: d:\max_altera\max2work\1-lne_project\shift_24.rpt
shift_24

** INPUTS **

                                         Shareable
                                         Expanders     Fan-In    Fan-Out
 Pin     LC  LAB  Primitive    Code   Total Shared n/a INP  FBK  OUT  FBK  Name
   5   (14)  (A)      INPUT               0      0   0    0    0   24   24  enb
  43      -   -       INPUT  G            0      0   0    0    0    0    0  iclk
  11    (3)  (A)      INPUT               0      0   0    0    0    0    1  id


Code:

s = Synthesized pin or logic cell
t = Turbo logic cell
+ = Synchronous flipflop
/ = Slow slew-rate output
! = NOT gate push-back
r = Fitter-inserted logic cell
G = Global Source. Fan-out destinations counted here do not include destinations
that are driven using global routing resources. Refer to the Auto Global Signals,
Clock Signals, Clear Signals, Synchronous Load Signals, and Synchronous Clear Signals
Sections of this Report File for information on which signals' fan-outs are used as
Clock, Clear, Preset, Output Enable, and synchronous Load signals.


Device-Specific Information: d:\max_altera\max2work\1-lne_project\shift_24.rpt
shift_24

** OUTPUTS **

                                         Shareable
                                         Expanders     Fan-In    Fan-Out
 Pin     LC  LAB  Primitive    Code   Total Shared n/a INP  FBK  OUT  FBK  Name
   8      5    A         FF   +  t        0      0   0    1    1    0    0  eff0
  12      1    A         FF   +  t        0      0   0    1    1    0    0  eff1
   4     16    A         FF   +  t        0      0   0    1    1    0    0  eff2
   6     11    A         FF   +  t        0      0   0    1    1    0    0  eff3
  34     51    D         FF   +  t        0      0   0    1    1    0    0  eff4
  33     49    D         FF   +  t        0      0   0    1    1    0    0  eff5
  18     21    B         FF   +  t        0      0   0    1    1    0    0  eff6
  21     17    B         FF   +  t        0      0   0    1    1    0    0  eff7
  27     37    C         FF   +  t        0      0   0    1    1    0    0  eff8
  31     46    C         FF   +  t        0      0   0    1    1    0    0  eff9
  29     41    C         FF   +  t        0      0   0    1    1    0    0  eff10
  24     33    C         FF   +  t        0      0   0    1    1    0    0  eff11
  26     36    C         FF   +  t        0      0   0    1    1    0    0  eff12
  14     30    B         FF   +  t        0      0   0    1    1    0    0  eff13
  20     19    B         FF   +  t        0      0   0    1    1    0    0  eff14
  19     20    B         FF   +  t        0      0   0    1    1    0    0  eff15
  16     25    B         FF   +  t        0      0   0    1    1    0    0  eff16
  28     40    C         FF   +  t        0      0   0    1    1    0    0  eff17
  25     35    C         FF   +  t        0      0   0    1    1    0    0  eff18
  41     64    D         FF   +  t        0      0   0    1    1    0    0  eff19
  40     62    D         FF   +  t        0      0   0    1    1    0    0  eff20
  39     57    D         FF   +  t        0      0   0    1    1    0    0  eff21
  37     53    D         FF   +  t        0      0   0    1    1    0    0  eff22
   9      4    A         FF   +  t        0      0   0    1    1    0    0  eff23


Code:

s = Synthesized pin or logic cell
t = Turbo logic cell
+ = Synchronous flipflop
/ = Slow slew-rate output
! = NOT gate push-back
r = Fitter-inserted logic cell


Device-Specific Information: d:\max_altera\max2work\1-lne_project\shift_24.rpt
shift_24

** BURIED LOGIC **

                                         Shareable
                                         Expanders     Fan-In    Fan-Out
 Pin     LC  LAB  Primitive    Code   Total Shared n/a INP  FBK  OUT  FBK  Name
 (38)    56    D       DFFE   +  t        0      0   0    1    1    1    0  dff23 (:28)
   -     50    D       DFFE   +  t        0      0   0    1    1    1    1  dff22 (:29)
   -     55    D       DFFE   +  t        0      0   0    1    1    1    1  dff21 (:30)
   -     52    D       DFFE   +  t        0      0   0    1    1    1    1  dff20 (:31)
   -     42    C       DFFE   +  t        0      0   0    1    1    1    1  dff19 (:32)
   -     34    C       DFFE   +  t        0      0   0    1    1    1    1  dff18 (:33)
   -     23    B       DFFE   +  t        0      0   0    1    1    1    1  dff17 (:34)
   -     24    B       DFFE   +  t        0      0   0    1    1    1    1  dff16 (:35)
   -     28    B       DFFE   +  t        0      0   0    1    1    1    1  dff15 (:36)
   -     27    B       DFFE   +  t        0      0   0    1    1    1    1  dff14 (:37)
   -     45    C       DFFE   +  t        0      0   0    1    1    1    1  dff13 (:38)
   -     39    C       DFFE   +  t        0      0   0    1    1    1    1  dff12 (:39)
   -     38    C       DFFE   +  t        0      0   0    1    1    1    1  dff11 (:40)
   -     44    C       DFFE   +  t        0      0   0    1    1    1    1  dff10 (:41)
   -     43    C       DFFE   +  t        0      0   0    1    1    1    1  dff9 (:42)
   -     22    B       DFFE   +  t        0      0   0    1    1    1    1  dff8 (:43)
   -     18    B       DFFE   +  t        0      0   0    1    1    1    1  dff7 (:44)
   -     54    D       DFFE   +  t        0      0   0    1    1    1    1  dff6 (:45)
   -     61    D       DFFE   +  t        0      0   0    1    1    1    1  dff5 (:46)
  (5)    14    A       DFFE   +  t        0      0   0    1    1    1    1  dff4 (:47)
   -     13    A       DFFE   +  t        0      0   0    1    1    1    1  dff3 (:48)
   -     12    A       DFFE   +  t        0      0   0    1    1    1    1  dff2 (:49)
   -     10    A       DFFE   +  t        0      0   0    1    1    1    1  dff1 (:50)
   -     26    B       DFFE   +  t        0      0   0    2    0    1    1  dff0 (:51)


Code:

s = Synthesized pin or logic cell
t = Turbo logic cell
+ = Synchronous flipflop
/ = Slow slew-rate output
! = NOT gate push-back
r = Fitter-inserted logic cell


Device-Specific Information: d:\max_altera\max2work\1-lne_project\shift_24.rpt
shift_24

** LOGIC CELL INTERCONNECTIONS **

Logic Array Block 'A':

                           Logic cells placed in LAB 'A'
        +----------------- LC5 eff0
        | +--------------- LC1 eff1
        | | +------------- LC16 eff2
        | | | +----------- LC11 eff3
        | | | | +--------- LC4 eff23
        | | | | | +------- LC14 dff4
        | | | | | | +----- LC13 dff3
        | | | | | | | +--- LC12 dff2
        | | | | | | | | +- LC10 dff1
        | | | | | | | | | 
        | | | | | | | | |   Other LABs fed by signals
        | | | | | | | | |   that feed LAB 'A'
LC      | | | | | | | | | | A B C D |     Logic cells that feed LAB 'A':
LC13 -> - - - * - * - - - | * - - - | <-- dff3
LC12 -> - - * - - - * - - | * - - - | <-- dff2
LC10 -> - * - - - - - * - | * - - - | <-- dff1

Pin
5    -> * * * * * * * * * | * * * * | <-- enb
43   -> - - - - - - - - - | - - - - | <-- iclk
LC56 -> - - - - * - - - - | * - - - | <-- dff23
LC26 -> * - - - - - - - * | * - - - | <-- dff0


* = The logic cell or pin is an input to the logic cell (or LAB) through the PIA.
- = The logic cell or pin is not an input to the logic cell (or LAB).


Device-Specific Information: d:\max_altera\max2work\1-lne_project\shift_24.rpt
shift_24

** LOGIC CELL INTERCONNECTIONS **

Logic Array Block 'B':

                                   Logic cells placed in LAB 'B'
        +------------------------- LC21 eff6
        | +----------------------- LC17 eff7
        | | +--------------------- LC30 eff13
        | | | +------------------- LC19 eff14
        | | | | +----------------- LC20 eff15
        | | | | | +--------------- LC25 eff16
        | | | | | | +------------- LC23 dff17
        | | | | | | | +----------- LC24 dff16
        | | | | | | | | +--------- LC28 dff15
        | | | | | | | | | +------- LC27 dff14
        | | | | | | | | | | +----- LC22 dff8
        | | | | | | | | | | | +--- LC18 dff7
        | | | | | | | | | | | | +- LC26 dff0
        | | | | | | | | | | | | | 
        | | | | | | | | | | | | |   Other LABs fed by signals
        | | | | | | | | | | | | |   that feed LAB 'B'
LC      | | | | | | | | | | | | | | A B C D |     Logic cells that feed LAB 'B':
LC24 -> - - - - - * * - - - - - - | - * - - | <-- dff16
LC28 -> - - - - * - - * - - - - - | - * - - | <-- dff15
LC27 -> - - - * - - - - * - - - - | - * - - | <-- dff14
LC18 -> - * - - - - - - - - * - - | - * - - | <-- dff7

Pin
5    -> * * * * * * * * * * * * * | * * * * | <-- enb
43   -> - - - - - - - - - - - - - | - - - - | <-- iclk
11   -> - - - - - - - - - - - - * | - * - - | <-- id
LC45 -> - - * - - - - - - * - - - | - * - - | <-- dff13
LC54 -> * - - - - - - - - - - * - | - * - - | <-- dff6


* = The logic cell or pin is an input to the logic cell (or LAB) through the PIA.
- = The logic cell or pin is not an input to the logic cell (or LAB).


Device-Specific Information: d:\max_altera\max2work\1-lne_project\shift_24.rpt
shift_24

** LOGIC CELL INTERCONNECTIONS **

Logic Array Block 'C':

                                     Logic cells placed in LAB 'C'
        +--------------------------- LC37 eff8
        | +------------------------- LC46 eff9
        | | +----------------------- LC41 eff10
        | | | +--------------------- LC33 eff11
        | | | | +------------------- LC36 eff12
        | | | | | +----------------- LC40 eff17
        | | | | | | +--------------- LC35 eff18
        | | | | | | | +------------- LC42 dff19
        | | | | | | | | +----------- LC34 dff18
        | | | | | | | | | +--------- LC45 dff13
        | | | | | | | | | | +------- LC39 dff12
        | | | | | | | | | | | +----- LC38 dff11
        | | | | | | | | | | | | +--- LC44 dff10
        | | | | | | | | | | | | | +- LC43 dff9
        | | | | | | | | | | | | | | 
        | | | | | | | | | | | | | |   Other LABs fed by signals
        | | | | | | | | | | | | | |   that feed LAB 'C'
LC      | | | | | | | | | | | | | | | A B C D |     Logic cells that feed LAB 'C':
LC34 -> - - - - - - * * - - - - - - | - - * - | <-- dff18
LC39 -> - - - - * - - - - * - - - - | - - * - | <-- dff12
LC38 -> - - - * - - - - - - * - - - | - - * - | <-- dff11
LC44 -> - - * - - - - - - - - * - - | - - * - | <-- dff10
LC43 -> - * - - - - - - - - - - * - | - - * - | <-- dff9

Pin
5    -> * * * * * * * * * * * * * * | * * * * | <-- enb
43   -> - - - - - - - - - - - - - - | - - - - | <-- iclk
LC23 -> - - - - - * - - * - - - - - | - - * - | <-- dff17
LC22 -> * - - - - - - - - - - - - * | - - * - | <-- dff8


* = The logic cell or pin is an input to the logic cell (or LAB) through the PIA.
- = The logic cell or pin is not an input to the logic cell (or LAB).


Device-Specific Information: d:\max_altera\max2work\1-lne_project\shift_24.rpt
shift_24

** LOGIC CELL INTERCONNECTIONS **

Logic Array Block 'D':

                                 Logic cells placed in LAB 'D'
        +----------------------- LC51 eff4
        | +--------------------- LC49 eff5
        | | +------------------- LC64 eff19
        | | | +----------------- LC62 eff20
        | | | | +--------------- LC57 eff21
        | | | | | +------------- LC53 eff22
        | | | | | | +----------- LC56 dff23
        | | | | | | | +--------- LC50 dff22
        | | | | | | | | +------- LC55 dff21
        | | | | | | | | | +----- LC52 dff20
        | | | | | | | | | | +--- LC54 dff6
        | | | | | | | | | | | +- LC61 dff5
        | | | | | | | | | | | | 
        | | | | | | | | | | | |   Other LABs fed by signals
        | | | | | | | | | | | |   that feed LAB 'D'
LC      | | | | | | | | | | | | | A B C D |     Logic cells that feed LAB 'D':
LC50 -> - - - - - * * - - - - - | - - - * | <-- dff22
LC55 -> - - - - * - - * - - - - | - - - * | <-- dff21
LC52 -> - - - * - - - - * - - - | - - - * | <-- dff20
LC61 -> - * - - - - - - - - * - | - - - * | <-- dff5

Pin
5    -> * * * * * * * * * * * * | * * * * | <-- enb
43   -> - - - - - - - - - - - - | - - - - | <-- iclk
LC42 -> - - * - - - - - - * - - | - - - * | <-- dff19
LC14 -> * - - - - - - - - - - * | - - - * | <-- dff4


* = The logic cell or pin is an input to the logic cell (or LAB) through the PIA.
- = The logic cell or pin is not an input to the logic cell (or LAB).


Device-Specific Information: d:\max_altera\max2work\1-lne_project\shift_24.rpt
shift_24

** EQUATIONS **

enb      : INPUT;
iclk     : INPUT;
id       : INPUT;

-- Node name is ':51' = 'dff0' 
-- Equation name is 'dff0', location is LC026, type is buried.
dff0     = DFFE( id $  GND, GLOBAL( iclk),  VCC,  VCC, !enb);

-- Node name is ':50' = 'dff1' 
-- Equation name is 'dff1', location is LC010, type is buried.
dff1     = DFFE( dff0 $  GND, GLOBAL( iclk),  VCC,  VCC, !enb);

-- Node name is ':49' = 'dff2' 
-- Equation name is 'dff2', location is LC012, type is buried.
dff2     = DFFE( dff1 $  GND, GLOBAL( iclk),  VCC,  VCC, !enb);

-- Node name is ':48' = 'dff3' 
-- Equation name is 'dff3', location is LC013, type is buried.
dff3     = DFFE( dff2 $  GND, GLOBAL( iclk),  VCC,  VCC, !enb);

-- Node name is ':47' = 'dff4' 
-- Equation name is 'dff4', location is LC014, type is buried.
dff4     = DFFE( dff3 $  GND, GLOBAL( iclk),  VCC,  VCC, !enb);

-- Node name is ':46' = 'dff5' 
-- Equation name is 'dff5', location is LC061, type is buried.
dff5     = DFFE( dff4 $  GND, GLOBAL( iclk),  VCC,  VCC, !enb);

-- Node name is ':45' = 'dff6' 
-- Equation name is 'dff6', location is LC054, type is buried.
dff6     = DFFE( dff5 $  GND, GLOBAL( iclk),  VCC,  VCC, !enb);

-- Node name is ':44' = 'dff7' 
-- Equation name is 'dff7', location is LC018, type is buried.
dff7     = DFFE( dff6 $  GND, GLOBAL( iclk),  VCC,  VCC, !enb);

-- Node name is ':43' = 'dff8' 
-- Equation name is 'dff8', location is LC022, type is buried.
dff8     = DFFE( dff7 $  GND, GLOBAL( iclk),  VCC,  VCC, !enb);

-- Node name is ':42' = 'dff9' 
-- Equation name is 'dff9', location is LC043, type is buried.
dff9     = DFFE( dff8 $  GND, GLOBAL( iclk),  VCC,  VCC, !enb);

-- Node name is ':41' = 'dff10' 
-- Equation name is 'dff10', location is LC044, type is buried.
dff10    = DFFE( dff9 $  GND, GLOBAL( iclk),  VCC,  VCC, !enb);

-- Node name is ':40' = 'dff11' 
-- Equation name is 'dff11', location is LC038, type is buried.
dff11    = DFFE( dff10 $  GND, GLOBAL( iclk),  VCC,  VCC, !enb);

-- Node name is ':39' = 'dff12' 
-- Equation name is 'dff12', location is LC039, type is buried.
dff12    = DFFE( dff11 $  GND, GLOBAL( iclk),  VCC,  VCC, !enb);

-- Node name is ':38' = 'dff13' 
-- Equation name is 'dff13', location is LC045, type is buried.
dff13    = DFFE( dff12 $  GND, GLOBAL( iclk),  VCC,  VCC, !enb);

-- Node name is ':37' = 'dff14' 
-- Equation name is 'dff14', location is LC027, type is buried.
dff14    = DFFE( dff13 $  GND, GLOBAL( iclk),  VCC,  VCC, !enb);

-- Node name is ':36' = 'dff15' 
-- Equation name is 'dff15', location is LC028, type is buried.
dff15    = DFFE( dff14 $  GND, GLOBAL( iclk),  VCC,  VCC, !enb);

-- Node name is ':35' = 'dff16' 
-- Equation name is 'dff16', location is LC024, type is buried.
dff16    = DFFE( dff15 $  GND, GLOBAL( iclk),  VCC,  VCC, !enb);

-- Node name is ':34' = 'dff17' 
-- Equation name is 'dff17', location is LC023, type is buried.
dff17    = DFFE( dff16 $  GND, GLOBAL( iclk),  VCC,  VCC, !enb);

-- Node name is ':33' = 'dff18' 
-- Equation name is 'dff18', location is LC034, type is buried.
dff18    = DFFE( dff17 $  GND, GLOBAL( iclk),  VCC,  VCC, !enb);

-- Node name is ':32' = 'dff19' 
-- Equation name is 'dff19', location is LC042, type is buried.
dff19    = DFFE( dff18 $  GND, GLOBAL( iclk),  VCC,  VCC, !enb);

-- Node name is ':31' = 'dff20' 
-- Equation name is 'dff20', location is LC052, type is buried.
dff20    = DFFE( dff19 $  GND, GLOBAL( iclk),  VCC,  VCC, !enb);

-- Node name is ':30' = 'dff21' 
-- Equation name is 'dff21', location is LC055, type is buried.
dff21    = DFFE( dff20 $  GND, GLOBAL( iclk),  VCC,  VCC, !enb);

-- Node name is ':29' = 'dff22' 
-- Equation name is 'dff22', location is LC050, type is buried.
dff22    = DFFE( dff21 $  GND, GLOBAL( iclk),  VCC,  VCC, !enb);

-- Node name is ':28' = 'dff23' 
-- Equation name is 'dff23', location is LC056, type is buried.
dff23    = DFFE( dff22 $  GND, GLOBAL( iclk),  VCC,  VCC, !enb);

-- Node name is 'eff0' = ':100' 
-- Equation name is 'eff0', type is output 
 eff0    = DFFE( dff0 $  GND, GLOBAL( iclk), !_EQ001, !_EQ002,  enb);
  _EQ001 = !dff0 &  enb;
  _EQ002 =  dff0 &  enb;

-- Node name is 'eff1' = ':99' 
-- Equation name is 'eff1', type is output 
 eff1    = DFFE( dff1 $  GND, GLOBAL( iclk), !_EQ003, !_EQ004,  enb);
  _EQ003 = !dff1 &  enb;
  _EQ004 =  dff1 &  enb;

-- Node name is 'eff2' = ':98' 
-- Equation name is 'eff2', type is output 
 eff2    = DFFE( dff2 $  GND, GLOBAL( iclk), !_EQ005, !_EQ006,  enb);
  _EQ005 = !dff2 &  enb;
  _EQ006 =  dff2 &  enb;

-- Node name is 'eff3' = ':97' 
-- Equation name is 'eff3', type is output 
 eff3    = DFFE( dff3 $  GND, GLOBAL( iclk), !_EQ007, !_EQ008,  enb);
  _EQ007 = !dff3 &  enb;
  _EQ008 =  dff3 &  enb;

-- Node name is 'eff4' = ':96' 
-- Equation name is 'eff4', type is output 
 eff4    = DFFE( dff4 $  GND, GLOBAL( iclk), !_EQ009, !_EQ010,  enb);
  _EQ009 = !dff4 &  enb;
  _EQ010 =  dff4 &  enb;

-- Node name is 'eff5' = ':95' 
-- Equation name is 'eff5', type is output 
 eff5    = DFFE( dff5 $  GND, GLOBAL( iclk), !_EQ011, !_EQ012,  enb);
  _EQ011 = !dff5 &  enb;
  _EQ012 =  dff5 &  enb;

-- Node name is 'eff6' = ':94' 
-- Equation name is 'eff6', type is output 
 eff6    = DFFE( dff6 $  GND, GLOBAL( iclk), !_EQ013, !_EQ014,  enb);
  _EQ013 = !dff6 &  enb;
  _EQ014 =  dff6 &  enb;

-- Node name is 'eff7' = ':93' 
-- Equation name is 'eff7', type is output 
 eff7    = DFFE( dff7 $  GND, GLOBAL( iclk), !_EQ015, !_EQ016,  enb);
  _EQ015 = !dff7 &  enb;
  _EQ016 =  dff7 &  enb;

-- Node name is 'eff8' = ':92' 
-- Equation name is 'eff8', type is output 
 eff8    = DFFE( dff8 $  GND, GLOBAL( iclk), !_EQ017, !_EQ018,  enb);
  _EQ017 = !dff8 &  enb;
  _EQ018 =  dff8 &  enb;

-- Node name is 'eff9' = ':91' 
-- Equation name is 'eff9', type is output 
 eff9    = DFFE( dff9 $  GND, GLOBAL( iclk), !_EQ019, !_EQ020,  enb);
  _EQ019 = !dff9 &  enb;
  _EQ020 =  dff9 &  enb;

-- Node name is 'eff10' = ':90' 
-- Equation name is 'eff10', type is output 
 eff10   = DFFE( dff10 $  GND, GLOBAL( iclk), !_EQ021, !_EQ022,  enb);
  _EQ021 = !dff10 &  enb;
  _EQ022 =  dff10 &  enb;

-- Node name is 'eff11' = ':89' 
-- Equation name is 'eff11', type is output 
 eff11   = DFFE( dff11 $  GND, GLOBAL( iclk), !_EQ023, !_EQ024,  enb);
  _EQ023 = !dff11 &  enb;
  _EQ024 =  dff11 &  enb;

-- Node name is 'eff12' = ':88' 
-- Equation name is 'eff12', type is output 
 eff12   = DFFE( dff12 $  GND, GLOBAL( iclk), !_EQ025, !_EQ026,  enb);
  _EQ025 = !dff12 &  enb;
  _EQ026 =  dff12 &  enb;

-- Node name is 'eff13' = ':87' 
-- Equation name is 'eff13', type is output 
 eff13   = DFFE( dff13 $  GND, GLOBAL( iclk), !_EQ027, !_EQ028,  enb);
  _EQ027 = !dff13 &  enb;
  _EQ028 =  dff13 &  enb;

-- Node name is 'eff14' = ':86' 
-- Equation name is 'eff14', type is output 
 eff14   = DFFE( dff14 $  GND, GLOBAL( iclk), !_EQ029, !_EQ030,  enb);
  _EQ029 = !dff14 &  enb;
  _EQ030 =  dff14 &  enb;

-- Node name is 'eff15' = ':85' 
-- Equation name is 'eff15', type is output 
 eff15   = DFFE( dff15 $  GND, GLOBAL( iclk), !_EQ031, !_EQ032,  enb);
  _EQ031 = !dff15 &  enb;
  _EQ032 =  dff15 &  enb;

-- Node name is 'eff16' = ':84' 
-- Equation name is 'eff16', type is output 
 eff16   = DFFE( dff16 $  GND, GLOBAL( iclk), !_EQ033, !_EQ034,  enb);
  _EQ033 = !dff16 &  enb;
  _EQ034 =  dff16 &  enb;

-- Node name is 'eff17' = ':83' 
-- Equation name is 'eff17', type is output 
 eff17   = DFFE( dff17 $  GND, GLOBAL( iclk), !_EQ035, !_EQ036,  enb);
  _EQ035 = !dff17 &  enb;
  _EQ036 =  dff17 &  enb;

-- Node name is 'eff18' = ':82' 
-- Equation name is 'eff18', type is output 
 eff18   = DFFE( dff18 $  GND, GLOBAL( iclk), !_EQ037, !_EQ038,  enb);
  _EQ037 = !dff18 &  enb;
  _EQ038 =  dff18 &  enb;

-- Node name is 'eff19' = ':81' 
-- Equation name is 'eff19', type is output 
 eff19   = DFFE( dff19 $  GND, GLOBAL( iclk), !_EQ039, !_EQ040,  enb);
  _EQ039 = !dff19 &  enb;
  _EQ040 =  dff19 &  enb;

-- Node name is 'eff20' = ':80' 
-- Equation name is 'eff20', type is output 
 eff20   = DFFE( dff20 $  GND, GLOBAL( iclk), !_EQ041, !_EQ042,  enb);
  _EQ041 = !dff20 &  enb;
  _EQ042 =  dff20 &  enb;

-- Node name is 'eff21' = ':79' 
-- Equation name is 'eff21', type is output 
 eff21   = DFFE( dff21 $  GND, GLOBAL( iclk), !_EQ043, !_EQ044,  enb);
  _EQ043 = !dff21 &  enb;
  _EQ044 =  dff21 &  enb;

-- Node name is 'eff22' = ':78' 
-- Equation name is 'eff22', type is output 
 eff22   = DFFE( dff22 $  GND, GLOBAL( iclk), !_EQ045, !_EQ046,  enb);
  _EQ045 = !dff22 &  enb;
  _EQ046 =  dff22 &  enb;

-- Node name is 'eff23' = ':77' 
-- Equation name is 'eff23', type is output 
 eff23   = DFFE( dff23 $  GND, GLOBAL( iclk), !_EQ047, !_EQ048,  enb);
  _EQ047 = !dff23 &  enb;
  _EQ048 =  dff23 &  enb;



--     Shareable expanders that are duplicated in multiple LABs:
--     (none)




Project Information          d:\max_altera\max2work\1-lne_project\shift_24.rpt

** COMPILATION SETTINGS & TIMES **

Processing Menu Commands
------------------------

Design Doctor                             = off

Logic Synthesis:

   Synthesis Type Used                    = Standard

   Default Synthesis Style                = NORMAL

      Logic option settings in 'NORMAL' style for 'MAX3000A' family

      DECOMPOSE_GATES                     = on
      DUPLICATE_LOGIC_EXTRACTION          = on
      MINIMIZATION                        = full
      MULTI_LEVEL_FACTORING               = on
      NOT_GATE_PUSH_BACK                  = on
      PARALLEL_EXPANDERS                  = off
      REDUCE_LOGIC                        = on
      REFACTORIZATION                     = on
      REGISTER_OPTIMIZATION               = on
      RESYNTHESIZE_NETWORK                = on
      SLOW_SLEW_RATE                      = off
      SOFT_BUFFER_INSERTION               = on
      SUBFACTOR_EXTRACTION                = on
      TURBO_BIT                           = on
      XOR_SYNTHESIS                       = on
      IGNORE_SOFT_BUFFERS                 = off
      USE_LPM_FOR_AHDL_OPERATORS          = off

   Other logic synthesis settings:

      Automatic Global Clock              = on
      Automatic Global Clear              = on
      Automatic Global Preset             = on
      Automatic Global Output Enable      = on
      Automatic Fast I/O                  = off
      Automatic Register Packing          = off
      Automatic Open-Drain Pins           = on
      Automatic Implement in EAB          = off
      One-Hot State Machine Encoding      = off
      Optimize                            = 5

Default Timing Specifications: None

Cut All Bidir Feedback Timing Paths       = on
Cut All Clear & Preset Timing Paths       = on

Ignore Timing Assignments                 = off

Functional SNF Extractor                  = off

Linked SNF Extractor                      = off
Timing SNF Extractor                      = on
Optimize Timing SNF                       = off
Generate AHDL TDO File                    = off
Fitter Settings                           = NORMAL
Smart Recompile                           = off
Total Recompile                           = off

Interfaces Menu Commands
------------------------

EDIF Netlist Writer                       = off
Verilog Netlist Writer                    = off
VHDL Netlist Writer                       = off

Compilation Times
-----------------

   Compiler Netlist Extractor             00:00:00
   Database Builder                       00:00:00
   Logic Synthesizer                      00:00:00
   Partitioner                            00:00:00
   Fitter                                 00:00:00
   Timing SNF Extractor                   00:00:00
   Assembler                              00:00:00
   --------------------------             --------
   Total Time                             00:00:00


Memory Allocated
-----------------

Peak memory allocated during compilation  = 3,266K
