LTspice 24.1.9 for Windows
Circuit: \\ARX-704\Line-2-ARX\Блок базы - Подложки\Dradt15mk1\Draft15.net
Start Time: Tue Aug  4 10:56:20 2026
Options: itl4=50
solver = Normal
Maximum thread count: 4
tnom = 27
temp = 27
method = trap
Direct Newton iteration failed to find .op point.  (Use ".option noopiter" to skip.)
Starting Gmin stepping
Gmin = 10
Gmin = 1.07374
vernier = 0.5
vernier = 0.25
vernier = 0.125
vernier = 0.0625
Gmin = 1.12184
vernier = 0.03125
vernier = 0.015625
Gmin = 1.05425
vernier = 0.0078125
Gmin = 1.02987
vernier = 0.0104167
vernier = 0.00520833
vernier = 0.00260417
Gmin = 1.02186
vernier = 0.00347222
vernier = 0.00173611
Gmin = 1.01699
vernier = 0.00231481
vernier = 0.00115741
Gmin = 1.01376
vernier = 0.00154321
vernier = 0.000771604
Gmin = 1.01152
vernier = 0.00102881
vernier = 0.000514403
Gmin = 1.00976
vernier = 0.00068587
vernier = 0.000914493
Gmin = 1.0081
vernier = 0.000457247
vernier = 0.000609662
vernier = 0.000457246
Gmin = 1.00753
vernier = 0.000609662
vernier = 0.000457246
Gmin = 1.00661
Gmin = 0
Gmin stepping failed

Starting source stepping with srcstepmethod=0
Source Step = 3.0303%
Source Step = 33.3333%
Source Step = 63.6364%
Source Step = 93.9394%
Source stepping succeeded in finding the operating point.

Total elapsed time: 9.495 seconds.

Files loaded:
\\ARX-704\Line-2-ARX\Блок базы - Подложки\Dradt15mk1\Draft15.net
\\ARX-704\Line-2-ARX\Блок базы - Подложки\Dradt15mk1\MJE340.SP3
C:\Users\User\Desktop\Dradt15mk1\1N4729A.cir
C:\Users\User\Downloads\ad8274.cir
C:\Users\User\Downloads\ad8512.cir
\\ARX-704\Line-2-ARX\Блок базы - Подложки\Dradt15mk1\PA340_Pspice.LIB
\\ARX-704\Line-2-ARX\Блок базы - Подложки\Dradt15mk1\TIP142.cir
\\ARX-704\Line-2-ARX\Блок базы - Подложки\Dradt15mk1\TIP147.cir

