LTspice 24.1.9 for Windows
Circuit: \\ARX-704\Line-2-ARX\Блок базы - Подложки\Dradt15mk1-A\Draft15mk1.net
Start Time: Tue Aug  4 14:21:22 2026
Options: itl4=50
solver = Normal
Maximum thread count: 4
tnom = 27
temp = 27
method = trap
Direct Newton iteration failed to find .op point.  (Use ".option noopiter" to skip.)
Starting Gmin stepping
Gmin = 10
Gmin = 1.07374
vernier = 0.5
vernier = 0.25
vernier = 0.125
Gmin = 1.02385
vernier = 0.0625
vernier = 0.03125
vernier = 0.015625
Gmin = 1.01955
vernier = 0.0078125
vernier = 0.00390625
Gmin = 1.01063
vernier = 0.00520833
vernier = 0.00260417
vernier = 0.00130208
Gmin = 1.00604
vernier = 0.00173611
vernier = 0.000868055
Gmin = 1.00375
vernier = 0.00115741
vernier = 0.000578703
Gmin = 1.0023
vernier = 0.000771604
vernier = 0.000578703
vernier = 0.000771604
vernier = 0.000578703
Gmin = 1.00138
vernier = 0.000434027
Gmin = 0
Gmin stepping failed

Starting source stepping with srcstepmethod=0
Source Step = 3.0303%
Source Step = 33.3333%
Source Step = 63.6364%
Source Step = 93.9394%
Source stepping succeeded in finding the operating point.

Total elapsed time: 6.414 seconds.

Files loaded:
\\ARX-704\Line-2-ARX\Блок базы - Подложки\Dradt15mk1-A\Draft15mk1.net
C:\Users\User\AppData\Local\LTspice\lib\cmp\standard.bjt
\\ARX-704\Line-2-ARX\Блок базы - Подложки\Dradt15mk1-A\MJE340.SP3
\\ARX-704\Line-2-ARX\Блок базы - Подложки\Dradt15mk1-A\1N4729A.cir
C:\Users\User\Downloads\ad8274.cir
C:\Users\User\Downloads\ad8512.cir
\\ARX-704\Line-2-ARX\Блок базы - Подложки\Dradt15mk1-A\PA340_Pspice.LIB
\\ARX-704\Line-2-ARX\Блок базы - Подложки\Dradt15mk1-A\TIP142.cir
\\ARX-704\Line-2-ARX\Блок базы - Подложки\Dradt15mk1-A\TIP147.cir

