LTspice 24.0.12 for Windows
Circuit: * C:\Users\user\Desktop\Buffer\FullBufferReadyTLV9152.asc
Start Time: Wed May 14 13:19:23 2025
solver = Normal
Maximum thread count: 2
tnom = 27
temp = 27
method = modified trap
Limiting rise time of source v2 to 1e-06
Limiting fall time of source v2 to 1e-06
Direct Newton iteration failed to find .op point.  (Use ".option noopiter" to skip.)
Starting Gmin stepping
Increasing initial diagonal Gmin to 100
Gmin = 100
Gmin = 10.7374
Gmin = 1.15292
vernier = 0.5
vernier = 0.666667
Gmin = 0.4029
vernier = 0.888888
vernier = 1
Gmin = 0.06089
Gmin = 0.00653801
Gmin = 0.000702013
vernier = 0.5
vernier = 0.25
vernier = 0.125
Gmin = 0.000348539
vernier = 0.0625
vernier = 0.03125
vernier = 0.015625
vernier = 0.0078125
Gmin = 0.000350473
vernier = 0.00390625
vernier = 0.00520833
Gmin = 0.000347634
vernier = 0.00694444
vernier = 0.00925925
Gmin = 0.000341557
vernier = 0.0123457
Gmin = 0.000332213
vernier = 0.0164609
vernier = 0.0219478
Gmin = 0.00031711
vernier = 0.0292638
vernier = 0.0390184
Gmin = 0.000294463
vernier = 0.0520245
Gmin = 0.000262117
vernier = 0.0693659
vernier = 0.0924879
Gmin = 0.000215767
vernier = 0.123317
vernier = 0.164423
Gmin = 0.000158497
vernier = 0.21923
Gmin = 9.79493e-05
vernier = 0.292307
vernier = 0.389743
Gmin = 4.42283e-05
vernier = 0.519657
vernier = 0.692876
Gmin = 1.28207e-05
vernier = 0.923834
Gmin = 1.94507e-06
vernier = 1
Gmin = 2.0885e-07
Gmin = 2.24251e-08
Gmin = 2.40787e-09
Gmin = 2.58544e-10
Gmin = 2.77609e-11
Gmin = 2.9808e-12
Gmin = 3.20061e-13
Gmin = 0
Gmin stepping succeeded in finding the operating point.

Changing Tseed to 1.95312e-12
Heightened Def Con from 8.85082e-12 to 2.00885e-09
Total elapsed time: 0.561 seconds.

