LTspice 24.1.9 for Windows
Circuit: D:\Work\Линия\Текущая(\LtSpiceModels\Charge Capacitor\ChargeCapacitor.net
Start Time: Mon Mar 16 12:15:37 2026
solver = Normal
Maximum thread count: 12
tnom = 27
temp = 27
method = trap
D:\Work\Линия\Текущая(\LtSpiceModels\Charge Capacitor\ChargeCapacitor.net(10): Limiting rise time to 1e-05.

V2 N004 0 PULSE(0 15 0 0 0 100u 0.4 100)
^^^^^^^^^^^^^^^^^^^^^^^^^^^^^^^^^^^^^^^^
D:\Work\Линия\Текущая(\LtSpiceModels\Charge Capacitor\ChargeCapacitor.net(10): Limiting fall time to 1e-05.

V2 N004 0 PULSE(0 15 0 0 0 100u 0.4 100)
^^^^^^^^^^^^^^^^^^^^^^^^^^^^^^^^^^^^^^^^
.OP point found by inspection.
Total elapsed time: 0.099 seconds.

Files loaded:
D:\Work\Линия\Текущая(\LtSpiceModels\Charge Capacitor\ChargeCapacitor.net
C:\Users\User\AppData\Local\LTspice\lib\cmp\standard.dio
C:\Users\User\AppData\Local\LTspice\lib\cmp\standard.mos

