LTspice 24.1.9 for Windows
Circuit: D:\Work\Линия\Текущая(\LtSpiceModels\Charge Capacitor\ChargeCapacitorFULL.net
Start Time: Mon Jun 15 12:09:39 2026
solver = Normal
Maximum thread count: 12
tnom = 27
temp = 27
method = trap
D:\Work\Линия\Текущая(\LtSpiceModels\Charge Capacitor\ChargeCapacitorFULL.net(10): Limiting rise time to 1e-05.

V2 impulse15v 0 PULSE(0 15 0 0 0 100u 0.4 14)
^^^^^^^^^^^^^^^^^^^^^^^^^^^^^^^^^^^^^^^^^^^^^
D:\Work\Линия\Текущая(\LtSpiceModels\Charge Capacitor\ChargeCapacitorFULL.net(10): Limiting fall time to 1e-05.

V2 impulse15v 0 PULSE(0 15 0 0 0 100u 0.4 14)
^^^^^^^^^^^^^^^^^^^^^^^^^^^^^^^^^^^^^^^^^^^^^
D:\Work\Линия\Текущая(\LtSpiceModels\Charge Capacitor\ChargeCapacitorFULL.net(29): Limiting rise time to 1e-05.

V5 NC_01 NC_02 PULSE(0 15 0 0 0 100u 0.4 14)
^^^^^^^^^^^^^^^^^^^^^^^^^^^^^^^^^^^^^^^^^^^^
D:\Work\Линия\Текущая(\LtSpiceModels\Charge Capacitor\ChargeCapacitorFULL.net(29): Limiting fall time to 1e-05.

V5 NC_01 NC_02 PULSE(0 15 0 0 0 100u 0.4 14)
^^^^^^^^^^^^^^^^^^^^^^^^^^^^^^^^^^^^^^^^^^^^
WARNING: Node nc_02 is floating.

Direct Newton iteration for .op point succeeded.
Total elapsed time: 0.392 seconds.

Files loaded:
D:\Work\Линия\Текущая(\LtSpiceModels\Charge Capacitor\ChargeCapacitorFULL.net
C:\Users\User\AppData\Local\LTspice\lib\cmp\standard.dio
C:\Users\User\AppData\Local\LTspice\lib\cmp\standard.mos

