Change Component Designator: Old Designator=C17 New Designator=C?
Change Component Designator: Old Designator=C18 New Designator=C?
Change Component Designator: Old Designator=C19 New Designator=C?
Change Component Designator: Old Designator=C20 New Designator=C?
Change Component Designator: Old Designator=C21 New Designator=C?
Change Component Designator: Old Designator=C22 New Designator=C?
Change Component Designator: Old Designator=C23 New Designator=C?
Change Component Designator: Old Designator=C24 New Designator=C?
Change Component Designator: Old Designator=C25 New Designator=C?
Change Component Designator: Old Designator=C26 New Designator=C?
Change Component Designator: Old Designator=C27 New Designator=C?
Change Component Designator: Old Designator=C28 New Designator=C?
Change Component Designator: Old Designator=C29 New Designator=C?
Change Component Designator: Old Designator=C30 New Designator=C?
Change Component Designator: Old Designator=C31 New Designator=C?
Change Component Designator: Old Designator=C32 New Designator=C?
Change Component Designator: Old Designator=C33 New Designator=C?
Change Component Designator: Old Designator=C34 New Designator=C?
Change Component Designator: Old Designator=C35 New Designator=C?
Change Component Designator: Old Designator=DA15 New Designator=DA?
Change Component Designator: Old Designator=DA16 New Designator=DA?
Change Component Designator: Old Designator=DA17 New Designator=DA?
Change Component Designator: Old Designator=DA18 New Designator=DA?
Change Component Designator: Old Designator=DA19 New Designator=DA?
Change Component Designator: Old Designator=R58 New Designator=R?
Change Component Designator: Old Designator=R59 New Designator=R?
Change Component Designator: Old Designator=VD15 New Designator=VD?
Change Component Designator: Old Designator=VD16 New Designator=VD?
Change Component Designator: Old Designator=VD17 New Designator=VD?
Change Component Designator: Old Designator=VD18 New Designator=VD?
Change Component Designator: Old Designator=VD19 New Designator=VD?
Change Component Designator: Old Designator=VD20 New Designator=VD?
Change Component Designator: Old Designator=VD21 New Designator=VD?
Change Component Designator: Old Designator=VD22 New Designator=VD?
Change Component Designator: Old Designator=VD23 New Designator=VD?
Change Component Designator: Old Designator=VD24 New Designator=VD?
Change Component Designator: Old Designator=VD25 New Designator=VD?
Change Component Designator: Old Designator=VD26 New Designator=VD?
Change Component Designator: Old Designator=XP4 New Designator=XP?
