Change Component Designator: Old Designator=C3 New Designator=C11
Change Component Designator: Old Designator=C? New Designator=C12
Change Component Designator: Old Designator=C? New Designator=C13
Change Component Designator: Old Designator=DA? New Designator=DA9
Change Component Designator: Old Designator=DA? New Designator=DA10
Change Component Designator: Old Designator=DA? New Designator=DA8
Change Component Designator: Old Designator=DA? New Designator=DA9
Change Component Designator: Old Designator=K5 New Designator=K7
Change Component Designator: Old Designator=K6 New Designator=K5
Change Component Designator: Old Designator=K7 New Designator=K6
Change Component Designator: Old Designator=R33 New Designator=R34
Change Component Designator: Old Designator=R34 New Designator=R35
Change Component Designator: Old Designator=R35 New Designator=R36
Change Component Designator: Old Designator=R36 New Designator=R37
Change Component Designator: Old Designator=R? New Designator=R26
Change Component Designator: Old Designator=R? New Designator=R32
Change Component Designator: Old Designator=R? New Designator=R33
Change Component Designator: Old Designator=R? New Designator=R38
Change Component Designator: Old Designator=R? New Designator=R39
Change Component Designator: Old Designator=R? New Designator=R40
Change Component Designator: Old Designator=R? New Designator=R41
Change Component Designator: Old Designator=R? New Designator=R42
Change Component Designator: Old Designator=R? New Designator=R43
Change Component Designator: Old Designator=R? New Designator=R44
Change Component Designator: Old Designator=R? New Designator=R45
Change Component Designator: Old Designator=R? New Designator=R46
Change Component Designator: Old Designator=VD5 New Designator=VD1
Change Component Designator: Old Designator=VD? New Designator=VD2
Change Component Designator: Old Designator=VD? New Designator=VD3
Change Component Designator: Old Designator=VD? New Designator=VD4
Change Component Designator: Old Designator=VD? New Designator=VD5
Change Component Designator: Old Designator=XP2 New Designator=XP1
Change Component Designator: Old Designator=XP? New Designator=XP2
Change Component Designator: Old Designator=XP? New Designator=XP3
