Circuit: * D:\1-LTspise\Model AMPL-X10\Draft17.asc

Direct Newton iteration failed to find .op point.  (Use ".option noopiter" to skip.)
Starting Gmin stepping
Gmin = 10
Gmin = 1.07374
vernier = 0.5
vernier = 0.25
vernier = 0.125
vernier = 0.0625
Gmin = 1.12184
vernier = 0.03125
vernier = 0.015625
Gmin = 1.05835
vernier = 0.0208333
vernier = 0.0104167
Gmin = 1.03119
vernier = 0.00520833
vernier = 0.00694444
vernier = 0.00347222
Gmin = 1.02539
vernier = 0.00462963
vernier = 0.00231481
Gmin = 1.01977
vernier = 0.00308642
vernier = 0.00154321
vernier = 0.00205761
Gmin = 1.01572
vernier = 0.00102881
vernier = 0.00137174
Gmin = 1.01319
vernier = 0.00068587
Gmin = 1.01129
vernier = 0.000914493
vernier = 0.00121932
vernier = 0.000609662
Gmin = 1.00959
vernier = 0.000812882
vernier = 0.000406441
Gmin = 1.00862
vernier = 0.000541921
vernier = 0.000722562
vernier = 0.000541921
Gmin = 1.00752
vernier = 0.000406441
vernier = 0.000541921
vernier = 0.000406441
Gmin = 1.00694
vernier = 0.000541921
vernier = 0.000406441
Gmin = 0
Gmin stepping failed

Starting source stepping with srcstepmethod=0
Source Step = 3.0303%
Source Step = 33.3333%
Source Step = 63.6364%
Source Step = 93.9394%
Source stepping succeeded in finding the operating point.


Date: Fri Aug 07 09:48:59 2026
Total elapsed time: 1.344 seconds.

tnom = 27
temp = 27
method = trap
totiter = 21253
traniter = 12079
tranpoints = 6036
accept = 6032
rejected = 4
matrix size = 81
fillins = 137
solver = Normal
Matrix Compiler1: 11.44 KB object code size  3.0/1.3/[0.8]
Matrix Compiler2: 9.88 KB object code size  1.3/1.9/[0.9]

