Change Component DesignItemId : Designator=VD2 Old DesignItemId=1N4007 New DesignItemId=1N4007WS
Change Component DesignItemId : Designator=VD3 Old DesignItemId=1N4007 New DesignItemId=1N4007WS
Change Component DesignItemId : Designator=VD4 Old DesignItemId=1N4007 New DesignItemId=1N4007WS
Change Component DesignItemId : Designator=VD5 Old DesignItemId=1N4007 New DesignItemId=1N4007WS
Change Component Footprint: Designator=VD2 Old Footprint=DO-35 New Footprint=SOD-323
Change Component Footprint: Designator=VD3 Old Footprint=DO-35 New Footprint=SOD-323
Change Component Footprint: Designator=VD4 Old Footprint=DO-35 New Footprint=SOD-323
Change Component Footprint: Designator=VD5 Old Footprint=DO-35 New Footprint=SOD-323
Change Component Comment : Designator=VD2 Old Comment=1N4007 New Comment=1N4007WS
Change Component Comment : Designator=VD3 Old Comment=1N4007 New Comment=1N4007WS
Change Component Comment : Designator=VD4 Old Comment=1N4007 New Comment=1N4007WS
Change Component Comment : Designator=VD5 Old Comment=1N4007 New Comment=1N4007WS
Change Component Designator: OldDesignator=VD2 NewDesignator=VD4
Change Component Designator: OldDesignator=VD3 NewDesignator=VD5
Change Component Designator: OldDesignator=VD4 NewDesignator=VD2
Change Component Designator: OldDesignator=VD5 NewDesignator=VD3
Add Pin To Net: Unknown Pin: Pin C1-1
Add Pin To Net: Unknown Pin: Pin C1-2
Add Pin To Net: Unknown Pin: Pin C2-1
Add Pin To Net: Unknown Pin: Pin C2-2
Add Pin To Net: Unknown Pin: Pin C3-1
Add Pin To Net: Unknown Pin: Pin C3-2
Add Pin To Net: Unknown Pin: Pin FV1-1
Add Pin To Net: Unknown Pin: Pin FV1-2
Add Pin To Net: Unknown Pin: Pin FV2-1
Add Pin To Net: Unknown Pin: Pin FV2-2
Add Pin To Net: Unknown Pin: Pin K8-1
Add Pin To Net: Unknown Pin: Pin K8-2
Add Pin To Net: Unknown Pin: Pin S1-1
Add Pin To Net: Unknown Pin: Pin S1-2
Add Pin To Net: Unknown Pin: Pin S2-1
Add Pin To Net: Unknown Pin: Pin S2-2
Add Pin To Net: Unknown Pin: Pin X1-1
Add Pin To Net: Unknown Pin: Pin X2-1
Add Pin To Net: Unknown Pin: Pin X3-1
Add Pin To Net: Unknown Pin: Pin XP1-1
Add Pin To Net: Unknown Pin: Pin XP1-2
Add Pin To Net: Unknown Pin: Pin XP1-3
Add Pin To Net: Unknown Pin: Pin XP1-4
Add Pin To Net: Unknown Pin: Pin XP1-5
Add Pin To Net: Unknown Pin: Pin XP1-6
Add Pin To Net: Unknown Pin: Pin XP1-7
Add Pin To Net: Unknown Pin: Pin XP1-8
Add Pin To Net: Unknown Pin: Pin XP1-9
Add Pin To Net: Unknown Pin: Pin XP1-10
Add Pin To Net: Unknown Pin: Pin XP1-11
Add Pin To Net: Unknown Pin: Pin XP1-12
Add Pin To Net: Unknown Pin: Pin XP1-13
Add Pin To Net: Unknown Pin: Pin XP1-14
Add Pin To Net: Unknown Pin: Pin XP1-15
Add Class Member: Failed to add class member : Component C1 К10-47Мб-500 В-3300 пФ+-10%
Add Class Member: Failed to add class member : Component C2 К10-47Мб-500 В-15 нФ +-10%
Add Class Member: Failed to add class member : Component C3 К10-47Мб-500 В-270 пФ +-10%
Add Class Member: Failed to add class member : Component FV1 газоразрядник
Add Class Member: Failed to add class member : Component FV2 газоразрядник
Add Class Member: Failed to add class member : Component S1 DRA282G
Add Class Member: Failed to add class member : Component S2 DRA282G
Add Class Member: Failed to add class member : Component X1 TR-1,25-4
Add Class Member: Failed to add class member : Component X2 TR-1,25-4
Add Class Member: Failed to add class member : Component X3 TR-1,25-4
Add Class Member: Failed to add class member : Component XP1 BH2-16
