Removed Pin From Net: NetName=GND Pin=C6-2
Removed Pin From Net: NetName=GND Pin=C8-2
Removed Pin From Net: NetName=GND Pin=C9-2
Removed Pin From Net: NetName=GND Pin=C10-2
Removed Pin From Net: NetName=GND Pin=C12-1
Removed Pin From Net: NetName=GND Pin=C13-1
Removed Pin From Net: NetName=GND Pin=C14-2
Removed Pin From Net: NetName=GND Pin=C15-2
Removed Pin From Net: NetName=GND Pin=DA5-5
Removed Pin From Net: NetName=GND Pin=DA6-6
Removed Pin From Net: NetName=GND Pin=DA7-4
Removed Pin From Net: NetName=GND Pin=DA7-5
Removed Pin From Net: NetName=GND Pin=DA9-5
Removed Pin From Net: NetName=GND Pin=DA10-5
Removed Pin From Net: NetName=GND Pin=DA11-5
Removed Pin From Net: NetName=GND Pin=DD6-7
Removed Pin From Net: NetName=C' Pin=R16-2
Removed Pin From Net: NetName=GRD Pin=R18-2
Removed Pin From Net: NetName=GND Pin=R24-1
Removed Pin From Net: NetName=GND Pin=R28-2
Removed Pin From Net: NetName=GND Pin=R29-1
Removed Pin From Net: NetName=GND Pin=R33-1
Removed Pin From Net: NetName=GND Pin=R39-1
Removed Pin From Net: NetName=GND Pin=R40-1
Removed Pin From Net: NetName=GND Pin=R44-1
Removed Member From Class: ClassName=Switches Member=C4
Removed Member From Class: ClassName=Switches Member=C5
Removed Member From Class: ClassName=Switches Member=R20
Removed Member From Class: ClassName=Switches Member=R21
Change Component Comment : Designator=R17 Old Comment=1206-22 Îì+-5% New Comment=1206-51 Îì+-5%
Change Component Designator: OldDesignator=C6 NewDesignator=C4
Change Component Designator: OldDesignator=C7 NewDesignator=C5
Change Component Designator: OldDesignator=C8 NewDesignator=C6
Change Component Designator: OldDesignator=C9 NewDesignator=C7
Change Component Designator: OldDesignator=C10 NewDesignator=C8
Change Component Designator: OldDesignator=C11 NewDesignator=C9
Change Component Designator: OldDesignator=C12 NewDesignator=C10
Change Component Designator: OldDesignator=C13 NewDesignator=C11
Change Component Designator: OldDesignator=C14 NewDesignator=C12
Change Component Designator: OldDesignator=C15 NewDesignator=C13
Change Component Designator: OldDesignator=C16 NewDesignator=C14
Change Component Designator: OldDesignator=C17 NewDesignator=C15
Change Component Designator: OldDesignator=C18 NewDesignator=C16
Change Component Designator: OldDesignator=C19 NewDesignator=C17
Change Component Designator: OldDesignator=C20 NewDesignator=C18
Change Component Designator: OldDesignator=C21 NewDesignator=C19
Change Component Designator: OldDesignator=C22 NewDesignator=C20
Change Component Designator: OldDesignator=C23 NewDesignator=C21
Change Component Designator: OldDesignator=C24 NewDesignator=C22
Change Component Designator: OldDesignator=C25 NewDesignator=C23
Change Component Designator: OldDesignator=C26 NewDesignator=C24
Change Component Designator: OldDesignator=C27 NewDesignator=C25
Change Component Designator: OldDesignator=C28 NewDesignator=C26
Change Component Designator: OldDesignator=C29 NewDesignator=C27
Change Component Designator: OldDesignator=C30 NewDesignator=C28
Change Component Designator: OldDesignator=C31 NewDesignator=C29
Change Component Designator: OldDesignator=C32 NewDesignator=C30
Change Component Designator: OldDesignator=C33 NewDesignator=C31
Change Component Designator: OldDesignator=C34 NewDesignator=C32
Change Component Designator: OldDesignator=R17 NewDesignator=R16
Change Component Designator: OldDesignator=R19 NewDesignator=R17
Change Component Designator: OldDesignator=R20 NewDesignator=R18
Change Component Designator: OldDesignator=R21 NewDesignator=R19
Change Component Designator: OldDesignator=R22 NewDesignator=R20
Change Component Designator: OldDesignator=R23 NewDesignator=R21
Change Component Designator: OldDesignator=R24 NewDesignator=R22
Change Component Designator: OldDesignator=R25 NewDesignator=R23
Change Component Designator: OldDesignator=R26 NewDesignator=R24
Change Component Designator: OldDesignator=R27 NewDesignator=R25
Change Component Designator: OldDesignator=R28 NewDesignator=R26
Change Component Designator: OldDesignator=R29 NewDesignator=R27
Change Component Designator: OldDesignator=R30 NewDesignator=R28
Change Component Designator: OldDesignator=R31 NewDesignator=R29
Change Component Designator: OldDesignator=R32 NewDesignator=R30
Change Component Designator: OldDesignator=R33 NewDesignator=R31
Change Component Designator: OldDesignator=R34 NewDesignator=R32
Change Component Designator: OldDesignator=R35 NewDesignator=R33
Change Component Designator: OldDesignator=R36 NewDesignator=R34
Change Component Designator: OldDesignator=R37 NewDesignator=R35
Change Component Designator: OldDesignator=R38 NewDesignator=R36
Change Component Designator: OldDesignator=R39 NewDesignator=R37
Change Component Designator: OldDesignator=R40 NewDesignator=R38
Change Component Designator: OldDesignator=R41 NewDesignator=R39
Change Component Designator: OldDesignator=R42 NewDesignator=R40
Change Component Designator: OldDesignator=R43 NewDesignator=R41
Change Component Designator: OldDesignator=R44 NewDesignator=R42
Change Component Designator: OldDesignator=R45 NewDesignator=R43
Change Component Designator: OldDesignator=R46 NewDesignator=R44
Change Component Designator: OldDesignator=R47 NewDesignator=R45
Change Component Designator: OldDesignator=R48 NewDesignator=R46
Change Component Designator: OldDesignator=R49 NewDesignator=R47
Change Component Designator: OldDesignator=R50 NewDesignator=R48
Change Component Designator: OldDesignator=R51 NewDesignator=R49
Change Component Designator: OldDesignator=R52 NewDesignator=R50
Change Component Designator: OldDesignator=R53 NewDesignator=R51
Change Component Designator: OldDesignator=R54 NewDesignator=R52
Change Component Designator: OldDesignator=R55 NewDesignator=R53
Change Component Designator: OldDesignator=R56 NewDesignator=R54
Change Component Designator: OldDesignator=R57 NewDesignator=R55
Change Component Designator: OldDesignator=R58 NewDesignator=R56
Change Component Designator: OldDesignator=R59 NewDesignator=R57
Change component parameters: Designator = "R17" ("R16"); Footprint = "1206"; UniqueID = "\RFAQXHUK" ("\RFAQXHUK")
Change component parameters (AddParameter): Name = "ModelPrint"; Value = "1206"; VariantName = "[No Variations]"
Change component parameters (AddParameter): Name = "Value"; Value = "51 Îì"; VariantName = "[No Variations]"
Add Pin To Net: Unknown Pin: Pin C1-1
Add Pin To Net: Unknown Pin: Pin C1-2
Add Pin To Net: Unknown Pin: Pin C2-1
Add Pin To Net: Unknown Pin: Pin C2-2
Add Pin To Net: Unknown Pin: Pin C3-1
Add Pin To Net: Unknown Pin: Pin C3-2
Add Pin To Net: Unknown Pin: Pin FV1-1
Add Pin To Net: Unknown Pin: Pin FV1-2
Add Pin To Net: Unknown Pin: Pin FV2-1
Add Pin To Net: Unknown Pin: Pin FV2-2
Add Pin To Net: Unknown Pin: Pin K8-1
Add Pin To Net: Unknown Pin: Pin K8-2
Added Pin To Net: NetName=NetC3_2 Pin=R3-2
Added Pin To Net: NetName=NetC3_2 Pin=R4-2
Added Pin To Net: NetName=NetC3_2 Pin=R10-1
Add Pin To Net: Unknown Pin: Pin S1-1
Add Pin To Net: Unknown Pin: Pin S1-2
Add Pin To Net: Unknown Pin: Pin S2-1
Add Pin To Net: Unknown Pin: Pin S2-2
Add Pin To Net: Unknown Pin: Pin X1-1
Add Pin To Net: Unknown Pin: Pin X2-1
Add Pin To Net: Unknown Pin: Pin X3-1
Add Pin To Net: Unknown Pin: Pin XP1-1
Add Pin To Net: Unknown Pin: Pin XP1-2
Add Pin To Net: Unknown Pin: Pin XP1-3
Add Pin To Net: Unknown Pin: Pin XP1-4
Add Pin To Net: Unknown Pin: Pin XP1-5
Add Pin To Net: Unknown Pin: Pin XP1-6
Add Pin To Net: Unknown Pin: Pin XP1-7
Add Pin To Net: Unknown Pin: Pin XP1-8
Add Pin To Net: Unknown Pin: Pin XP1-9
Add Pin To Net: Unknown Pin: Pin XP1-10
Add Pin To Net: Unknown Pin: Pin XP1-11
Add Pin To Net: Unknown Pin: Pin XP1-12
Add Pin To Net: Unknown Pin: Pin XP1-13
Add Pin To Net: Unknown Pin: Pin XP1-14
Add Pin To Net: Unknown Pin: Pin XP1-15
Change Net Name : Old Net Name=GND New Net Name=GNDV
Change Net Name : Old Net Name=NetC6_1 New Net Name=NetC4_1
Change Net Name : Old Net Name=NetC7_1 New Net Name=NetC5_1
Change Net Name : Old Net Name=NetC7_2 New Net Name=NetC5_2
Change Net Name : Old Net Name=NetC9_1 New Net Name=NetC7_1
Change Net Name : Old Net Name=NetC12_2 New Net Name=NetC10_2
Change Net Name : Old Net Name=NetC13_2 New Net Name=NetC11_2
Change Net Name : Old Net Name=NetC15_1 New Net Name=NetC13_1
Change Net Name : Old Net Name=NetC16_1 New Net Name=NetC14_1
Change Net Name : Old Net Name=NetC17_1 New Net Name=NetC15_1
Change Net Name : Old Net Name=NetC21_2 New Net Name=NetC19_2
Change Net Name : Old Net Name=NetC22_2 New Net Name=NetC20_2
Change Net Name : Old Net Name=NetC23_2 New Net Name=NetC21_2
Change Net Name : Old Net Name=NetC27_1 New Net Name=NetC25_1
Change Net Name : Old Net Name=NetC31_2 New Net Name=NetC29_2
Change Net Name : Old Net Name=NetC33_1 New Net Name=NetC31_1
Change Net Name : Old Net Name=NetR19_2 New Net Name=NetR17_2
Change Net Name : Old Net Name=NetR49_1 New Net Name=NetR47_1
Change Net Name : Old Net Name=NetR50_2 New Net Name=NetR48_2
Added Pin To Net: NetName=GND Pin=C4-2
Added Pin To Net: NetName=GND Pin=C6-2
Added Pin To Net: NetName=GND Pin=C7-2
Added Pin To Net: NetName=GND Pin=C8-2
Added Pin To Net: NetName=GND Pin=C10-1
Added Pin To Net: NetName=GND Pin=C11-1
Added Pin To Net: NetName=GND Pin=C12-2
Added Pin To Net: NetName=GND Pin=C13-2
Added Pin To Net: NetName=GND Pin=DA5-5
Added Pin To Net: NetName=GND Pin=DA6-6
Added Pin To Net: NetName=GND Pin=DA7-4
Added Pin To Net: NetName=GND Pin=DA7-5
Added Pin To Net: NetName=GND Pin=DA9-5
Added Pin To Net: NetName=GND Pin=DA10-5
Added Pin To Net: NetName=GND Pin=DA11-5
Added Pin To Net: NetName=GND Pin=DD6-7
Added Pin To Net: NetName=GND Pin=R22-1
Added Pin To Net: NetName=GND Pin=R26-2
Added Pin To Net: NetName=GND Pin=R27-1
Added Pin To Net: NetName=GND Pin=R31-1
Added Pin To Net: NetName=GND Pin=R37-1
Added Pin To Net: NetName=GND Pin=R38-1
Added Pin To Net: NetName=GND Pin=R42-1
Added Net: Name=GND
Added Pin To Net: NetName=NetDA2_6 Pin=DA2-6
Added Pin To Net: NetName=NetDA2_6 Pin=DA2-7
Added Pin To Net: NetName=NetDA2_6 Pin=R16-1
Added Net: Name=NetDA2_6
Added Pin To Net: NetName=NetDA3_1 Pin=DA3-1
Added Pin To Net: NetName=NetDA3_1 Pin=DA3-2
Added Pin To Net: NetName=NetDA3_1 Pin=R17-1
Added Net: Name=NetDA3_1
Add Class Member: Failed to add class member : Component C1 Ê10-47Ìá-500 Â-3300 ïÔ+-10%
Add Class Member: Failed to add class member : Component C2 Ê10-47Ìá-500 Â-15 íÔ +-10%
Add Class Member: Failed to add class member : Component C3 Ê10-47Ìá-500 Â-270 ïÔ +-10%
Add Class Member: Failed to add class member : Component FV1 ãàçîðàçðÿäíèê
Add Class Member: Failed to add class member : Component FV2 ãàçîðàçðÿäíèê
Added Member To Class: ClassName=Comparator Member=Component R43 1206-470 Îì+-5%
Added Member To Class: ClassName=Comparator Member=Component R44 1206-7,15 êÎì+-1%
Added Member To Class: ClassName=Comparator Member=Component R46 1206-470 Îì+-5%
Added Member To Class: ClassName=Comparator Member=Component R47 1206-2,4 êÎì+-5%
Added Member To Class: ClassName=Comparator Member=Component R49 0805-1 êÎì+-0,1%
Added Member To Class: ClassName=Comparator Member=Component R51 0805-1 êÎì+-0,1%
Added Member To Class: ClassName=Comparator Member=Component R53 1206-510 êÎì+-1%
Added Member To Class: ClassName=Comparator Member=Component R55 1206-4,7 êÎì+-5%
Added Member To Class: ClassName=PowerSupply Member=Component R56 1206-1,24 ÌÎì+-1%
Add Class Member: Failed to add class member : Component S1 DRA282G
Add Class Member: Failed to add class member : Component S2 DRA282G
Add Class Member: Failed to add class member : Component X1 TR-1,25-4
Add Class Member: Failed to add class member : Component X2 TR-1,25-4
Add Class Member: Failed to add class member : Component X3 TR-1,25-4
Add Class Member: Failed to add class member : Component XP1 BH2-16
Added Rule: Name=Schematic Supply Nets_19
