Removed Member From Class: ClassName=Switches Member=DA6
Removed Member From Class: ClassName=Amplifier Member=DA14
Removed Member From Class: ClassName=Comparator Member=DA17
Add Pin To Net: Unknown Pin: Pin C2-1
Add Pin To Net: Unknown Pin: Pin C2-2
Add Pin To Net: Unknown Pin: Pin FV1-1
Add Pin To Net: Unknown Pin: Pin FV1-2
Add Pin To Net: Unknown Pin: Pin FV2-1
Add Pin To Net: Unknown Pin: Pin FV2-2
Add Pin To Net: Unknown Pin: Pin K8-1
Add Pin To Net: Unknown Pin: Pin K8-2
Add Pin To Net: Unknown Pin: Pin S1-1
Add Pin To Net: Unknown Pin: Pin S1-2
Add Pin To Net: Unknown Pin: Pin S2-1
Add Pin To Net: Unknown Pin: Pin S2-2
Add Pin To Net: Unknown Pin: Pin X1-1
Add Pin To Net: Unknown Pin: Pin X2-1
Add Pin To Net: Unknown Pin: Pin X3-1
Add Pin To Net: Unknown Pin: Pin XP1-1
Add Pin To Net: Unknown Pin: Pin XP1-2
Add Pin To Net: Unknown Pin: Pin XP1-3
Add Pin To Net: Unknown Pin: Pin XP1-4
Add Pin To Net: Unknown Pin: Pin XP1-5
Add Pin To Net: Unknown Pin: Pin XP1-6
Add Pin To Net: Unknown Pin: Pin XP1-7
Add Pin To Net: Unknown Pin: Pin XP1-8
Add Pin To Net: Unknown Pin: Pin XP1-9
Add Pin To Net: Unknown Pin: Pin XP1-10
Add Pin To Net: Unknown Pin: Pin XP1-11
Add Pin To Net: Unknown Pin: Pin XP1-12
Add Pin To Net: Unknown Pin: Pin XP1-13
Add Pin To Net: Unknown Pin: Pin XP1-14
Add Pin To Net: Unknown Pin: Pin XP1-15
Add Class Member: Failed to add class member : Component C2 К10-47Мб-500 В-15 нФ +-10%
Added Member To Class: ClassName=Switches Member=Component DA3 TLV9152IDR
Added Member To Class: ClassName=Switches Member=Component DA4 TLV9152IDR
Added Member To Class: ClassName=Amplifier Member=Component DA5 ADR434BR
Added Member To Class: ClassName=Amplifier Member=Component DA7 ADG433BR
Added Member To Class: ClassName=Amplifier Member=Component DA9 AD8031BRZ
Added Member To Class: ClassName=Amplifier Member=Component DA11 ADG431BR
Added Member To Class: ClassName=Amplifier Member=Component DA13 TLV9151IDR
Added Member To Class: ClassName=Comparator Member=Component DA15 TLV9151IDR
Added Member To Class: ClassName=Comparator Member=Component DA16 TLV1842
Added Member To Class: ClassName=PowerSupply Member=Component DA19 TPS7A4701
Add Class Member: Failed to add class member : Component FV1 газоразрядник
Add Class Member: Failed to add class member : Component FV2 газоразрядник
Added Member To Class: ClassName=Switches Member=Component R14 С2-29В-0,125-332 кОм+-0.1%-1,0-А
Add Class Member: Failed to add class member : Component S1 DRA282G
Add Class Member: Failed to add class member : Component S2 DRA282G
Add Class Member: Failed to add class member : Component X1 TR-1,25-4
Add Class Member: Failed to add class member : Component X2 TR-1,25-4
Add Class Member: Failed to add class member : Component X3 TR-1,25-4
Add Class Member: Failed to add class member : Component XP1 BH2-16
