Change Component DesignItemId : Designator=R5 Old DesignItemId=0402-120 ОМ+-5% New DesignItemId=С2-29В-0,25-4,99 МОм +-0.1%
Change Component DesignItemId : Designator=R6 Old DesignItemId=0402-120 ОМ+-5% New DesignItemId=С2-29В-0,125-22 Ом +-0.1%-1,0-А
Change Component Footprint: Designator=R5 Old Footprint=0402 New Footprint=С2-29В-0,25(220.03.0402.00.00)
Change Component Footprint: Designator=R6 Old Footprint=0402 New Footprint=С2-29В-0,125(220.03.0401.00.00)
Change Component Comment : Designator=R5 Old Comment=0402-120 ОМ+-5% New Comment=С2-29В-0,25-4,99 МОм +-0.1%
Change Component Comment : Designator=R6 Old Comment=0402-120 ОМ+-5% New Comment=С2-29В-0,125-22 Ом +-0.1%-1,0-А
Change Component Description : Designator=R5 Old Description= New Description=Резисторы постоянные непроволочные прецизионные С2-29В, производитель "АО"НПО"ЭРКОН""АО"НПО"ЭРКОН"
Change Component Description : Designator=R6 Old Description= New Description=Резисторы постоянные непроволочные прецизионные С2-29В, производитель "АО"НПО"ЭРКОН""АО"НПО"ЭРКОН"
Change component parameters: Designator = "R5" ("R5"); Footprint = "0402"; UniqueID = "\BZAWCEMO" ("\BZAWCEMO")
Change component parameters (AddParameter): Name = "Диапазон значений номинальных сопротивлений"; Value = "от 1 Ом до 5,11 МОм"; VariantName = "[No Variations]"
Change component parameters (AddParameter): Name = "Категории качества"; Value = "ВП"; VariantName = "[No Variations]"
Change component parameters (AddParameter): Name = "Номинальная мощность рассеяния"; Value = "0,25 Вт"; VariantName = "[No Variations]"
Change component parameters (AddParameter): Name = "Ряд сопротивлений"; Value = "Е192"; VariantName = "[No Variations]"
Change component parameters (AddParameter): Name = "ТУ"; Value = "ОЖО.467.099 ТУ"; VariantName = "[No Variations]"
Change component parameters: Designator = "R6" ("R6"); Footprint = "0402"; UniqueID = "\CZOAWNFU" ("\CZOAWNFU")
Change component parameters (AddParameter): Name = "Диапазон значений номинальных сопротивлений"; Value = "от 1 Ом до 1 МОм"; VariantName = "[No Variations]"
Change component parameters (AddParameter): Name = "Категории качества"; Value = "ВП"; VariantName = "[No Variations]"
Change component parameters (AddParameter): Name = "Номинальная мощность рассеяния"; Value = "0,125 Вт"; VariantName = "[No Variations]"
Change component parameters (AddParameter): Name = "Ряд сопротивлений"; Value = "Е192"; VariantName = "[No Variations]"
Change component parameters (AddParameter): Name = "ТУ"; Value = "ОЖО.467.099 ТУ"; VariantName = "[No Variations]"
Added Component: Designator=C1(К10-47Мб-L9)
Add component (AddParameter): Name = "Value"; Value = ""; VariantName = "[No Variations]"
Added Component: Designator=C3(К10-47Мб-L7.5)
Add component (AddParameter): Name = "Value"; Value = ""; VariantName = "[No Variations]"
Added Pin To Net: NetName=GNDV Pin=C1-1
Added Pin To Net: NetName=NetC1_2 Pin=C1-2
Add Pin To Net: Unknown Pin: Pin C2-1
Add Pin To Net: Unknown Pin: Pin C2-2
Added Pin To Net: NetName=NetC3_1 Pin=C3-1
Added Pin To Net: NetName=NetC3_2 Pin=C3-2
Add Pin To Net: Unknown Pin: Pin FV1-1
Add Pin To Net: Unknown Pin: Pin FV1-2
Add Pin To Net: Unknown Pin: Pin FV2-1
Add Pin To Net: Unknown Pin: Pin FV2-2
Add Pin To Net: Unknown Pin: Pin K8-1
Add Pin To Net: Unknown Pin: Pin K8-2
Add Pin To Net: Unknown Pin: Pin S1-1
Add Pin To Net: Unknown Pin: Pin S1-2
Add Pin To Net: Unknown Pin: Pin S2-1
Add Pin To Net: Unknown Pin: Pin S2-2
Add Pin To Net: Unknown Pin: Pin X1-1
Add Pin To Net: Unknown Pin: Pin X2-1
Add Pin To Net: Unknown Pin: Pin X3-1
Add Pin To Net: Unknown Pin: Pin XP1-1
Add Pin To Net: Unknown Pin: Pin XP1-2
Add Pin To Net: Unknown Pin: Pin XP1-3
Add Pin To Net: Unknown Pin: Pin XP1-4
Add Pin To Net: Unknown Pin: Pin XP1-5
Add Pin To Net: Unknown Pin: Pin XP1-6
Add Pin To Net: Unknown Pin: Pin XP1-7
Add Pin To Net: Unknown Pin: Pin XP1-8
Add Pin To Net: Unknown Pin: Pin XP1-9
Add Pin To Net: Unknown Pin: Pin XP1-10
Add Pin To Net: Unknown Pin: Pin XP1-11
Add Pin To Net: Unknown Pin: Pin XP1-12
Add Pin To Net: Unknown Pin: Pin XP1-13
Add Pin To Net: Unknown Pin: Pin XP1-14
Add Pin To Net: Unknown Pin: Pin XP1-15
Added Member To Class: ClassName=Switches Member=Component C1 К10-47Мб-500 В-3300 пФ+-10%
Add Class Member: Failed to add class member : Component C2 К10-47Мб-500 В-15 нФ +-10%
Added Member To Class: ClassName=Switches Member=Component C3 К10-47Мб-500 В-270 пФ +-10%
Add Class Member: Failed to add class member : Component FV1 газоразрядник
Add Class Member: Failed to add class member : Component FV2 газоразрядник
Add Class Member: Failed to add class member : Component S1 DRA282G
Add Class Member: Failed to add class member : Component S2 DRA282G
Add Class Member: Failed to add class member : Component X1 TR-1,25-4
Add Class Member: Failed to add class member : Component X2 TR-1,25-4
Add Class Member: Failed to add class member : Component X3 TR-1,25-4
Add Class Member: Failed to add class member : Component XP1 BH2-16
