Removed Member From Class: ClassName=Comparator Member=R46
Add Pin To Net: Unknown Pin: Pin C1-1
Add Pin To Net: Unknown Pin: Pin C1-2
Add Pin To Net: Unknown Pin: Pin C2-1
Add Pin To Net: Unknown Pin: Pin C2-2
Add Pin To Net: Unknown Pin: Pin C3-1
Add Pin To Net: Unknown Pin: Pin C3-2
Add Pin To Net: Unknown Pin: Pin FV1-1
Add Pin To Net: Unknown Pin: Pin FV1-2
Add Pin To Net: Unknown Pin: Pin FV2-1
Add Pin To Net: Unknown Pin: Pin FV2-2
Add Pin To Net: Unknown Pin: Pin K8-1
Add Pin To Net: Unknown Pin: Pin K8-2
Add Pin To Net: Unknown Pin: Pin S1-1
Add Pin To Net: Unknown Pin: Pin S1-2
Add Pin To Net: Unknown Pin: Pin S2-1
Add Pin To Net: Unknown Pin: Pin S2-2
Add Pin To Net: Unknown Pin: Pin X1-1
Add Pin To Net: Unknown Pin: Pin X2-1
Add Pin To Net: Unknown Pin: Pin X3-1
Add Pin To Net: Unknown Pin: Pin XP1-1
Add Pin To Net: Unknown Pin: Pin XP1-2
Add Pin To Net: Unknown Pin: Pin XP1-3
Add Pin To Net: Unknown Pin: Pin XP1-4
Add Pin To Net: Unknown Pin: Pin XP1-5
Add Pin To Net: Unknown Pin: Pin XP1-6
Add Pin To Net: Unknown Pin: Pin XP1-7
Add Pin To Net: Unknown Pin: Pin XP1-8
Add Pin To Net: Unknown Pin: Pin XP1-9
Add Pin To Net: Unknown Pin: Pin XP1-10
Add Pin To Net: Unknown Pin: Pin XP1-11
Add Pin To Net: Unknown Pin: Pin XP1-12
Add Pin To Net: Unknown Pin: Pin XP1-13
Add Pin To Net: Unknown Pin: Pin XP1-14
Add Pin To Net: Unknown Pin: Pin XP1-15
Add Class Member: Failed to add class member : Component C1  10-47ћб-500 ¬-3300 п‘+-10%
Add Class Member: Failed to add class member : Component C2  10-47ћб-500 ¬-15 н‘ +-10%
Add Class Member: Failed to add class member : Component C3  10-47ћб-500 ¬-270 п‘ +-10%
Added Member To Class: ClassName=Comparator Member=Component DA12 TLV9152IDR
Add Class Member: Failed to add class member : Component FV1 газоразр€дник
Add Class Member: Failed to add class member : Component FV2 газоразр€дник
Added Member To Class: ClassName=Switches Member=Component R10 1206-91 кќм+-5%
Added Member To Class: ClassName=Switches Member=Component R11 1206-100 ќм+-5%
Added Member To Class: ClassName=Switches Member=Component R13 1206-332 кќм+-0,5%
Added Member To Class: ClassName=Switches Member=Component R15 1206-470 ќм+-5%
Added Member To Class: ClassName=Switches Member=Component R17 1206-22 ќм+-5%
Added Member To Class: ClassName=Switches Member=Component R19 1206-22 ќм+-5%
Added Member To Class: ClassName=Switches Member=Component R21 1210-1,1 кќм+-5%
Added Member To Class: ClassName=Amplifier Member=Component R23 1206-5,1 кќм+-5%
Added Member To Class: ClassName=Amplifier Member=Component R25 0805-1 кќм+-0,1%
Added Member To Class: ClassName=Amplifier Member=Component R27 0805-1 кќм+-0,1%
Added Member To Class: ClassName=Amplifier Member=Component R29 0805-332 ќм+-0,1%
Added Member To Class: ClassName=Amplifier Member=Component R31 0805-1 кќм+-0,1%
Added Member To Class: ClassName=Amplifier Member=Component R33 1206-1 кќм+-1%
Added Member To Class: ClassName=Amplifier Member=Component R35 1206-51 ќм+-5%
Added Member To Class: ClassName=Amplifier Member=Component R37 1206-2 кќм+-0.1%
Added Member To Class: ClassName=Amplifier Member=Component R39 1206-1 кќм+-0.1%
Added Member To Class: ClassName=Amplifier Member=Component R41 1206-5,1 кќм+-5%
Added Member To Class: ClassName=Amplifier Member=Component R43 0805-845 ќм+-0,1%
Added Member To Class: ClassName=Amplifier Member=Component R45 1206-33 ќм+-5%
Added Member To Class: ClassName=Comparator Member=Component R47 1206-470 ќм+-5%
Added Member To Class: ClassName=Comparator Member=Component R49 1206-10 кќм+-0,5%
Added Member To Class: ClassName=Comparator Member=Component R51 1206-2,4 кќм+-5%
Added Member To Class: ClassName=Comparator Member=Component R53 0805-1 кќм+-0,1%
Added Member To Class: ClassName=Comparator Member=Component R55 0805-1 кќм+-0,1%
Added Member To Class: ClassName=Comparator Member=Component R57 1206-510 кќм+-1%
Added Member To Class: ClassName=PowerSupply Member=Component R60 1206-221 кќм+-1%
Add Class Member: Failed to add class member : Component S1 DRA282G
Add Class Member: Failed to add class member : Component S2 DRA282G
Add Class Member: Failed to add class member : Component X1 TR-1,25-4
Add Class Member: Failed to add class member : Component X2 TR-1,25-4
Add Class Member: Failed to add class member : Component X3 TR-1,25-4
Add Class Member: Failed to add class member : Component XP1 BH2-16
Added Member To Class: ClassName=Switches Member=Component XT2 ”Ўя».685631.123
