Change Component Footprint: Designator=R12 Old Footprint=С2-29В-0,125(220.03.0401.00.00) New Footprint=С2-29В-0,125(140.02.0202.00.00)
Change Component Footprint: Designator=R14 Old Footprint=С2-29В-0,125(220.03.0401.00.00) New Footprint=С2-29В-0,125(140.02.0202.00.00)
Add Pin To Net: Unknown Pin: Pin FV1-1
Add Pin To Net: Unknown Pin: Pin FV1-2
Add Pin To Net: Unknown Pin: Pin FV2-1
Add Pin To Net: Unknown Pin: Pin FV2-2
Add Pin To Net: Unknown Pin: Pin K8-1
Add Pin To Net: Unknown Pin: Pin K8-2
Add Pin To Net: Unknown Pin: Pin S1-1
Add Pin To Net: Unknown Pin: Pin S1-2
Add Pin To Net: Unknown Pin: Pin S2-1
Add Pin To Net: Unknown Pin: Pin S2-2
Add Pin To Net: Unknown Pin: Pin X1-1
Add Pin To Net: Unknown Pin: Pin X2-1
Add Pin To Net: Unknown Pin: Pin X3-1
Add Pin To Net: Unknown Pin: Pin XP1-1
Add Pin To Net: Unknown Pin: Pin XP1-2
Add Pin To Net: Unknown Pin: Pin XP1-3
Add Pin To Net: Unknown Pin: Pin XP1-4
Add Pin To Net: Unknown Pin: Pin XP1-5
Add Pin To Net: Unknown Pin: Pin XP1-6
Add Pin To Net: Unknown Pin: Pin XP1-7
Add Pin To Net: Unknown Pin: Pin XP1-8
Add Pin To Net: Unknown Pin: Pin XP1-9
Add Pin To Net: Unknown Pin: Pin XP1-10
Add Pin To Net: Unknown Pin: Pin XP1-11
Add Pin To Net: Unknown Pin: Pin XP1-12
Add Pin To Net: Unknown Pin: Pin XP1-13
Add Pin To Net: Unknown Pin: Pin XP1-14
Add Pin To Net: Unknown Pin: Pin XP1-15
Add Class Member: Failed to add class member : Component FV1 газоразрядник
Add Class Member: Failed to add class member : Component FV2 газоразрядник
Add Class Member: Failed to add class member : Component S1 DRA282G
Add Class Member: Failed to add class member : Component S2 DRA282G
Add Class Member: Failed to add class member : Component X1 TR-1,25-4
Add Class Member: Failed to add class member : Component X2 TR-1,25-4
Add Class Member: Failed to add class member : Component X3 TR-1,25-4
Add Class Member: Failed to add class member : Component XP1 BH2-16
