Removed Pin From Net: NetName=K1 Pin=K1-1
Removed Pin From Net: NetName=+5.2V Pin=K1-2
Removed Pin From Net: NetName=NetC3_2 Pin=K1-4
Removed Pin From Net: NetName=K2 Pin=K2-1
Removed Pin From Net: NetName=+5.2V Pin=K2-2
Removed Pin From Net: NetName=NetC1_2 Pin=K2-3
Removed Pin From Net: NetName=NetC3_2 Pin=K2-4
Removed Pin From Net: NetName=K3 Pin=K3-1
Removed Pin From Net: NetName=+5.2V Pin=K3-2
Removed Pin From Net: NetName=NetC3_2 Pin=K3-4
Removed Pin From Net: NetName=\K3 Pin=K4-1
Removed Pin From Net: NetName=+5.2V Pin=K4-2
Removed Pin From Net: NetName=K4 Pin=K5-1
Removed Pin From Net: NetName=+5.2V Pin=K5-2
Removed Pin From Net: NetName=KC Pin=K6-1
Removed Pin From Net: NetName=+5.2V Pin=K6-2
Removed Pin From Net: NetName=NetC2_2 Pin=K6-3
Removed Pin From Net: NetName=NetC3_2 Pin=K6-4
Removed Pin From Net: NetName=K5 Pin=K7-1
Removed Pin From Net: NetName=+5.2V Pin=K7-2
Removed Pin From Net: NetName=GNDV Pin=K7-4
Removed Pin From Net: NetName=GRD Pin=K8-17
Removed Pin From Net: NetName=GRD Pin=K8-18
Removed Pin From Net: NetName=GRD Pin=K8-19
Removed Pin From Net: NetName=GRD Pin=K8-20
Removed Pin From Net: NetName=GNDV Pin=XT1-0
Removed Pin From Net: NetName=GRD Pin=XT2-0
Removed Pin From Net: NetName=GRD Pin=XT3-0
Removed Member From Class: ClassName=Switches Member=C5
Removed Member From Class: ClassName=Amplifier Member=C19
Removed Member From Class: ClassName=Comparator Member=DA11
Removed Member From Class: ClassName=PowerSupply Member=DA14
Change Component Footprint: Designator=K1 Old Footprint=SIL05 New Footprint=SIL051A7271L
Change Component Footprint: Designator=K2 Old Footprint=SIL05 New Footprint=SIL051A7271L
Change Component Footprint: Designator=K3 Old Footprint=SIL05 New Footprint=SIL051A7271L
Change Component Footprint: Designator=K4 Old Footprint=SIL05 New Footprint=SIL051A7271L
Change Component Footprint: Designator=K5 Old Footprint=SIL05 New Footprint=SIL051A7271L
Change Component Footprint: Designator=K6 Old Footprint=SIL05 New Footprint=SIL051A7271L
Change Component Footprint: Designator=K7 Old Footprint=SIL05 New Footprint=SIL051A7271L
Added Pin To Net: NetName=K1 Pin=K1-3
Added Pin To Net: NetName=+5.2V Pin=K1-5
Added Pin To Net: NetName=NetC3_2 Pin=K1-7
Added Pin To Net: NetName=NetC1_2 Pin=K2-1
Added Pin To Net: NetName=K2 Pin=K2-3
Added Pin To Net: NetName=+5.2V Pin=K2-5
Added Pin To Net: NetName=NetC3_2 Pin=K2-7
Added Pin To Net: NetName=K3 Pin=K3-3
Added Pin To Net: NetName=+5.2V Pin=K3-5
Added Pin To Net: NetName=NetC3_2 Pin=K3-7
Added Pin To Net: NetName=\K3 Pin=K4-3
Added Pin To Net: NetName=+5.2V Pin=K4-5
Added Pin To Net: NetName=K4 Pin=K5-3
Added Pin To Net: NetName=+5.2V Pin=K5-5
Added Pin To Net: NetName=NetC2_2 Pin=K6-1
Added Pin To Net: NetName=KC Pin=K6-3
Added Pin To Net: NetName=+5.2V Pin=K6-5
Added Pin To Net: NetName=NetC3_2 Pin=K6-7
Added Pin To Net: NetName=K5 Pin=K7-3
Added Pin To Net: NetName=+5.2V Pin=K7-5
Added Pin To Net: NetName=GNDV Pin=K7-7
Add Pin To Net: Unknown Pin: Pin K8-1
Add Pin To Net: Unknown Pin: Pin K8-2
Add Pin To Net: Unknown Pin: Pin S1-2
Add Pin To Net: Unknown Pin: Pin S2-2
Add Pin To Net: Unknown Pin: Pin X1-1
Add Pin To Net: Unknown Pin: Pin X3-1
Added Pin To Net: NetName=NetK1_1 Pin=K1-1
Added Pin To Net: NetName=NetK1_1 Pin=R7-2
Added Net: Name=NetK1_1
Added Pin To Net: NetName=NetK3_1 Pin=K3-1
Added Pin To Net: NetName=NetK3_1 Pin=K4-1
Added Pin To Net: NetName=NetK3_1 Pin=R9-2
Added Net: Name=NetK3_1
Added Pin To Net: NetName=NetK4_7 Pin=K4-7
Added Pin To Net: NetName=NetK4_7 Pin=K5-7
Added Pin To Net: NetName=NetK4_7 Pin=R10-2
Added Pin To Net: NetName=NetK4_7 Pin=R15-2
Added Net: Name=NetK4_7
Added Pin To Net: NetName=NetK5_1 Pin=K5-1
Added Pin To Net: NetName=NetK5_1 Pin=R1-2
Added Net: Name=NetK5_1
Added Pin To Net: NetName=NetK7_1 Pin=K7-1
Added Pin To Net: NetName=NetK7_1 Pin=R3-1
Added Pin To Net: NetName=NetK7_1 Pin=R4-1
Added Net: Name=NetK7_1
Added Member To Class: ClassName=Switches Member=Component C4 1206-X7R-50 B-0,1 לךװ+-10%
Added Member To Class: ClassName=Amplifier Member=Component C5 JRB-50ֲ-4,7לךװ
Added Member To Class: ClassName=Amplifier Member=Component C6 1206-X7R-50 B-0,1 לךװ+-10%
Added Member To Class: ClassName=Amplifier Member=Component C8 1206-X7R-50 B-0,01 לךװ+-10%
Added Member To Class: ClassName=Amplifier Member=Component C10 1206-X7R-50 B-0,1 לךװ+-10%
Added Member To Class: ClassName=Amplifier Member=Component C12 1206-X7R-50 B-2,2 לךװ+-10%
Added Member To Class: ClassName=Amplifier Member=Component C14 1206-X7R-50 B-0,01 לךװ+-10%
Added Member To Class: ClassName=Amplifier Member=Component C16 1206-X7R-50 B-2,2 לךװ+-10%
Added Member To Class: ClassName=PowerSupply Member=Component C18 JRB-25ֲ-1000 לךװ
Added Member To Class: ClassName=PowerSupply Member=Component C20 1206-X7R-50 B-10 לךװ+-10%
Added Member To Class: ClassName=PowerSupply Member=Component C22 1206-X7R-50 B-10 לךװ+-10%
Added Member To Class: ClassName=PowerSupply Member=Component C23 0805-X7R-25 ֲ-1 לךװ +-10%
Added Member To Class: ClassName=PowerSupply Member=Component C25 0805-X7R-25 ֲ-1 לךװ +-10%
Added Member To Class: ClassName=PowerSupply Member=Component C26 1206-X7R-25 B-47לךװ+-10%
Added Member To Class: ClassName=PowerSupply Member=Component C28 1206-X7R-25 B-47לךװ+-10%
Added Member To Class: ClassName=PowerSupply Member=Component C30 1206-X7R-50 B-10 לךװ+-10%
Added Member To Class: ClassName=PowerSupply Member=Component C32 1206-X7R-50 B-0,01 לךװ+-10%
Added Member To Class: ClassName=Switches Member=Component DA2 TLV9152IDR
Added Member To Class: ClassName=Amplifier Member=Component DA6 ADG433BR
Added Member To Class: ClassName=Amplifier Member=Component DA8 AD8031BRZ
Added Member To Class: ClassName=Amplifier Member=Component DA10 ADG431BR
Added Member To Class: ClassName=Amplifier Member=Component DA12 TLV9151IDR
Added Member To Class: ClassName=Comparator Member=Component DA15 TLV1842
Added Member To Class: ClassName=PowerSupply Member=Component DA17 TPS7A4701
Added Member To Class: ClassName=PowerSupply Member=Component DA19 TPS7A3301
Added Member To Class: ClassName=Switches Member=Component R13 1206-470 ־ל+-5%
Added Member To Class: ClassName=Switches Member=Component R14 1206-470 ־ל+-5%
Added Member To Class: ClassName=Switches Member=Component R15 ׁ2-29ֲ-0,125-332 ך־ל+-0.1%-1,0-ְ
Add Class Member: Failed to add class member : Component S1 DRA282G
Add Class Member: Failed to add class member : Component S2 DRA282G
Add Class Member: Failed to add class member : Component X1 TR-1,25-4
Add Class Member: Failed to add class member : Component X2 TR-1,25-4
Add Class Member: Failed to add class member : Component X3 TR-1,25-4
