Removed Pin From Net: NetName=NetDA13_1 Pin=DA13-1
Removed Pin From Net: NetName=NetDA13_2 Pin=DA13-2
Removed Pin From Net: NetName=U0 Pin=DA13-3
Removed Pin From Net: NetName=-8V Pin=DA13-4
Removed Pin From Net: NetName=VREF_COMP Pin=DA13-7
Removed Pin From Net: NetName=+8V Pin=DA13-8
Removed Pin From Net: NetName=GNDV Pin=DA14-3
Change Component Designator: OldDesignator=DA14 NewDesignator=DA13
Added Component: Designator=DA14(SOT-23-5)
Add Pin To Net: Unknown Pin: Pin C1-1
Add Pin To Net: Unknown Pin: Pin C1-2
Add Pin To Net: Unknown Pin: Pin C2-1
Add Pin To Net: Unknown Pin: Pin C2-2
Add Pin To Net: Unknown Pin: Pin C3-1
Add Pin To Net: Unknown Pin: Pin C3-2
Added Pin To Net: NetName=NetDA13_1 Pin=DA13-1
Added Pin To Net: NetName=NetDA13_2 Pin=DA13-2
Added Pin To Net: NetName=U0 Pin=DA13-3
Added Pin To Net: NetName=VREF_COMP Pin=DA14-1
Added Pin To Net: NetName=-8V Pin=DA14-2
Added Pin To Net: NetName=+8V Pin=DA14-5
Add Pin To Net: Unknown Pin: Pin FV1-1
Add Pin To Net: Unknown Pin: Pin FV1-2
Add Pin To Net: Unknown Pin: Pin FV2-1
Add Pin To Net: Unknown Pin: Pin FV2-2
Add Pin To Net: Unknown Pin: Pin K8-1
Add Pin To Net: Unknown Pin: Pin K8-2
Add Pin To Net: Unknown Pin: Pin S1-1
Add Pin To Net: Unknown Pin: Pin S1-2
Add Pin To Net: Unknown Pin: Pin S2-1
Add Pin To Net: Unknown Pin: Pin S2-2
Add Pin To Net: Unknown Pin: Pin X1-1
Add Pin To Net: Unknown Pin: Pin X2-1
Add Pin To Net: Unknown Pin: Pin X3-1
Add Pin To Net: Unknown Pin: Pin XP1-1
Add Pin To Net: Unknown Pin: Pin XP1-2
Add Pin To Net: Unknown Pin: Pin XP1-3
Add Pin To Net: Unknown Pin: Pin XP1-4
Add Pin To Net: Unknown Pin: Pin XP1-5
Add Pin To Net: Unknown Pin: Pin XP1-6
Add Pin To Net: Unknown Pin: Pin XP1-7
Add Pin To Net: Unknown Pin: Pin XP1-8
Add Pin To Net: Unknown Pin: Pin XP1-9
Add Pin To Net: Unknown Pin: Pin XP1-10
Add Pin To Net: Unknown Pin: Pin XP1-11
Add Pin To Net: Unknown Pin: Pin XP1-12
Add Pin To Net: Unknown Pin: Pin XP1-13
Add Pin To Net: Unknown Pin: Pin XP1-14
Add Pin To Net: Unknown Pin: Pin XP1-15
Change Net Name : Old Net Name=NetDA14_6 New Net Name=NetDA13_6
Change Net Name : Old Net Name=NetDA14_7 New Net Name=NetDA13_7
Added Pin To Net: NetName=NetDA14_3 Pin=DA14-3
Added Pin To Net: NetName=NetDA14_3 Pin=R44-1
Added Pin To Net: NetName=NetDA14_3 Pin=R45-2
Added Net: Name=NetDA14_3
Added Pin To Net: NetName=NetDA14_4 Pin=DA14-4
Added Pin To Net: NetName=NetDA14_4 Pin=R46-1
Added Net: Name=NetDA14_4
Add Class Member: Failed to add class member : Component C1 К10-47Мб-500 В-3300 пФ+-10%
Add Class Member: Failed to add class member : Component C2 К10-47Мб-500 В-15 нФ +-10%
Add Class Member: Failed to add class member : Component C3 К10-47Мб-500 В-270 пФ +-10%
Add Class Member: Failed to add class member : Component FV1 газоразрядник
Add Class Member: Failed to add class member : Component FV2 газоразрядник
Add Class Member: Failed to add class member : Component S1 DRA282G
Add Class Member: Failed to add class member : Component S2 DRA282G
Add Class Member: Failed to add class member : Component X1 TR-1,25-4
Add Class Member: Failed to add class member : Component X2 TR-1,25-4
Add Class Member: Failed to add class member : Component X3 TR-1,25-4
Add Class Member: Failed to add class member : Component XP1 BH2-16
