Circuit: * D:\1-LTspise\BASE_MOSFET\Draft16.asc

Direct Newton iteration failed to find .op point.  (Use ".option noopiter" to skip.)
Starting Gmin stepping
Gmin = 10
Gmin = 1.07374
vernier = 0.5
vernier = 0.25
vernier = 0.125
vernier = 0.0625
Gmin = 1.12184
vernier = 0.03125
vernier = 0.015625
Gmin = 1.05835
vernier = 0.0208333
vernier = 0.0104167
Gmin = 1.03119
vernier = 0.00520833
vernier = 0.00694444
vernier = 0.00347222
Gmin = 1.02539
vernier = 0.00462963
vernier = 0.00231481
Gmin = 1.01977
vernier = 0.00308642
vernier = 0.00154321
vernier = 0.00205761
Gmin = 1.01572
vernier = 0.00102881
vernier = 0.00137174
Gmin = 1.01319
vernier = 0.00068587
Gmin = 1.01129
vernier = 0.000914493
vernier = 0.00121932
vernier = 0.000609662
Gmin = 1.00959
vernier = 0.000812882
vernier = 0.000406441
Gmin = 1.00862
vernier = 0.000541921
vernier = 0.000722562
vernier = 0.000541921
Gmin = 1.00752
vernier = 0.000406441
vernier = 0.000541921
vernier = 0.000406441
Gmin = 1.00694
vernier = 0.000541921
vernier = 0.000406441
Gmin = 0
Gmin stepping failed

Starting source stepping with srcstepmethod=0
Source Step = 3.0303%
Source Step = 33.3333%
Source Step = 63.6364%
Source Step = 93.9394%
Source stepping succeeded in finding the operating point.

Changing Tseed to 1e-012

Date: Thu Jul 30 12:25:29 2026
Total elapsed time: 1.530 seconds.

tnom = 27
temp = 27
method = trap
totiter = 21284
traniter = 12103
tranpoints = 6048
accept = 6038
rejected = 9
matrix size = 80
fillins = 109
solver = Normal
Matrix Compiler1: 10.12 KB object code size  2.6/1.2/[0.7]
Matrix Compiler2: 9.37 KB object code size  1.2/2.4/[0.7]

