LTspice 24.1.9 for Windows
Circuit: D:\Work\Emmiter, Photodiode\Draft2.net
Start Time: Wed Nov 19 11:33:48 2025
solver = Normal
Maximum thread count: 12
tnom = 27
temp = 27
method = trap
D:\Work\Emmiter, Photodiode\Draft2.net(7): Limiting rise time to 0.01.

V2 N002 0 PULSE(0 5 0 0 0 100m 300m 100)
^^^^^^^^^^^^^^^^^^^^^^^^^^^^^^^^^^^^^^^^
D:\Work\Emmiter, Photodiode\Draft2.net(7): Limiting fall time to 0.01.

V2 N002 0 PULSE(0 5 0 0 0 100m 300m 100)
^^^^^^^^^^^^^^^^^^^^^^^^^^^^^^^^^^^^^^^^
Direct Newton iteration for .op point succeeded.
Total elapsed time: 0.075 seconds.

Files loaded:
D:\Work\Emmiter, Photodiode\Draft2.net
C:\Users\User\AppData\Local\LTspice\lib\cmp\standard.dio
C:\Users\User\AppData\Local\LTspice\lib\cmp\standard.bjt

