Added Component: Designator=C1(CAP: 0805)
Add component (AddParameter): Name = "Value"; Value = "2,1 ÏÍ‘"; VariantName = "[No Variations]"
Added Component: Designator=C2(CAP: 0805)
Add component (AddParameter): Name = "Value"; Value = "2,1 ÏÍ‘"; VariantName = "[No Variations]"
Added Component: Designator=C3(CAP: 0805)
Add component (AddParameter): Name = "Value"; Value = "2,1 ÏÍ‘"; VariantName = "[No Variations]"
Added Component: Designator=C4(CAP: 1206)
Add component (AddParameter): Name = "Value"; Value = "56 Ô‘"; VariantName = "[No Variations]"
Added Component: Designator=C5(CAP: 1206)
Add component (AddParameter): Name = "Value"; Value = "56 Ô‘"; VariantName = "[No Variations]"
Added Component: Designator=C6(CAP: 1206)
Add component (AddParameter): Name = "Value"; Value = "56 Ô‘"; VariantName = "[No Variations]"
Added Component: Designator=C7(CAP: 0805)
Add component (AddParameter): Name = "Value"; Value = "2,1 ÏÍ‘"; VariantName = "[No Variations]"
Added Component: Designator=C8(CAP: 0805)
Add component (AddParameter): Name = "Value"; Value = "2,1 ÏÍ‘"; VariantName = "[No Variations]"
Added Component: Designator=C9(CAP: 1206)
Add component (AddParameter): Name = "Value"; Value = "56 Ô‘"; VariantName = "[No Variations]"
Added Component: Designator=C10(CAP: 1206)
Add component (AddParameter): Name = "Value"; Value = "56 Ô‘"; VariantName = "[No Variations]"
Added Component: Designator=DA1(8-MSOP)
Added Component: Designator=DA2(8-MSOP)
Added Component: Designator=DA3(8-MSOP)
Added Component: Designator=DA4(8-MSOP)
Added Component: Designator=DA5(8-MSOP)
Added Component: Designator=R1(1206)
Add component (AddParameter): Name = "ModelPrint"; Value = "1206"; VariantName = "[No Variations]"
Add component (AddParameter): Name = "Value"; Value = "5,23 ÍŒÏ"; VariantName = "[No Variations]"
Added Component: Designator=R2(1206)
Add component (AddParameter): Name = "ModelPrint"; Value = "1206"; VariantName = "[No Variations]"
Add component (AddParameter): Name = "Value"; Value = "5,23 ÍŒÏ"; VariantName = "[No Variations]"
Added Component: Designator=R3(1206)
Add component (AddParameter): Name = "ModelPrint"; Value = "1206"; VariantName = "[No Variations]"
Add component (AddParameter): Name = "Value"; Value = "5,23 ÍŒÏ"; VariantName = "[No Variations]"
Added Component: Designator=R4(1206)
Add component (AddParameter): Name = "ModelPrint"; Value = "1206"; VariantName = "[No Variations]"
Add component (AddParameter): Name = "Value"; Value = "140 ŒÏ"; VariantName = "[No Variations]"
Added Component: Designator=R5(1206)
Add component (AddParameter): Name = "ModelPrint"; Value = "1206"; VariantName = "[No Variations]"
Add component (AddParameter): Name = "Value"; Value = "140 ŒÏ"; VariantName = "[No Variations]"
Added Component: Designator=R6(1206)
Add component (AddParameter): Name = "ModelPrint"; Value = "1206"; VariantName = "[No Variations]"
Add component (AddParameter): Name = "Value"; Value = "140 ŒÏ"; VariantName = "[No Variations]"
Added Component: Designator=R7(1206)
Add component (AddParameter): Name = "ModelPrint"; Value = "1206"; VariantName = "[No Variations]"
Add component (AddParameter): Name = "Value"; Value = "102 ŒÏ"; VariantName = "[No Variations]"
Added Component: Designator=R8(1206)
Add component (AddParameter): Name = "ModelPrint"; Value = "1206"; VariantName = "[No Variations]"
Add component (AddParameter): Name = "Value"; Value = "102 ŒÏ"; VariantName = "[No Variations]"
Added Component: Designator=R9(1206)
Add component (AddParameter): Name = "ModelPrint"; Value = "1206"; VariantName = "[No Variations]"
Add component (AddParameter): Name = "Value"; Value = "102 ŒÏ"; VariantName = "[No Variations]"
Added Component: Designator=R10(1206)
Add component (AddParameter): Name = "ModelPrint"; Value = "1206"; VariantName = "[No Variations]"
Add component (AddParameter): Name = "Value"; Value = "215 ŒÏ"; VariantName = "[No Variations]"
Added Component: Designator=R11(1206)
Add component (AddParameter): Name = "ModelPrint"; Value = "1206"; VariantName = "[No Variations]"
Add component (AddParameter): Name = "Value"; Value = "215 ŒÏ"; VariantName = "[No Variations]"
Added Component: Designator=R12(1206)
Add component (AddParameter): Name = "ModelPrint"; Value = "1206"; VariantName = "[No Variations]"
Add component (AddParameter): Name = "Value"; Value = "215 ŒÏ"; VariantName = "[No Variations]"
Added Component: Designator=R13(1206)
Add component (AddParameter): Name = "ModelPrint"; Value = "1206"; VariantName = "[No Variations]"
Add component (AddParameter): Name = "Value"; Value = "5,23 ÍŒÏ"; VariantName = "[No Variations]"
Added Component: Designator=R14(1206)
Add component (AddParameter): Name = "ModelPrint"; Value = "1206"; VariantName = "[No Variations]"
Add component (AddParameter): Name = "Value"; Value = "5,23 ÍŒÏ"; VariantName = "[No Variations]"
Added Component: Designator=R15(1206)
Add component (AddParameter): Name = "ModelPrint"; Value = "1206"; VariantName = "[No Variations]"
Add component (AddParameter): Name = "Value"; Value = "140 ŒÏ"; VariantName = "[No Variations]"
Added Component: Designator=R16(1206)
Add component (AddParameter): Name = "ModelPrint"; Value = "1206"; VariantName = "[No Variations]"
Add component (AddParameter): Name = "Value"; Value = "140 ŒÏ"; VariantName = "[No Variations]"
Added Component: Designator=R17(1206)
Add component (AddParameter): Name = "ModelPrint"; Value = "1206"; VariantName = "[No Variations]"
Add component (AddParameter): Name = "Value"; Value = "30 ŒÏ"; VariantName = "[No Variations]"
Added Component: Designator=R18(1206)
Add component (AddParameter): Name = "ModelPrint"; Value = "1206"; VariantName = "[No Variations]"
Add component (AddParameter): Name = "Value"; Value = "102 ŒÏ"; VariantName = "[No Variations]"
Added Component: Designator=R19(1206)
Add component (AddParameter): Name = "ModelPrint"; Value = "1206"; VariantName = "[No Variations]"
Add component (AddParameter): Name = "Value"; Value = "102 ŒÏ"; VariantName = "[No Variations]"
Added Component: Designator=R20(1206)
Add component (AddParameter): Name = "ModelPrint"; Value = "1206"; VariantName = "[No Variations]"
Add component (AddParameter): Name = "Value"; Value = "215 ŒÏ"; VariantName = "[No Variations]"
Added Component: Designator=R21(1206)
Add component (AddParameter): Name = "ModelPrint"; Value = "1206"; VariantName = "[No Variations]"
Add component (AddParameter): Name = "Value"; Value = "215 ŒÏ"; VariantName = "[No Variations]"
Added Component: Designator=R22(1206)
Add component (AddParameter): Name = "ModelPrint"; Value = "1206"; VariantName = "[No Variations]"
Add component (AddParameter): Name = "Value"; Value = "30 ŒÏ"; VariantName = "[No Variations]"
Added Component: Designator=VD1(SFH203)
Added Component: Designator=VD2(SFH203)
Added Component: Designator=VD3(SFH203)
Added Component: Designator=VD4(SFH203)
Added Component: Designator=VD5(SFH203)
Added Component: Designator=VD6(VSMY2853G)
Added Component: Designator=VD7(VSMY2853G)
Added Component: Designator=VT1(SOT-23-3)
Added Component: Designator=VT2(SOT-23-3)
Added Component: Designator=XP?(DS1018-02-16B2)
Added Pin To Net: NetName=+5Vn Pin=R17-2
Added Pin To Net: NetName=+5Vn Pin=R22-2
Added Net: Name=+5Vn
Added Pin To Net: NetName=+5V Pin=DA1-8
Added Pin To Net: NetName=+5V Pin=DA2-8
Added Pin To Net: NetName=+5V Pin=DA3-8
Added Pin To Net: NetName=+5V Pin=DA4-8
Added Pin To Net: NetName=+5V Pin=DA5-8
Added Pin To Net: NetName=+5V Pin=XP?-5
Added Net: Name=+5V
Added Pin To Net: NetName=-5V Pin=DA1-4
Added Pin To Net: NetName=-5V Pin=DA2-4
Added Pin To Net: NetName=-5V Pin=DA3-4
Added Pin To Net: NetName=-5V Pin=DA4-4
Added Pin To Net: NetName=-5V Pin=DA5-4
Added Pin To Net: NetName=-5V Pin=XP?-1
Added Net: Name=-5V
Added Pin To Net: NetName=CLK_ADI Pin=DA4-7
Added Pin To Net: NetName=CLK_ADI Pin=R20-2
Added Pin To Net: NetName=CLK_ADI Pin=XP?-7
Added Net: Name=CLK_ADI
Added Pin To Net: NetName=CLK_RgI Pin=DA2-7
Added Pin To Net: NetName=CLK_RgI Pin=R11-2
Added Pin To Net: NetName=CLK_RgI Pin=XP?-3
Added Net: Name=CLK_RgI
Added Pin To Net: NetName=DAT_ADI Pin=VT2-1
Added Pin To Net: NetName=DAT_ADI Pin=XP?-6
Added Net: Name=DAT_ADI
Added Pin To Net: NetName=DAT_RgI Pin=DA1-7
Added Pin To Net: NetName=DAT_RgI Pin=R10-2
Added Pin To Net: NetName=DAT_RgI Pin=XP?-2
Added Net: Name=DAT_RgI
Added Pin To Net: NetName=ENb_RgI Pin=DA5-7
Added Pin To Net: NetName=ENb_RgI Pin=R21-2
Added Pin To Net: NetName=ENb_RgI Pin=XP?-4
Added Net: Name=ENb_RgI
Added Pin To Net: NetName=GND Pin=C4-1
Added Pin To Net: NetName=GND Pin=C5-1
Added Pin To Net: NetName=GND Pin=C6-1
Added Pin To Net: NetName=GND Pin=C9-1
Added Pin To Net: NetName=GND Pin=C10-1
Added Pin To Net: NetName=GND Pin=DA1-3
Added Pin To Net: NetName=GND Pin=DA2-3
Added Pin To Net: NetName=GND Pin=DA3-3
Added Pin To Net: NetName=GND Pin=DA4-3
Added Pin To Net: NetName=GND Pin=DA5-3
Added Pin To Net: NetName=GND Pin=R7-1
Added Pin To Net: NetName=GND Pin=R8-1
Added Pin To Net: NetName=GND Pin=R9-1
Added Pin To Net: NetName=GND Pin=R18-1
Added Pin To Net: NetName=GND Pin=R19-1
Added Pin To Net: NetName=GND Pin=VD1-1
Added Pin To Net: NetName=GND Pin=VD2-1
Added Pin To Net: NetName=GND Pin=VD3-1
Added Pin To Net: NetName=GND Pin=VD4-1
Added Pin To Net: NetName=GND Pin=VD5-1
Added Pin To Net: NetName=GND Pin=VT1-2
Added Pin To Net: NetName=GND Pin=VT2-2
Added Pin To Net: NetName=GND Pin=XP?-10
Added Net: Name=GND
Added Pin To Net: NetName=NetC1_1 Pin=C1-1
Added Pin To Net: NetName=NetC1_1 Pin=DA1-2
Added Pin To Net: NetName=NetC1_1 Pin=R1-1
Added Pin To Net: NetName=NetC1_1 Pin=VD1-2
Added Net: Name=NetC1_1
Added Pin To Net: NetName=NetC1_2 Pin=C1-2
Added Pin To Net: NetName=NetC1_2 Pin=DA1-1
Added Pin To Net: NetName=NetC1_2 Pin=R1-2
Added Pin To Net: NetName=NetC1_2 Pin=R4-1
Added Net: Name=NetC1_2
Added Pin To Net: NetName=NetC2_1 Pin=C2-1
Added Pin To Net: NetName=NetC2_1 Pin=DA2-2
Added Pin To Net: NetName=NetC2_1 Pin=R2-1
Added Pin To Net: NetName=NetC2_1 Pin=VD2-2
Added Net: Name=NetC2_1
Added Pin To Net: NetName=NetC2_2 Pin=C2-2
Added Pin To Net: NetName=NetC2_2 Pin=DA2-1
Added Pin To Net: NetName=NetC2_2 Pin=R2-2
Added Pin To Net: NetName=NetC2_2 Pin=R5-1
Added Net: Name=NetC2_2
Added Pin To Net: NetName=NetC3_1 Pin=C3-1
Added Pin To Net: NetName=NetC3_1 Pin=DA3-2
Added Pin To Net: NetName=NetC3_1 Pin=R3-1
Added Pin To Net: NetName=NetC3_1 Pin=VD3-2
Added Net: Name=NetC3_1
Added Pin To Net: NetName=NetC3_2 Pin=C3-2
Added Pin To Net: NetName=NetC3_2 Pin=DA3-1
Added Pin To Net: NetName=NetC3_2 Pin=R3-2
Added Pin To Net: NetName=NetC3_2 Pin=R6-1
Added Net: Name=NetC3_2
Added Pin To Net: NetName=NetC4_2 Pin=C4-2
Added Pin To Net: NetName=NetC4_2 Pin=DA1-5
Added Pin To Net: NetName=NetC4_2 Pin=R4-2
Added Net: Name=NetC4_2
Added Pin To Net: NetName=NetC5_2 Pin=C5-2
Added Pin To Net: NetName=NetC5_2 Pin=DA2-5
Added Pin To Net: NetName=NetC5_2 Pin=R5-2
Added Net: Name=NetC5_2
Added Pin To Net: NetName=NetC6_2 Pin=C6-2
Added Pin To Net: NetName=NetC6_2 Pin=DA3-5
Added Pin To Net: NetName=NetC6_2 Pin=R6-2
Added Net: Name=NetC6_2
Added Pin To Net: NetName=NetC7_1 Pin=C7-1
Added Pin To Net: NetName=NetC7_1 Pin=DA4-2
Added Pin To Net: NetName=NetC7_1 Pin=R13-1
Added Pin To Net: NetName=NetC7_1 Pin=VD4-2
Added Net: Name=NetC7_1
Added Pin To Net: NetName=NetC7_2 Pin=C7-2
Added Pin To Net: NetName=NetC7_2 Pin=DA4-1
Added Pin To Net: NetName=NetC7_2 Pin=R13-2
Added Pin To Net: NetName=NetC7_2 Pin=R15-1
Added Net: Name=NetC7_2
Added Pin To Net: NetName=NetC8_1 Pin=C8-1
Added Pin To Net: NetName=NetC8_1 Pin=DA5-2
Added Pin To Net: NetName=NetC8_1 Pin=R14-1
Added Pin To Net: NetName=NetC8_1 Pin=VD5-2
Added Net: Name=NetC8_1
Added Pin To Net: NetName=NetC8_2 Pin=C8-2
Added Pin To Net: NetName=NetC8_2 Pin=DA5-1
Added Pin To Net: NetName=NetC8_2 Pin=R14-2
Added Pin To Net: NetName=NetC8_2 Pin=R16-1
Added Net: Name=NetC8_2
Added Pin To Net: NetName=NetC9_2 Pin=C9-2
Added Pin To Net: NetName=NetC9_2 Pin=DA4-5
Added Pin To Net: NetName=NetC9_2 Pin=R15-2
Added Net: Name=NetC9_2
Added Pin To Net: NetName=NetC10_2 Pin=C10-2
Added Pin To Net: NetName=NetC10_2 Pin=DA5-5
Added Pin To Net: NetName=NetC10_2 Pin=R16-2
Added Net: Name=NetC10_2
Added Pin To Net: NetName=NetDA1_6 Pin=DA1-6
Added Pin To Net: NetName=NetDA1_6 Pin=DA1-6
Added Pin To Net: NetName=NetDA1_6 Pin=R7-2
Added Pin To Net: NetName=NetDA1_6 Pin=R10-1
Added Net: Name=NetDA1_6
Added Pin To Net: NetName=NetDA2_6 Pin=DA2-6
Added Pin To Net: NetName=NetDA2_6 Pin=DA2-6
Added Pin To Net: NetName=NetDA2_6 Pin=R8-2
Added Pin To Net: NetName=NetDA2_6 Pin=R11-1
Added Net: Name=NetDA2_6
Added Pin To Net: NetName=NetDA3_6 Pin=DA3-6
Added Pin To Net: NetName=NetDA3_6 Pin=DA3-6
Added Pin To Net: NetName=NetDA3_6 Pin=R9-2
Added Pin To Net: NetName=NetDA3_6 Pin=R12-1
Added Net: Name=NetDA3_6
Added Pin To Net: NetName=NetDA4_6 Pin=DA4-6
Added Pin To Net: NetName=NetDA4_6 Pin=DA4-6
Added Pin To Net: NetName=NetDA4_6 Pin=R18-2
Added Pin To Net: NetName=NetDA4_6 Pin=R20-1
Added Net: Name=NetDA4_6
Added Pin To Net: NetName=NetDA5_6 Pin=DA5-6
Added Pin To Net: NetName=NetDA5_6 Pin=DA5-6
Added Pin To Net: NetName=NetDA5_6 Pin=R19-2
Added Pin To Net: NetName=NetDA5_6 Pin=R21-1
Added Net: Name=NetDA5_6
Added Pin To Net: NetName=NetR17_1 Pin=R17-1
Added Pin To Net: NetName=NetR17_1 Pin=VD6-1
Added Net: Name=NetR17_1
Added Pin To Net: NetName=NetR22_1 Pin=R22-1
Added Pin To Net: NetName=NetR22_1 Pin=VD7-1
Added Net: Name=NetR22_1
Added Pin To Net: NetName=NetVD6_2 Pin=VD6-2
Added Pin To Net: NetName=NetVD6_2 Pin=VT1-3
Added Net: Name=NetVD6_2
Added Pin To Net: NetName=NetVD7_2 Pin=VD7-2
Added Pin To Net: NetName=NetVD7_2 Pin=VT2-3
Added Net: Name=NetVD7_2
Added Pin To Net: NetName=OVLI,1 Pin=VT1-1
Added Pin To Net: NetName=OVLI,1 Pin=XP?-9
Added Net: Name=OVLI,1
Added Pin To Net: NetName=RUN_ADI Pin=DA3-7
Added Pin To Net: NetName=RUN_ADI Pin=R12-2
Added Pin To Net: NetName=RUN_ADI Pin=XP?-8
Added Net: Name=RUN_ADI
Added Class: Name=Isolated Interface
Added Rule: Name=Schematic Supply Nets
Added Rule: Name=Schematic Supply Nets_1
Added Rule: Name=Schematic Supply Nets_2
Added Rule: Name=Schematic Supply Nets_3
